PASS: nested-comment-aware conservative scan
Aiyagari1994.lean
Aiyagari1994/Analysis/ConcaveReal.lean
Aiyagari1994/Analysis/ParametricMax.lean
Aiyagari1994/Budget/EffectiveLimit.lean
Aiyagari1994/Budget/Normalization.lean
Aiyagari1994/Household/Bellman.lean
Aiyagari1994/Household/History.lean
Aiyagari1994/Household/Policy.lean
Aiyagari1994/Household/PolicyOrder.lean
Aiyagari1994/Household/RightMarginal.lean
Aiyagari1994/Household/Value.lean
Aiyagari1994/Household/Verification.lean
Aiyagari1994/Primitives/Basic.lean
Aiyagari1994/Primitives/Examples.lean
Aiyagari1994/Primitives/IncomeExample.lean
Aiyagari1994/Primitives/UtilityExample.lean
All.lean
Audit.lean
Probes/ApiSignatures.lean
Probes/Core.lean
Probes/M01Signatures.lean
Probes/M02ASignatures.lean
Probes/M02BSignatures.lean
Probes/M03ASignatures.lean
