\BOOKMARK [1][-]{section.2}{\376\377\000H\000o\000w\000\040\000t\000o\000\040\000r\000e\000a\000d\000\040\000t\000h\000i\000s\000\040\000a\000u\000d\000i\000t}{}% 1
\BOOKMARK [2][-]{subsection.3}{\376\377\000S\000o\000u\000r\000c\000e\000\040\000f\000i\000l\000e\000s}{section.2}% 2
\BOOKMARK [1][-]{section.5}{\376\377\000P\000r\000i\000m\000i\000t\000i\000v\000e\000s\000\040\000a\000n\000d\000\040\000m\000a\000i\000n\000t\000a\000i\000n\000e\000d\000\040\000a\000s\000s\000u\000m\000p\000t\000i\000o\000n\000s}{}% 3
\BOOKMARK [1][-]{section.7}{\376\377\000B\000a\000s\000i\000c\000\040\000m\000a\000t\000h\000e\000m\000a\000t\000i\000c\000a\000l\000\040\000d\000e\000f\000i\000n\000i\000t\000i\000o\000n\000s}{}% 4
\BOOKMARK [2][-]{subsection.8}{\376\377\000D\000i\000s\000t\000r\000i\000b\000u\000t\000i\000o\000n\000,\000\040\000m\000a\000t\000c\000h\000i\000n\000g\000,\000\040\000a\000n\000d\000\040\000p\000r\000o\000d\000u\000c\000t\000i\000v\000i\000t\000y}{section.7}% 5
\BOOKMARK [2][-]{subsection.9}{\376\377\000C\000o\000n\000t\000i\000n\000u\000a\000t\000i\000o\000n\000\040\000v\000a\000l\000u\000e\000s\000\040\000a\000n\000d\000\040\000s\000e\000p\000a\000r\000a\000t\000i\000o\000n\000s}{section.7}% 6
\BOOKMARK [2][-]{subsection.10}{\376\377\000C\000l\000o\000s\000e\000d\000-\000f\000o\000r\000m\000\040\000c\000u\000t\000o\000f\000f\000\040\000s\000u\000r\000p\000l\000u\000s}{section.7}% 7
\BOOKMARK [1][-]{section.11}{\376\377\000S\000t\000a\000t\000i\000o\000n\000a\000r\000y\000\040\000v\000a\000l\000u\000e\000\040\000e\000q\000u\000a\000t\000i\000o\000n\000s}{}% 8
\BOOKMARK [1][-]{section.28}{\376\377\000R\000e\000d\000u\000c\000e\000d\000\040\000s\000t\000a\000t\000i\000o\000n\000a\000r\000y\000\040\000e\000q\000u\000i\000l\000i\000b\000r\000i\000u\000m}{}% 9
\BOOKMARK [1][-]{section.41}{\376\377\000A\000n\000t\000i\000c\000i\000p\000a\000t\000e\000d\000\040\000a\000g\000g\000r\000e\000g\000a\000t\000e\000\040\000s\000t\000a\000t\000e\000s\000\040\000a\000n\000d\000\040\000M\000a\000r\000k\000o\000v\000\040\000e\000q\000u\000a\000t\000i\000o\000n\000s}{}% 10
\BOOKMARK [2][-]{subsection.50}{\376\377\000T\000w\000o\000-\000s\000t\000a\000t\000e\000\040\000s\000t\000r\000u\000c\000t\000u\000r\000e\000\040\000f\000i\000e\000l\000d\000s}{section.41}% 11
\BOOKMARK [2][-]{subsection.51}{\376\377\000G\000e\000n\000e\000r\000a\000l\000\040\000f\000i\000n\000i\000t\000e\000-\000s\000t\000a\000t\000e\000\040\000v\000a\000l\000u\000e\000\040\000e\000q\000u\000i\000l\000i\000b\000r\000i\000u\000m}{section.41}% 12
\BOOKMARK [1][-]{section.58}{\376\377\000S\000i\000m\000u\000l\000a\000t\000i\000o\000n\000\040\000a\000n\000d\000\040\000a\000c\000c\000o\000u\000n\000t\000i\000n\000g\000\040\000d\000e\000f\000i\000n\000i\000t\000i\000o\000n\000s}{}% 13
\BOOKMARK [1][-]{section.65}{\376\377\000K\000e\000r\000n\000e\000l\000-\000c\000h\000e\000c\000k\000e\000d\000\040\000t\000h\000e\000o\000r\000e\000m\000\040\000c\000a\000t\000a\000l\000o\000g\000u\000e}{}% 14
\BOOKMARK [2][-]{subsection.66}{\376\377\000V\000a\000l\000u\000e\000\040\000e\000q\000u\000a\000t\000i\000o\000n\000s\000\040\000a\000n\000d\000\040\000c\000u\000t\000o\000f\000f\000\040\000a\000l\000g\000e\000b\000r\000a}{section.65}% 15
\BOOKMARK [2][-]{subsection.68}{\376\377\000M\000a\000t\000c\000h\000i\000n\000g\000,\000\040\000j\000o\000b\000\040\000c\000r\000e\000a\000t\000i\000o\000n\000,\000\040\000a\000n\000d\000\040\000d\000e\000s\000t\000r\000u\000c\000t\000i\000o\000n}{section.65}% 16
\BOOKMARK [2][-]{subsection.70}{\376\377\000F\000l\000o\000w\000s\000\040\000a\000n\000d\000\040\000s\000t\000a\000t\000i\000o\000n\000a\000r\000y\000\040\000a\000c\000c\000o\000u\000n\000t\000i\000n\000g}{section.65}% 17
\BOOKMARK [2][-]{subsection.72}{\376\377\000Q\000u\000a\000l\000i\000t\000a\000t\000i\000v\000e\000\040\000c\000o\000-\000m\000o\000v\000e\000m\000e\000n\000t\000\040\000a\000n\000d\000\040\000p\000e\000r\000i\000o\000d\000\040\000a\000c\000c\000o\000u\000n\000t\000i\000n\000g}{section.65}% 18
\BOOKMARK [1][-]{section.74}{\376\377\000W\000h\000a\000t\000\040\000i\000s\000\040\000p\000r\000o\000v\000e\000d\000,\000\040\000a\000s\000s\000u\000m\000e\000d\000,\000\040\000o\000r\000\040\000o\000n\000l\000y\000\040\000r\000e\000p\000r\000e\000s\000e\000n\000t\000e\000d}{}% 19
\BOOKMARK [1][-]{section.76}{\376\377\000V\000e\000r\000i\000f\000i\000c\000a\000t\000i\000o\000n\000\040\000l\000e\000d\000g\000e\000r}{}% 20
\BOOKMARK [2][-]{subsection.77}{\376\377\000N\000o\000-\000s\000o\000r\000r\000y\000\040\000a\000u\000d\000i\000t}{section.76}% 21
\BOOKMARK [2][-]{subsection.78}{\376\377\000R\000e\000p\000r\000o\000d\000u\000c\000t\000i\000o\000n\000\040\000c\000o\000m\000m\000a\000n\000d\000s}{section.76}% 22
\BOOKMARK [2][-]{subsection.79}{\376\377\000M\000a\000n\000u\000a\000l\000\040\000c\000o\000m\000p\000a\000r\000i\000s\000o\000n\000\040\000c\000h\000e\000c\000k\000l\000i\000s\000t}{section.76}% 23
\BOOKMARK [1][-]{section*.85}{\376\377\000R\000e\000f\000e\000r\000e\000n\000c\000e}{}% 24
