Aiyagari1994.Probes.State : Type
'Aiyagari1994.Probes.State' depends on axioms: [propext, Classical.choice, Quot.sound]
Aiyagari1994.Probes.ValueSpace : Type
'Aiyagari1994.Probes.ValueSpace' depends on axioms: [propext, Classical.choice, Quot.sound]
Aiyagari1994.Probes.CompactInterval : Set ℝ
'Aiyagari1994.Probes.CompactInterval' depends on axioms: [propext, Classical.choice, Quot.sound]
Aiyagari1994.Probes.value_complete : CompleteSpace Aiyagari1994.Probes.ValueSpace
'Aiyagari1994.Probes.value_complete' depends on axioms: [propext, Classical.choice, Quot.sound]
Aiyagari1994.Probes.sup_distance (f g : Aiyagari1994.Probes.ValueSpace) (z : Aiyagari1994.Probes.State) :
  dist (f z) (g z) ≤ dist f g
'Aiyagari1994.Probes.sup_distance' depends on axioms: [propext, Classical.choice, Quot.sound]
Aiyagari1994.Probes.state_complete : CompleteSpace Aiyagari1994.Probes.State
'Aiyagari1994.Probes.state_complete' depends on axioms: [propext, Classical.choice, Quot.sound]
Aiyagari1994.Probes.state_separable : TopologicalSpace.SeparableSpace Aiyagari1994.Probes.State
'Aiyagari1994.Probes.state_separable' depends on axioms: [propext, Classical.choice, Quot.sound]
Aiyagari1994.Probes.state_borel : BorelSpace Aiyagari1994.Probes.State
'Aiyagari1994.Probes.state_borel' depends on axioms: [propext, Classical.choice, Quot.sound]
Aiyagari1994.Probes.state_measurable_id : Measurable id
'Aiyagari1994.Probes.state_measurable_id' depends on axioms: [propext, Classical.choice, Quot.sound]
Aiyagari1994.Probes.banach_on_values (T : Aiyagari1994.Probes.ValueSpace → Aiyagari1994.Probes.ValueSpace) (K : NNReal)
  (hT : ContractingWith K T) : ∃! v : Aiyagari1994.Probes.ValueSpace, T v = v
'Aiyagari1994.Probes.banach_on_values' depends on axioms: [propext, Classical.choice, Quot.sound]
Aiyagari1994.Probes.zero_contraction : ContractingWith 0 fun (x : Aiyagari1994.Probes.ValueSpace) => 0
'Aiyagari1994.Probes.zero_contraction' depends on axioms: [propext, Classical.choice, Quot.sound]
Aiyagari1994.Probes.zero_fixed_point :
  ContractingWith.fixedPoint (fun (x : Aiyagari1994.Probes.ValueSpace) => 0) Aiyagari1994.Probes.zero_contraction = 0
'Aiyagari1994.Probes.zero_fixed_point' depends on axioms: [propext, Classical.choice, Quot.sound]
Aiyagari1994.Probes.bounded_test_integrable (μ : MeasureTheory.ProbabilityMeasure Aiyagari1994.Probes.State)
  (f : Aiyagari1994.Probes.ValueSpace) : MeasureTheory.Integrable ⇑f ↑μ
'Aiyagari1994.Probes.bounded_test_integrable' depends on axioms: [propext, Classical.choice, Quot.sound]
Aiyagari1994.Probes.pushforward_test (μ : MeasureTheory.ProbabilityMeasure Aiyagari1994.Probes.State)
  (g : Aiyagari1994.Probes.State → Aiyagari1994.Probes.State) (hg : Measurable g) (f : Aiyagari1994.Probes.ValueSpace) :
  MeasureTheory.Integrable ⇑f ↑(μ.map ⋯) ∧
    MeasureTheory.Integrable (fun (x : Aiyagari1994.Probes.State) => f (g x)) ↑μ ∧
      ∫ (y : Aiyagari1994.Probes.State), f y ∂↑(μ.map ⋯) = ∫ (x : Aiyagari1994.Probes.State), f (g x) ∂↑μ
'Aiyagari1994.Probes.pushforward_test' depends on axioms: [propext, Classical.choice, Quot.sound]
Aiyagari1994.Probes.kernel_composition
  (κ η : ProbabilityTheory.Kernel Aiyagari1994.Probes.State Aiyagari1994.Probes.State)
  [ProbabilityTheory.IsMarkovKernel κ] [ProbabilityTheory.IsMarkovKernel η] :
  ProbabilityTheory.IsMarkovKernel (η.comp κ)
'Aiyagari1994.Probes.kernel_composition' depends on axioms: [propext, Classical.choice, Quot.sound]
Aiyagari1994.Probes.kernel_identity (κ : ProbabilityTheory.Kernel Aiyagari1994.Probes.State Aiyagari1994.Probes.State) :
  κ.comp ProbabilityTheory.Kernel.id = κ
'Aiyagari1994.Probes.kernel_identity' depends on axioms: [propext, Classical.choice, Quot.sound]
Aiyagari1994.Probes.kernel_transport (μ : MeasureTheory.ProbabilityMeasure Aiyagari1994.Probes.State)
  (g : Aiyagari1994.Probes.State → Aiyagari1994.Probes.State) (hg : Measurable g) :
  (↑μ).bind ⇑(ProbabilityTheory.Kernel.deterministic g hg) = ↑(μ.map ⋯)
'Aiyagari1994.Probes.kernel_transport' depends on axioms: [propext, Classical.choice, Quot.sound]
Aiyagari1994.Probes.deterministic_markov (g : Aiyagari1994.Probes.State → Aiyagari1994.Probes.State)
  (hg : Measurable g) : ProbabilityTheory.IsMarkovKernel (ProbabilityTheory.Kernel.deterministic g hg)
'Aiyagari1994.Probes.deterministic_markov' depends on axioms: [propext, Classical.choice, Quot.sound]
Aiyagari1994.Probes.transport_mass (κ : ProbabilityTheory.Kernel Aiyagari1994.Probes.State Aiyagari1994.Probes.State)
  [ProbabilityTheory.IsMarkovKernel κ] (μ : MeasureTheory.ProbabilityMeasure Aiyagari1994.Probes.State) :
  ((↑μ).bind ⇑κ) Set.univ = 1
'Aiyagari1994.Probes.transport_mass' depends on axioms: [propext, Classical.choice, Quot.sound]
Aiyagari1994.Probes.weak_test_convergence (μs : ℕ → MeasureTheory.ProbabilityMeasure Aiyagari1994.Probes.State)
  (μ : MeasureTheory.ProbabilityMeasure Aiyagari1994.Probes.State) (h : Filter.Tendsto μs Filter.atTop (nhds μ))
  (f : Aiyagari1994.Probes.ValueSpace) :
  Filter.Tendsto (fun (n : ℕ) => ∫ (x : Aiyagari1994.Probes.State), f x ∂↑(μs n)) Filter.atTop
    (nhds (∫ (x : Aiyagari1994.Probes.State), f x ∂↑μ))
'Aiyagari1994.Probes.weak_test_convergence' depends on axioms: [propext, Classical.choice, Quot.sound]
Aiyagari1994.Probes.compact_interval_laws :
  CompactSpace (MeasureTheory.ProbabilityMeasure ↑Aiyagari1994.Probes.CompactInterval)
'Aiyagari1994.Probes.compact_interval_laws' depends on axioms: [propext, Classical.choice, Quot.sound]
Aiyagari1994.Probes.individual_law_tight (μ : MeasureTheory.ProbabilityMeasure Aiyagari1994.Probes.State) :
  MeasureTheory.IsTightMeasureSet {↑μ}
'Aiyagari1994.Probes.individual_law_tight' depends on axioms: [propext, Classical.choice, Quot.sound]
Aiyagari1994.Probes.tight_family_compact (S : Set (MeasureTheory.ProbabilityMeasure Aiyagari1994.Probes.State))
  (hS : MeasureTheory.IsTightMeasureSet {x : MeasureTheory.Measure Aiyagari1994.Probes.State | ∃ μ ∈ S, ↑μ = x}) :
  IsCompact (closure S)
'Aiyagari1994.Probes.tight_family_compact' depends on axioms: [propext, Classical.choice, Quot.sound]
Aiyagari1994.Probes.extended_zero_value : ∃ (q : Aiyagari1994.Probes.State → ENNReal), q 0 = ⊤
'Aiyagari1994.Probes.extended_zero_value' depends on axioms: [propext, Classical.choice, Quot.sound]
Aiyagari1994.effectiveLimit (b lo w r : ℝ) : ℝ
'Aiyagari1994.effectiveLimit' depends on axioms: [propext, Classical.choice, Quot.sound]
Aiyagari1994.naturalLimit (lo w r : ℝ) : ℝ
'Aiyagari1994.naturalLimit' depends on axioms: [propext, Classical.choice, Quot.sound]
Aiyagari1994.effectiveLimit_nonneg {b lo w r : ℝ} (hb : 0 ≤ b) (hl : 0 < lo) (hw : 0 < w) :
  0 ≤ Aiyagari1994.effectiveLimit b lo w r
'Aiyagari1994.effectiveLimit_nonneg' depends on axioms: [propext, Classical.choice, Quot.sound]
Aiyagari1994.effectiveLimit_income_nonneg {b lo w r l : ℝ} (hb : 0 ≤ b) (hl : 0 < lo) (hw : 0 < w) (hll : lo ≤ l) :
  0 ≤ w * l - r * Aiyagari1994.effectiveLimit b lo w r
'Aiyagari1994.effectiveLimit_income_nonneg' depends on axioms: [propext, Classical.choice, Quot.sound]
Aiyagari1994.effectiveLimit_eq_max {b lo w r : ℝ} (hb : 0 ≤ b) (hl : 0 < lo) (hw : 0 < w) :
  Aiyagari1994.effectiveLimit b lo w r = b * (w * lo) / max (w * lo) (b * r)
'Aiyagari1994.effectiveLimit_eq_max' depends on axioms: [propext, Classical.choice, Quot.sound]
Aiyagari1994.effectiveLimit_continuous {b lo : ℝ} (hb : 0 ≤ b) (hl : 0 < lo) :
  ContinuousOn (fun (p : ℝ × ℝ) => Aiyagari1994.effectiveLimit b lo p.1 p.2) {p : ℝ × ℝ | 0 < p.1 ∧ -1 < p.2}
'Aiyagari1994.effectiveLimit_continuous' depends on axioms: [propext, Classical.choice, Quot.sound]
Aiyagari1994.effectiveLimit_zero_neighborhood {b lo w : ℝ} (hl : 0 < lo) (hw : 0 < w) :
  ∀ᶠ (p : ℝ × ℝ) in nhds (w, 0), (0 < p.2 → b ≤ p.1 * lo / p.2) ∧ Aiyagari1994.effectiveLimit b lo p.1 p.2 = b
'Aiyagari1994.effectiveLimit_zero_neighborhood' depends on axioms: [propext, Classical.choice, Quot.sound]
Aiyagari1994.naturalLimit_nonneg {lo w r : ℝ} (hl : 0 < lo) (hw : 0 < w) (hr : 0 < r) :
  0 ≤ Aiyagari1994.naturalLimit lo w r
'Aiyagari1994.naturalLimit_nonneg' depends on axioms: [propext, Classical.choice, Quot.sound]
Aiyagari1994.naturalLimit_intercept {lo w r : ℝ} (hr : 0 < r) : -r * Aiyagari1994.naturalLimit lo w r = -w * lo
'Aiyagari1994.naturalLimit_intercept' depends on axioms: [propext, Classical.choice, Quot.sound]
Aiyagari1994.naturalLimit_income {lo w r l : ℝ} (hr : 0 < r) :
  w * l - r * Aiyagari1994.naturalLimit lo w r = w * (l - lo)
'Aiyagari1994.naturalLimit_income' depends on axioms: [propext, Classical.choice, Quot.sound]
Aiyagari1994.naturalLimit_income_nonneg {lo w r l : ℝ} (hw : 0 < w) (hr : 0 < r) (hll : lo ≤ l) :
  0 ≤ w * l - r * Aiyagari1994.naturalLimit lo w r
'Aiyagari1994.naturalLimit_income_nonneg' depends on axioms: [propext, Classical.choice, Quot.sound]
Aiyagari1994.naturalLimit_continuous (lo : ℝ) :
  ContinuousOn (fun (p : ℝ × ℝ) => Aiyagari1994.naturalLimit lo p.1 p.2) {p : ℝ × ℝ | 0 < p.1 ∧ 0 < p.2}
'Aiyagari1994.naturalLimit_continuous' depends on axioms: [propext, Classical.choice, Quot.sound]
Aiyagari1994.finiteCapPrices (i : Aiyagari1994.IncomeData) (hi : Aiyagari1994.IncomeSupport i) (b w r : ℝ) (hb : 0 ≤ b)
  (hw : 0 < w) (hr : -1 < r) : Aiyagari1994.OriginalPrices i
'Aiyagari1994.finiteCapPrices' depends on axioms: [propext, Classical.choice, Quot.sound]
Aiyagari1994.naturalCapPrices (i : Aiyagari1994.IncomeData) (hi : Aiyagari1994.IncomeSupport i) (w r : ℝ) (hw : 0 < w)
  (hr : 0 < r) : Aiyagari1994.OriginalPrices i
'Aiyagari1994.naturalCapPrices' depends on axioms: [propext, Classical.choice, Quot.sound]
Aiyagari1994.generated_resources_admissible {i : Aiyagari1994.IncomeData} (p : Aiyagari1994.NormalizedPrices i)
  (a : Aiyagari1994.Resources) (l : ↑i.Labor) : 0 ≤ p.grossReturn * ↑a + p.effectiveIncome l
'Aiyagari1994.generated_resources_admissible' depends on axioms: [propext, Classical.choice, Quot.sound]
Aiyagari1994.effectiveLimit_admissible_continuous (b lo : ℝ) (hb : 0 ≤ b) (hl : 0 < lo) :
  (∀ (w r : ℝ), 0 < w → 0 ≤ Aiyagari1994.effectiveLimit b lo w r) ∧
    (∀ (w r l : ℝ), 0 < w → lo ≤ l → 0 ≤ w * l - r * Aiyagari1994.effectiveLimit b lo w r) ∧
      ContinuousOn (fun (p : ℝ × ℝ) => Aiyagari1994.effectiveLimit b lo p.1 p.2) {p : ℝ × ℝ | 0 < p.1 ∧ -1 < p.2} ∧
        (∀ (w : ℝ),
            0 < w →
              ∀ᶠ (p : ℝ × ℝ) in nhds (w, 0),
                (0 < p.2 → b ≤ p.1 * lo / p.2) ∧ Aiyagari1994.effectiveLimit b lo p.1 p.2 = b) ∧
          (∀ (w r : ℝ),
              0 < w →
                0 < r →
                  0 ≤ Aiyagari1994.naturalLimit lo w r ∧
                    -r * Aiyagari1994.naturalLimit lo w r = -w * lo ∧
                      ∀ (l : ℝ),
                        lo ≤ l →
                          w * l - r * Aiyagari1994.naturalLimit lo w r = w * (l - lo) ∧
                            0 ≤ w * l - r * Aiyagari1994.naturalLimit lo w r) ∧
            ContinuousOn (fun (p : ℝ × ℝ) => Aiyagari1994.naturalLimit lo p.1 p.2) {p : ℝ × ℝ | 0 < p.1 ∧ 0 < p.2}
'Aiyagari1994.effectiveLimit_admissible_continuous' depends on axioms: [propext, Classical.choice, Quot.sound]
Aiyagari1994.shifted_budget_equality_iff (r w l phi a a_next c : ℝ) :
  c + a_next = (1 + r) * a + w * l ↔ c + (a_next + phi) = (1 + r) * (a + phi) + w * l - r * phi
'Aiyagari1994.shifted_budget_equality_iff' depends on axioms: [propext, Classical.choice, Quot.sound]
Aiyagari1994.shifted_borrowing_iff (phi a_next : ℝ) : -phi ≤ a_next ↔ 0 ≤ a_next + phi
'Aiyagari1994.shifted_borrowing_iff' depends on axioms: [propext, Classical.choice, Quot.sound]
Aiyagari1994.shifted_budget_iff (r w l phi a a_next c : ℝ) :
  c + a_next = (1 + r) * a + w * l ∧ -phi ≤ a_next ↔
    c + (a_next + phi) = (1 + r) * (a + phi) + w * l - r * phi ∧ 0 ≤ a_next + phi
'Aiyagari1994.shifted_budget_iff' depends on axioms: [propext, Classical.choice, Quot.sound]
Aiyagari1994.next_resource_identity (r w phi a_next l_next : ℝ) :
  w * l_next + (1 + r) * (a_next + phi) - r * phi = (1 + r) * (a_next + phi) + (w * l_next + -r * phi)
'Aiyagari1994.next_resource_identity' depends on axioms: [propext, Classical.choice, Quot.sound]
Aiyagari1994.original_normalized_coordinates {i : Aiyagari1994.IncomeData} (p : Aiyagari1994.OriginalPrices i) :
  p.normalized.grossReturn = 1 + p.netRate ∧ p.normalized.intercept = -p.netRate * p.debtLimit
'Aiyagari1994.original_normalized_coordinates' depends on axioms: [propext, Classical.choice, Quot.sound]
Aiyagari1994.Resources : Type
'Aiyagari1994.Resources' depends on axioms: [propext, Classical.choice, Quot.sound]
Aiyagari1994.UtilityData : Type
'Aiyagari1994.UtilityData' depends on axioms: [propext, Classical.choice, Quot.sound]
Aiyagari1994.UtilityBase (u : Aiyagari1994.UtilityData) : Prop
'Aiyagari1994.UtilityBase' depends on axioms: [propext, Classical.choice, Quot.sound]
Aiyagari1994.UtilitySmooth (u : Aiyagari1994.UtilityData) : Prop
'Aiyagari1994.UtilitySmooth' depends on axioms: [propext, Classical.choice, Quot.sound]
Aiyagari1994.UtilityCurvature (u : Aiyagari1994.UtilityData) : Prop
'Aiyagari1994.UtilityCurvature' depends on axioms: [propext, Classical.choice, Quot.sound]
Aiyagari1994.Labor (lo hi : ℝ) : Set ℝ
'Aiyagari1994.Labor' depends on axioms: [propext, Classical.choice, Quot.sound]
Aiyagari1994.IncomeData : Type
'Aiyagari1994.IncomeData' depends on axioms: [propext, Classical.choice, Quot.sound]
Aiyagari1994.IncomeData.Labor (i : Aiyagari1994.IncomeData) : Set ℝ
'Aiyagari1994.IncomeData.Labor' depends on axioms: [propext, Classical.choice, Quot.sound]
Aiyagari1994.IncomeSupport (i : Aiyagari1994.IncomeData) : Prop
'Aiyagari1994.IncomeSupport' depends on axioms: [propext, Classical.choice, Quot.sound]
Aiyagari1994.IncomeNondegenerate (i : Aiyagari1994.IncomeData) : Prop
'Aiyagari1994.IncomeNondegenerate' depends on axioms: [propext, Classical.choice, Quot.sound]
Aiyagari1994.labor_integrable (i : Aiyagari1994.IncomeData) : MeasureTheory.Integrable (fun (l : ↑i.Labor) => ↑l) ↑i.law
'Aiyagari1994.labor_integrable' depends on axioms: [propext, Classical.choice, Quot.sound]
Aiyagari1994.LaborMeanOne (i : Aiyagari1994.IncomeData) : Prop
'Aiyagari1994.LaborMeanOne' depends on axioms: [propext, Classical.choice, Quot.sound]
Aiyagari1994.historyLaw (i : Aiyagari1994.IncomeData) (n : ℕ) : MeasureTheory.Measure (Fin n → ↑i.Labor)
'Aiyagari1994.historyLaw' depends on axioms: [propext, Classical.choice, Quot.sound]
Aiyagari1994.history_probability (i : Aiyagari1994.IncomeData) (n : ℕ) :
  MeasureTheory.IsProbabilityMeasure (Aiyagari1994.historyLaw i n)
'Aiyagari1994.history_probability' depends on axioms: [propext, Classical.choice, Quot.sound]
Aiyagari1994.history_marginal (i : Aiyagari1994.IncomeData) (n : ℕ) (j : Fin n) :
  MeasureTheory.Measure.map (Function.eval j) (Aiyagari1994.historyLaw i n) = ↑i.law
'Aiyagari1994.history_marginal' depends on axioms: [propext, Classical.choice, Quot.sound]
Aiyagari1994.history_independent (i : Aiyagari1994.IncomeData) (n : ℕ) :
  ProbabilityTheory.iIndepFun (fun (j : Fin n) (h : Fin n → ↑i.Labor) => h j) (Aiyagari1994.historyLaw i n)
'Aiyagari1994.history_independent' depends on axioms: [propext, Classical.choice, Quot.sound]
Aiyagari1994.history_step (i : Aiyagari1994.IncomeData) (n : ℕ) :
  MeasureTheory.MeasurePreserving (⇑(MeasurableEquiv.piFinSuccAbove (fun (x : Fin (n + 1)) => ↑i.Labor) 0))
    (Aiyagari1994.historyLaw i (n + 1)) ((↑i.law).prod (Aiyagari1994.historyLaw i n))
'Aiyagari1994.history_step' depends on axioms: [propext, Classical.choice, Quot.sound]
Aiyagari1994.NormalizedPrices (i : Aiyagari1994.IncomeData) : Type
'Aiyagari1994.NormalizedPrices' depends on axioms: [propext, Classical.choice, Quot.sound]
Aiyagari1994.OriginalPrices (i : Aiyagari1994.IncomeData) : Type
'Aiyagari1994.OriginalPrices' depends on axioms: [propext, Classical.choice, Quot.sound]
Aiyagari1994.OriginalPrices.normalized {i : Aiyagari1994.IncomeData} (p : Aiyagari1994.OriginalPrices i) :
  Aiyagari1994.NormalizedPrices i
'Aiyagari1994.OriginalPrices.normalized' depends on axioms: [propext, Classical.choice, Quot.sound]
Aiyagari1994.NormalizedPrices.effectiveIncome {i : Aiyagari1994.IncomeData} (p : Aiyagari1994.NormalizedPrices i)
  (l : ↑i.Labor) : ℝ
'Aiyagari1994.NormalizedPrices.effectiveIncome' depends on axioms: [propext, Classical.choice, Quot.sound]
Aiyagari1994.NormalizedPrices.nextResources {i : Aiyagari1994.IncomeData} (p : Aiyagari1994.NormalizedPrices i)
  (a : Aiyagari1994.Resources) (l : ↑i.Labor) : Aiyagari1994.Resources
'Aiyagari1994.NormalizedPrices.nextResources' depends on axioms: [propext, Classical.choice, Quot.sound]
Aiyagari1994.HouseholdPrimitives : Type
'Aiyagari1994.HouseholdPrimitives' depends on axioms: [propext, Classical.choice, Quot.sound]
Aiyagari1994.CoreRegularity (m : Aiyagari1994.HouseholdPrimitives) : Prop
'Aiyagari1994.CoreRegularity' depends on axioms: [propext, Classical.choice, Quot.sound]
Aiyagari1994.witnessOriginalPrices : Aiyagari1994.OriginalPrices Aiyagari1994.witnessIncome
'Aiyagari1994.witnessOriginalPrices' depends on axioms: [propext, Classical.choice, Quot.sound]
Aiyagari1994.witnessModel : Aiyagari1994.HouseholdPrimitives
'Aiyagari1994.witnessModel' depends on axioms: [propext, Classical.choice, Quot.sound]
Aiyagari1994.witness_core_regular : Aiyagari1994.CoreRegularity Aiyagari1994.witnessModel
'Aiyagari1994.witness_core_regular' depends on axioms: [propext, Classical.choice, Quot.sound]
Aiyagari1994.corePrimitives_nonempty :
  ∃ (m : Aiyagari1994.HouseholdPrimitives),
    Aiyagari1994.CoreRegularity m ∧
      m.beta = 1 / 2 ∧
        m.prices.grossReturn = 1 ∧
          m.prices.wage = 1 ∧
            m.prices.intercept = 0 ∧
              m.utility = Aiyagari1994.witnessUtility ∧
                m.income = Aiyagari1994.witnessIncome ∧
                  ∃ (p : Aiyagari1994.OriginalPrices m.income),
                    p.normalized = m.prices ∧
                      p.netRate = 0 ∧
                        p.wage = 1 ∧ p.debtLimit = 0 ∧ p.debtLimit = Aiyagari1994.effectiveLimit 0 m.income.lower 1 0
'Aiyagari1994.corePrimitives_nonempty' depends on axioms: [propext, Classical.choice, Quot.sound]
Aiyagari1994.WitnessLabor : Set ℝ
'Aiyagari1994.WitnessLabor' depends on axioms: [propext, Classical.choice, Quot.sound]
Aiyagari1994.witnessLow : ↑Aiyagari1994.WitnessLabor
'Aiyagari1994.witnessLow' depends on axioms: [propext, Classical.choice, Quot.sound]
Aiyagari1994.witnessHigh : ↑Aiyagari1994.WitnessLabor
'Aiyagari1994.witnessHigh' depends on axioms: [propext, Classical.choice, Quot.sound]
Aiyagari1994.witnessMeasure : MeasureTheory.Measure ↑Aiyagari1994.WitnessLabor
'Aiyagari1994.witnessMeasure' depends on axioms: [propext, Classical.choice, Quot.sound]
Aiyagari1994.witness_measure_probability : MeasureTheory.IsProbabilityMeasure Aiyagari1994.witnessMeasure
'Aiyagari1994.witness_measure_probability' depends on axioms: [propext, Classical.choice, Quot.sound]
Aiyagari1994.witnessIncome : Aiyagari1994.IncomeData
'Aiyagari1994.witnessIncome' depends on axioms: [propext, Classical.choice, Quot.sound]
Aiyagari1994.witness_low_mass : Aiyagari1994.witnessMeasure {Aiyagari1994.witnessLow} = 1 / 2
'Aiyagari1994.witness_low_mass' depends on axioms: [propext, Classical.choice, Quot.sound]
Aiyagari1994.witness_high_mass : Aiyagari1994.witnessMeasure {Aiyagari1994.witnessHigh} = 1 / 2
'Aiyagari1994.witness_high_mass' depends on axioms: [propext, Classical.choice, Quot.sound]
Aiyagari1994.witness_only_endpoints :
  Aiyagari1994.witnessMeasure {Aiyagari1994.witnessLow, Aiyagari1994.witnessHigh}ᶜ = 0
'Aiyagari1994.witness_only_endpoints' depends on axioms: [propext, Classical.choice, Quot.sound]
Aiyagari1994.witness_support_exact :
  Aiyagari1994.witnessMeasure.support = {Aiyagari1994.witnessLow, Aiyagari1994.witnessHigh}
'Aiyagari1994.witness_support_exact' depends on axioms: [propext, Classical.choice, Quot.sound]
Aiyagari1994.witness_income_support : Aiyagari1994.IncomeSupport Aiyagari1994.witnessIncome
'Aiyagari1994.witness_income_support' depends on axioms: [propext, Classical.choice, Quot.sound]
Aiyagari1994.witness_income_nondegenerate : Aiyagari1994.IncomeNondegenerate Aiyagari1994.witnessIncome
'Aiyagari1994.witness_income_nondegenerate' depends on axioms: [propext, Classical.choice, Quot.sound]
Aiyagari1994.witness_labor_mean : ∫ (l : ↑Aiyagari1994.WitnessLabor), ↑l ∂Aiyagari1994.witnessMeasure = 1
'Aiyagari1994.witness_labor_mean' depends on axioms: [propext, Classical.choice, Quot.sound]
Aiyagari1994.witness_mean_one : Aiyagari1994.LaborMeanOne Aiyagari1994.witnessIncome
'Aiyagari1994.witness_mean_one' depends on axioms: [propext, Classical.choice, Quot.sound]
Aiyagari1994.witnessUtility : Aiyagari1994.UtilityData
'Aiyagari1994.witnessUtility' depends on axioms: [propext, Classical.choice, Quot.sound]
Aiyagari1994.witness_utility_continuous : ContinuousOn Aiyagari1994.witnessUtility.utility (Set.Ici 0)
'Aiyagari1994.witness_utility_continuous' depends on axioms: [propext, Classical.choice, Quot.sound]
Aiyagari1994.witness_utility_bounds (c : ℝ) (hc : 0 ≤ c) :
  0 ≤ Aiyagari1994.witnessUtility.utility c ∧ Aiyagari1994.witnessUtility.utility c < 1
'Aiyagari1994.witness_utility_bounds' depends on axioms: [propext, Classical.choice, Quot.sound]
Aiyagari1994.witness_utility_hasDerivAt (c : ℝ) (hc : 0 ≤ c) :
  HasDerivAt Aiyagari1994.witnessUtility.utility (1 / (1 + c) ^ 2) c
'Aiyagari1994.witness_utility_hasDerivAt' depends on axioms: [propext, Classical.choice, Quot.sound]
Aiyagari1994.witness_utility_deriv (c : ℝ) (hc : 0 ≤ c) : deriv Aiyagari1994.witnessUtility.utility c = 1 / (1 + c) ^ 2
'Aiyagari1994.witness_utility_deriv' depends on axioms: [propext, Classical.choice, Quot.sound]
Aiyagari1994.witness_utility_second_hasDerivAt (c : ℝ) (hc : 0 < c) :
  HasDerivAt (deriv Aiyagari1994.witnessUtility.utility) (-2 / (1 + c) ^ 3) c
'Aiyagari1994.witness_utility_second_hasDerivAt' depends on axioms: [propext, Classical.choice, Quot.sound]
Aiyagari1994.witness_utility_second (c : ℝ) (hc : 0 < c) :
  deriv (deriv Aiyagari1994.witnessUtility.utility) c = -2 / (1 + c) ^ 3
'Aiyagari1994.witness_utility_second' depends on axioms: [propext, Classical.choice, Quot.sound]
Aiyagari1994.witness_utility_contDiff (n : ℕ) : ContDiffOn ℝ (↑n) Aiyagari1994.witnessUtility.utility (Set.Ioi 0)
'Aiyagari1994.witness_utility_contDiff' depends on axioms: [propext, Classical.choice, Quot.sound]
Aiyagari1994.witness_utility_strictMono : StrictMonoOn Aiyagari1994.witnessUtility.utility (Set.Ici 0)
'Aiyagari1994.witness_utility_strictMono' depends on axioms: [propext, Classical.choice, Quot.sound]
Aiyagari1994.witness_utility_strictConcave : StrictConcaveOn ℝ (Set.Ici 0) Aiyagari1994.witnessUtility.utility
'Aiyagari1994.witness_utility_strictConcave' depends on axioms: [propext, Classical.choice, Quot.sound]
Aiyagari1994.witness_relative_risk_aversion (c : ℝ) (hc : 0 < c) :
  -c * deriv (deriv Aiyagari1994.witnessUtility.utility) c / deriv Aiyagari1994.witnessUtility.utility c =
      2 * c / (1 + c) ∧
    2 * c / (1 + c) ≤ 2
'Aiyagari1994.witness_relative_risk_aversion' depends on axioms: [propext, Classical.choice, Quot.sound]
Aiyagari1994.witness_utility_base : Aiyagari1994.UtilityBase Aiyagari1994.witnessUtility
'Aiyagari1994.witness_utility_base' depends on axioms: [propext, Classical.choice, Quot.sound]
Aiyagari1994.witness_utility_smooth : Aiyagari1994.UtilitySmooth Aiyagari1994.witnessUtility
'Aiyagari1994.witness_utility_smooth' depends on axioms: [propext, Classical.choice, Quot.sound]
Aiyagari1994.witness_utility_curvature : Aiyagari1994.UtilityCurvature Aiyagari1994.witnessUtility
'Aiyagari1994.witness_utility_curvature' depends on axioms: [propext, Classical.choice, Quot.sound]
structure Aiyagari1994.UtilityData : Type
number of parameters: 0
fields:
  Aiyagari1994.UtilityData.utility : ℝ → ℝ
constructor:
  Aiyagari1994.UtilityData.mk (utility : ℝ → ℝ) : Aiyagari1994.UtilityData
structure Aiyagari1994.UtilityBase (u : Aiyagari1994.UtilityData) : Prop
number of parameters: 1
fields:
  Aiyagari1994.UtilityBase.continuous : ContinuousOn u.utility (Set.Ici 0)
  Aiyagari1994.UtilityBase.bounded : ∃ (C : ℝ), ∀ c ∈ Set.Ici 0, |u.utility c| ≤ C
  Aiyagari1994.UtilityBase.increasing : StrictMonoOn u.utility (Set.Ici 0)
  Aiyagari1994.UtilityBase.concave : StrictConcaveOn ℝ (Set.Ici 0) u.utility
constructor:
  Aiyagari1994.UtilityBase.mk {u : Aiyagari1994.UtilityData} (continuous : ContinuousOn u.utility (Set.Ici 0))
    (bounded : ∃ (C : ℝ), ∀ c ∈ Set.Ici 0, |u.utility c| ≤ C) (increasing : StrictMonoOn u.utility (Set.Ici 0))
    (concave : StrictConcaveOn ℝ (Set.Ici 0) u.utility) : Aiyagari1994.UtilityBase u
structure Aiyagari1994.UtilitySmooth (u : Aiyagari1994.UtilityData) : Prop
number of parameters: 1
fields:
  Aiyagari1994.UtilitySmooth.smooth : ContDiffOn ℝ 1 u.utility (Set.Ioi 0)
  Aiyagari1994.UtilitySmooth.marginal_pos : ∀ c ∈ Set.Ioi 0, 0 < deriv u.utility c
constructor:
  Aiyagari1994.UtilitySmooth.mk {u : Aiyagari1994.UtilityData} (smooth : ContDiffOn ℝ 1 u.utility (Set.Ioi 0))
    (marginal_pos : ∀ c ∈ Set.Ioi 0, 0 < deriv u.utility c) : Aiyagari1994.UtilitySmooth u
structure Aiyagari1994.UtilityCurvature (u : Aiyagari1994.UtilityData) : Prop
number of parameters: 1
fields:
  Aiyagari1994.UtilityCurvature.smooth : ContDiffOn ℝ 2 u.utility (Set.Ioi 0)
  Aiyagari1994.UtilityCurvature.risk_bound : ∃ C > 0,
      ∃ (M : ℝ), ∀ c ≥ C, -c * deriv (deriv u.utility) c / deriv u.utility c ≤ M
constructor:
  Aiyagari1994.UtilityCurvature.mk {u : Aiyagari1994.UtilityData} (smooth : ContDiffOn ℝ 2 u.utility (Set.Ioi 0))
    (risk_bound : ∃ C > 0, ∃ (M : ℝ), ∀ c ≥ C, -c * deriv (deriv u.utility) c / deriv u.utility c ≤ M) :
    Aiyagari1994.UtilityCurvature u
structure Aiyagari1994.IncomeData : Type
number of parameters: 0
fields:
  Aiyagari1994.IncomeData.lower : ℝ
  Aiyagari1994.IncomeData.upper : ℝ
  Aiyagari1994.IncomeData.law : MeasureTheory.ProbabilityMeasure ↑(Aiyagari1994.Labor self.lower self.upper)
constructor:
  Aiyagari1994.IncomeData.mk (lower upper : ℝ)
    (law : MeasureTheory.ProbabilityMeasure ↑(Aiyagari1994.Labor lower upper)) : Aiyagari1994.IncomeData
structure Aiyagari1994.IncomeSupport (i : Aiyagari1994.IncomeData) : Prop
number of parameters: 1
fields:
  Aiyagari1994.IncomeSupport.lower_pos : 0 < i.lower
  Aiyagari1994.IncomeSupport.ordered : i.lower ≤ i.upper
constructor:
  Aiyagari1994.IncomeSupport.mk {i : Aiyagari1994.IncomeData} (lower_pos : 0 < i.lower) (ordered : i.lower ≤ i.upper) :
    Aiyagari1994.IncomeSupport i
structure Aiyagari1994.IncomeNondegenerate (i : Aiyagari1994.IncomeData) : Prop
number of parameters: 1
fields:
  Aiyagari1994.IncomeNondegenerate.endpoints_distinct : i.lower < i.upper
  Aiyagari1994.IncomeNondegenerate.lower_mass : ∀ ε > 0,
      0 < ↑i.law {l : ↑(Aiyagari1994.Labor i.lower i.upper) | ↑l < i.lower + ε}
  Aiyagari1994.IncomeNondegenerate.upper_mass : ∀ ε > 0,
      0 < ↑i.law {l : ↑(Aiyagari1994.Labor i.lower i.upper) | i.upper - ε < ↑l}
constructor:
  Aiyagari1994.IncomeNondegenerate.mk {i : Aiyagari1994.IncomeData} (endpoints_distinct : i.lower < i.upper)
    (lower_mass : ∀ ε > 0, 0 < ↑i.law {l : ↑(Aiyagari1994.Labor i.lower i.upper) | ↑l < i.lower + ε})
    (upper_mass : ∀ ε > 0, 0 < ↑i.law {l : ↑(Aiyagari1994.Labor i.lower i.upper) | i.upper - ε < ↑l}) :
    Aiyagari1994.IncomeNondegenerate i
structure Aiyagari1994.LaborMeanOne (i : Aiyagari1994.IncomeData) : Prop
number of parameters: 1
fields:
  Aiyagari1994.LaborMeanOne.mean_eq_one : ∫ (l : ↑i.Labor), ↑l ∂↑i.law = 1
constructor:
  Aiyagari1994.LaborMeanOne.mk {i : Aiyagari1994.IncomeData} (mean_eq_one : ∫ (l : ↑i.Labor), ↑l ∂↑i.law = 1) :
    Aiyagari1994.LaborMeanOne i
structure Aiyagari1994.NormalizedPrices (i : Aiyagari1994.IncomeData) : Type
number of parameters: 1
fields:
  Aiyagari1994.NormalizedPrices.grossReturn : ℝ
  Aiyagari1994.NormalizedPrices.wage : ℝ
  Aiyagari1994.NormalizedPrices.intercept : ℝ
  Aiyagari1994.NormalizedPrices.grossReturn_pos : 0 < self.grossReturn
  Aiyagari1994.NormalizedPrices.wage_pos : 0 < self.wage
  Aiyagari1994.NormalizedPrices.income_nonneg : ∀ (l : ↑i.Labor), 0 ≤ self.wage * ↑l + self.intercept
constructor:
  Aiyagari1994.NormalizedPrices.mk {i : Aiyagari1994.IncomeData} (grossReturn wage intercept : ℝ)
    (grossReturn_pos : 0 < grossReturn) (wage_pos : 0 < wage)
    (income_nonneg : ∀ (l : ↑i.Labor), 0 ≤ wage * ↑l + intercept) : Aiyagari1994.NormalizedPrices i
structure Aiyagari1994.OriginalPrices (i : Aiyagari1994.IncomeData) : Type
number of parameters: 1
fields:
  Aiyagari1994.OriginalPrices.netRate : ℝ
  Aiyagari1994.OriginalPrices.wage : ℝ
  Aiyagari1994.OriginalPrices.debtLimit : ℝ
  Aiyagari1994.OriginalPrices.netRate_gt : -1 < self.netRate
  Aiyagari1994.OriginalPrices.wage_pos : 0 < self.wage
  Aiyagari1994.OriginalPrices.debtLimit_nonneg : 0 ≤ self.debtLimit
  Aiyagari1994.OriginalPrices.income_nonneg : ∀ (l : ↑i.Labor), 0 ≤ self.wage * ↑l - self.netRate * self.debtLimit
constructor:
  Aiyagari1994.OriginalPrices.mk {i : Aiyagari1994.IncomeData} (netRate wage debtLimit : ℝ) (netRate_gt : -1 < netRate)
    (wage_pos : 0 < wage) (debtLimit_nonneg : 0 ≤ debtLimit)
    (income_nonneg : ∀ (l : ↑i.Labor), 0 ≤ wage * ↑l - netRate * debtLimit) : Aiyagari1994.OriginalPrices i
structure Aiyagari1994.HouseholdPrimitives : Type
number of parameters: 0
fields:
  Aiyagari1994.HouseholdPrimitives.beta : ℝ
  Aiyagari1994.HouseholdPrimitives.beta_pos : 0 < self.beta
  Aiyagari1994.HouseholdPrimitives.beta_lt_one : self.beta < 1
  Aiyagari1994.HouseholdPrimitives.utility : Aiyagari1994.UtilityData
  Aiyagari1994.HouseholdPrimitives.utility_base : Aiyagari1994.UtilityBase self.utility
  Aiyagari1994.HouseholdPrimitives.income : Aiyagari1994.IncomeData
  Aiyagari1994.HouseholdPrimitives.income_support : Aiyagari1994.IncomeSupport self.income
  Aiyagari1994.HouseholdPrimitives.prices : Aiyagari1994.NormalizedPrices self.income
constructor:
  Aiyagari1994.HouseholdPrimitives.mk (beta : ℝ) (beta_pos : 0 < beta) (beta_lt_one : beta < 1)
    (utility : Aiyagari1994.UtilityData) (utility_base : Aiyagari1994.UtilityBase utility)
    (income : Aiyagari1994.IncomeData) (income_support : Aiyagari1994.IncomeSupport income)
    (prices : Aiyagari1994.NormalizedPrices income) : Aiyagari1994.HouseholdPrimitives
structure Aiyagari1994.CoreRegularity (m : Aiyagari1994.HouseholdPrimitives) : Prop
number of parameters: 1
fields:
  Aiyagari1994.CoreRegularity.utility_smooth : Aiyagari1994.UtilitySmooth m.utility
  Aiyagari1994.CoreRegularity.utility_curvature : Aiyagari1994.UtilityCurvature m.utility
  Aiyagari1994.CoreRegularity.income_nondegenerate : Aiyagari1994.IncomeNondegenerate m.income
  Aiyagari1994.CoreRegularity.labor_mean_one : Aiyagari1994.LaborMeanOne m.income
constructor:
  Aiyagari1994.CoreRegularity.mk {m : Aiyagari1994.HouseholdPrimitives}
    (utility_smooth : Aiyagari1994.UtilitySmooth m.utility)
    (utility_curvature : Aiyagari1994.UtilityCurvature m.utility)
    (income_nondegenerate : Aiyagari1994.IncomeNondegenerate m.income)
    (labor_mean_one : Aiyagari1994.LaborMeanOne m.income) : Aiyagari1994.CoreRegularity m
Aiyagari1994.compactMax.{u_1, u_2} {X : Type u_1} {K : Type u_2} (f : X → K → ℝ) (x : X) : ℝ
'Aiyagari1994.compactMax' depends on axioms: [propext, Classical.choice, Quot.sound]
Aiyagari1994.compactMax_continuous.{u_1, u_2} {X : Type u_1} {K : Type u_2} [TopologicalSpace X] [TopologicalSpace K]
  [CompactSpace K] {f : X → K → ℝ} (hf : Continuous (Function.uncurry f)) : Continuous (Aiyagari1994.compactMax f)
'Aiyagari1994.compactMax_continuous' depends on axioms: [propext, Classical.choice, Quot.sound]
Aiyagari1994.compactMax_attained.{u_1, u_2} {X : Type u_1} {K : Type u_2} [TopologicalSpace X] [TopologicalSpace K]
  [CompactSpace K] [Nonempty K] {f : X → K → ℝ} (hf : Continuous (Function.uncurry f)) (x : X) :
  ∃ (k : K), Aiyagari1994.compactMax f x = f x k ∧ ∀ (j : K), f x j ≤ f x k
'Aiyagari1994.compactMax_attained' depends on axioms: [propext, Classical.choice, Quot.sound]
Aiyagari1994.le_compactMax.{u_1, u_2} {X : Type u_1} {K : Type u_2} [TopologicalSpace X] [TopologicalSpace K]
  [CompactSpace K] [Nonempty K] {f : X → K → ℝ} (hf : Continuous (Function.uncurry f)) (x : X) (k : K) :
  f x k ≤ Aiyagari1994.compactMax f x
'Aiyagari1994.le_compactMax' depends on axioms: [propext, Classical.choice, Quot.sound]
Aiyagari1994.compactMax_le.{u_1, u_2} {X : Type u_1} {K : Type u_2} [TopologicalSpace X] [TopologicalSpace K]
  [CompactSpace K] [Nonempty K] {f : X → K → ℝ} (hf : Continuous (Function.uncurry f)) (x : X) {b : ℝ}
  (h : ∀ (k : K), f x k ≤ b) : Aiyagari1994.compactMax f x ≤ b
'Aiyagari1994.compactMax_le' depends on axioms: [propext, Classical.choice, Quot.sound]
Aiyagari1994.compact_unique_argmax_continuous.{u_1, u_2} {X : Type u_1} {K : Type u_2} [TopologicalSpace X]
  [TopologicalSpace K] [CompactSpace K] {f : X → K → ℝ} (hf : Continuous (Function.uncurry f)) (A : X → K)
  (hA : ∀ (x : X), f x (A x) = Aiyagari1994.compactMax f x)
  (hu : ∀ (x : X) (k : K), f x k = Aiyagari1994.compactMax f x → k = A x) : Continuous A
'Aiyagari1994.compact_unique_argmax_continuous' depends on axioms: [propext, Classical.choice, Quot.sound]
Aiyagari1994.ValueSpace : Type
'Aiyagari1994.ValueSpace' depends on axioms: [propext, Classical.choice, Quot.sound]
Aiyagari1994.UnitShare : Set NNReal
'Aiyagari1994.UnitShare' depends on axioms: [propext, Classical.choice, Quot.sound]
Aiyagari1994.unitShare_nonempty : Nonempty ↑Aiyagari1994.UnitShare
'Aiyagari1994.unitShare_nonempty' depends on axioms: [propext, Classical.choice, Quot.sound]
Aiyagari1994.continuation (m : Aiyagari1994.HouseholdPrimitives) (v : Aiyagari1994.ValueSpace)
  (a : Aiyagari1994.Resources) : ℝ
'Aiyagari1994.continuation' depends on axioms: [propext, Classical.choice, Quot.sound]
Aiyagari1994.nextResources_continuous (m : Aiyagari1994.HouseholdPrimitives) :
  Continuous fun (p : Aiyagari1994.Resources × ↑m.income.Labor) => m.prices.nextResources p.1 p.2
'Aiyagari1994.nextResources_continuous' depends on axioms: [propext, Classical.choice, Quot.sound]
Aiyagari1994.continuation_integrand_continuous (m : Aiyagari1994.HouseholdPrimitives) (v : Aiyagari1994.ValueSpace) :
  Continuous fun (p : Aiyagari1994.Resources × ↑m.income.Labor) => v (m.prices.nextResources p.1 p.2)
'Aiyagari1994.continuation_integrand_continuous' depends on axioms: [propext, Classical.choice, Quot.sound]
Aiyagari1994.continuation_integrand_bound (m : Aiyagari1994.HouseholdPrimitives) (v : Aiyagari1994.ValueSpace)
  (a : Aiyagari1994.Resources) (l : ↑m.income.Labor) : |v (m.prices.nextResources a l)| ≤ ‖v‖
'Aiyagari1994.continuation_integrand_bound' depends on axioms: [propext, Classical.choice, Quot.sound]
Aiyagari1994.continuation_integrable (m : Aiyagari1994.HouseholdPrimitives) (v : Aiyagari1994.ValueSpace)
  (a : Aiyagari1994.Resources) :
  MeasureTheory.Integrable (fun (l : ↑m.income.Labor) => v (m.prices.nextResources a l)) ↑m.income.law
'Aiyagari1994.continuation_integrable' depends on axioms: [propext, Classical.choice, Quot.sound]
Aiyagari1994.continuation_continuous (m : Aiyagari1994.HouseholdPrimitives) (v : Aiyagari1994.ValueSpace) :
  Continuous (Aiyagari1994.continuation m v)
'Aiyagari1994.continuation_continuous' depends on axioms: [propext, Classical.choice, Quot.sound]
Aiyagari1994.continuation_bound (m : Aiyagari1994.HouseholdPrimitives) (v : Aiyagari1994.ValueSpace)
  (a : Aiyagari1994.Resources) : |Aiyagari1994.continuation m v a| ≤ ‖v‖
'Aiyagari1994.continuation_bound' depends on axioms: [propext, Classical.choice, Quot.sound]
Aiyagari1994.bellmanObjective (m : Aiyagari1994.HouseholdPrimitives) (v : Aiyagari1994.ValueSpace)
  (z a : Aiyagari1994.Resources) : ℝ
'Aiyagari1994.bellmanObjective' depends on axioms: [propext, Classical.choice, Quot.sound]
Aiyagari1994.bellmanObjective_feasible (m : Aiyagari1994.HouseholdPrimitives) (v : Aiyagari1994.ValueSpace)
  (z a : Aiyagari1994.Resources) (ha : a ≤ z) :
  Aiyagari1994.bellmanObjective m v z a = m.utility.utility (↑z - ↑a) + m.beta * Aiyagari1994.continuation m v a
'Aiyagari1994.bellmanObjective_feasible' depends on axioms: [propext, Classical.choice, Quot.sound]
Aiyagari1994.bellmanObjective_continuous (m : Aiyagari1994.HouseholdPrimitives) (v : Aiyagari1994.ValueSpace) :
  Continuous fun (p : Aiyagari1994.Resources × Aiyagari1994.Resources) => Aiyagari1994.bellmanObjective m v p.1 p.2
'Aiyagari1994.bellmanObjective_continuous' depends on axioms: [propext, Classical.choice, Quot.sound]
Aiyagari1994.shareObjective (m : Aiyagari1994.HouseholdPrimitives) (v : Aiyagari1994.ValueSpace)
  (z : Aiyagari1994.Resources) (t : ↑Aiyagari1994.UnitShare) : ℝ
'Aiyagari1994.shareObjective' depends on axioms: [propext, Classical.choice, Quot.sound]
Aiyagari1994.shareObjective_continuous (m : Aiyagari1994.HouseholdPrimitives) (v : Aiyagari1994.ValueSpace) :
  Continuous (Function.uncurry (Aiyagari1994.shareObjective m v))
'Aiyagari1994.shareObjective_continuous' depends on axioms: [propext, Classical.choice, Quot.sound]
Aiyagari1994.share_feasible (z : Aiyagari1994.Resources) (t : ↑Aiyagari1994.UnitShare) : ↑t * z ≤ z
'Aiyagari1994.share_feasible' depends on axioms: [propext, Classical.choice, Quot.sound]
Aiyagari1994.feasible_share (z a : Aiyagari1994.Resources) (ha : a ≤ z) : ∃ (t : ↑Aiyagari1994.UnitShare), ↑t * z = a
'Aiyagari1994.feasible_share' depends on axioms: [propext, Classical.choice, Quot.sound]
Aiyagari1994.bellmanValue (m : Aiyagari1994.HouseholdPrimitives) (v : Aiyagari1994.ValueSpace) :
  Aiyagari1994.Resources → ℝ
'Aiyagari1994.bellmanValue' depends on axioms: [propext, Classical.choice, Quot.sound]
Aiyagari1994.bellmanValue_attained (m : Aiyagari1994.HouseholdPrimitives) (v : Aiyagari1994.ValueSpace)
  (z : Aiyagari1994.Resources) : ∃ a ≤ z, Aiyagari1994.bellmanValue m v z = Aiyagari1994.bellmanObjective m v z a
'Aiyagari1994.bellmanValue_attained' depends on axioms: [propext, Classical.choice, Quot.sound]
Aiyagari1994.objective_le_bellmanValue (m : Aiyagari1994.HouseholdPrimitives) (v : Aiyagari1994.ValueSpace)
  (z a : Aiyagari1994.Resources) (ha : a ≤ z) : Aiyagari1994.bellmanObjective m v z a ≤ Aiyagari1994.bellmanValue m v z
'Aiyagari1994.objective_le_bellmanValue' depends on axioms: [propext, Classical.choice, Quot.sound]
Aiyagari1994.bellmanValue_bound (m : Aiyagari1994.HouseholdPrimitives) (v : Aiyagari1994.ValueSpace) (C : ℝ)
  (hC : ∀ c ∈ Set.Ici 0, |m.utility.utility c| ≤ C) (z : Aiyagari1994.Resources) :
  |Aiyagari1994.bellmanValue m v z| ≤ C + m.beta * ‖v‖
'Aiyagari1994.bellmanValue_bound' depends on axioms: [propext, Classical.choice, Quot.sound]
Aiyagari1994.bellmanOperator (m : Aiyagari1994.HouseholdPrimitives) (v : Aiyagari1994.ValueSpace) :
  Aiyagari1994.ValueSpace
'Aiyagari1994.bellmanOperator' depends on axioms: [propext, Classical.choice, Quot.sound]
Aiyagari1994.bellmanOperator_apply (m : Aiyagari1994.HouseholdPrimitives) (v : Aiyagari1994.ValueSpace)
  (z : Aiyagari1994.Resources) : (Aiyagari1994.bellmanOperator m v) z = Aiyagari1994.bellmanValue m v z
'Aiyagari1994.bellmanOperator_apply' depends on axioms: [propext, Classical.choice, Quot.sound]
Aiyagari1994.continuation_sub_bound (m : Aiyagari1994.HouseholdPrimitives) (v w : Aiyagari1994.ValueSpace)
  (a : Aiyagari1994.Resources) : |Aiyagari1994.continuation m v a - Aiyagari1994.continuation m w a| ≤ ‖v - w‖
'Aiyagari1994.continuation_sub_bound' depends on axioms: [propext, Classical.choice, Quot.sound]
Aiyagari1994.objective_sub_bound (m : Aiyagari1994.HouseholdPrimitives) (v w : Aiyagari1994.ValueSpace)
  (z a : Aiyagari1994.Resources) :
  |Aiyagari1994.bellmanObjective m v z a - Aiyagari1994.bellmanObjective m w z a| ≤ m.beta * ‖v - w‖
'Aiyagari1994.objective_sub_bound' depends on axioms: [propext, Classical.choice, Quot.sound]
Aiyagari1994.bellmanValue_sub_le (m : Aiyagari1994.HouseholdPrimitives) (v w : Aiyagari1994.ValueSpace)
  (z : Aiyagari1994.Resources) : Aiyagari1994.bellmanValue m v z - Aiyagari1994.bellmanValue m w z ≤ m.beta * ‖v - w‖
'Aiyagari1994.bellmanValue_sub_le' depends on axioms: [propext, Classical.choice, Quot.sound]
Aiyagari1994.bellman_pointwise_contraction (m : Aiyagari1994.HouseholdPrimitives) (v w : Aiyagari1994.ValueSpace)
  (z : Aiyagari1994.Resources) :
  |(Aiyagari1994.bellmanOperator m v) z - (Aiyagari1994.bellmanOperator m w) z| ≤ m.beta * ‖v - w‖
'Aiyagari1994.bellman_pointwise_contraction' depends on axioms: [propext, Classical.choice, Quot.sound]
Aiyagari1994.bellman_norm_contraction (m : Aiyagari1994.HouseholdPrimitives) (v w : Aiyagari1994.ValueSpace) :
  ‖Aiyagari1994.bellmanOperator m v - Aiyagari1994.bellmanOperator m w‖ ≤ m.beta * ‖v - w‖
'Aiyagari1994.bellman_norm_contraction' depends on axioms: [propext, Classical.choice, Quot.sound]
Aiyagari1994.bellman_selfmap_contracting (m : Aiyagari1994.HouseholdPrimitives) :
  ContractingWith ⟨m.beta, ⋯⟩ (Aiyagari1994.bellmanOperator m)
'Aiyagari1994.bellman_selfmap_contracting' depends on axioms: [propext, Classical.choice, Quot.sound]
Aiyagari1994.valueFunction (m : Aiyagari1994.HouseholdPrimitives) : Aiyagari1994.ValueSpace
'Aiyagari1994.valueFunction' depends on axioms: [propext, Classical.choice, Quot.sound]
Aiyagari1994.valueFunction_fixedPoint (m : Aiyagari1994.HouseholdPrimitives) :
  Aiyagari1994.bellmanOperator m (Aiyagari1994.valueFunction m) = Aiyagari1994.valueFunction m
'Aiyagari1994.valueFunction_fixedPoint' depends on axioms: [propext, Classical.choice, Quot.sound]
Aiyagari1994.valueFunction_unique (m : Aiyagari1994.HouseholdPrimitives) (v : Aiyagari1994.ValueSpace)
  (hv : Aiyagari1994.bellmanOperator m v = v) : v = Aiyagari1994.valueFunction m
'Aiyagari1994.valueFunction_unique' depends on axioms: [propext, Classical.choice, Quot.sound]
Aiyagari1994.valueIteration_tendsto (m : Aiyagari1994.HouseholdPrimitives) (v : Aiyagari1994.ValueSpace) :
  Filter.Tendsto (fun (n : ℕ) => (Aiyagari1994.bellmanOperator m)^[n] v) Filter.atTop
    (nhds (Aiyagari1994.valueFunction m))
'Aiyagari1994.valueIteration_tendsto' depends on axioms: [propext, Classical.choice, Quot.sound]
Aiyagari1994.valueIteration_uniform (m : Aiyagari1994.HouseholdPrimitives) (v : Aiyagari1994.ValueSpace) :
  TendstoUniformly (fun (n : ℕ) (z : Aiyagari1994.Resources) => ((Aiyagari1994.bellmanOperator m)^[n] v) z)
    (⇑(Aiyagari1994.valueFunction m)) Filter.atTop
'Aiyagari1994.valueIteration_uniform' depends on axioms: [propext, Classical.choice, Quot.sound]
Aiyagari1994.utilityRange (m : Aiyagari1994.HouseholdPrimitives) : Set ℝ
'Aiyagari1994.utilityRange' depends on axioms: [propext, Classical.choice, Quot.sound]
Aiyagari1994.utilityInf (m : Aiyagari1994.HouseholdPrimitives) : ℝ
'Aiyagari1994.utilityInf' depends on axioms: [propext, Classical.choice, Quot.sound]
Aiyagari1994.utilitySup (m : Aiyagari1994.HouseholdPrimitives) : ℝ
'Aiyagari1994.utilitySup' depends on axioms: [propext, Classical.choice, Quot.sound]
Aiyagari1994.utilityRange_nonempty (m : Aiyagari1994.HouseholdPrimitives) : (Aiyagari1994.utilityRange m).Nonempty
'Aiyagari1994.utilityRange_nonempty' depends on axioms: [propext, Classical.choice, Quot.sound]
Aiyagari1994.utilityRange_bounded (m : Aiyagari1994.HouseholdPrimitives) :
  BddBelow (Aiyagari1994.utilityRange m) ∧ BddAbove (Aiyagari1994.utilityRange m)
'Aiyagari1994.utilityRange_bounded' depends on axioms: [propext, Classical.choice, Quot.sound]
Aiyagari1994.utility_bounds (m : Aiyagari1994.HouseholdPrimitives) (c : Aiyagari1994.Resources) :
  Aiyagari1994.utilityInf m ≤ m.utility.utility ↑c ∧ m.utility.utility ↑c ≤ Aiyagari1994.utilitySup m
'Aiyagari1994.utility_bounds' depends on axioms: [propext, Classical.choice, Quot.sound]
Aiyagari1994.valueRange_bounded (v : Aiyagari1994.ValueSpace) : BddBelow (Set.range ⇑v) ∧ BddAbove (Set.range ⇑v)
'Aiyagari1994.valueRange_bounded' depends on axioms: [propext, Classical.choice, Quot.sound]
Aiyagari1994.continuation_range_bounds (m : Aiyagari1994.HouseholdPrimitives) (v : Aiyagari1994.ValueSpace)
  (a : Aiyagari1994.Resources) :
  sInf (Set.range ⇑v) ≤ Aiyagari1994.continuation m v a ∧ Aiyagari1994.continuation m v a ≤ sSup (Set.range ⇑v)
'Aiyagari1994.continuation_range_bounds' depends on axioms: [propext, Classical.choice, Quot.sound]
Aiyagari1994.valueFunction_bounds (m : Aiyagari1994.HouseholdPrimitives) (z : Aiyagari1994.Resources) :
  Aiyagari1994.utilityInf m / (1 - m.beta) ≤ (Aiyagari1994.valueFunction m) z ∧
    (Aiyagari1994.valueFunction m) z ≤ Aiyagari1994.utilitySup m / (1 - m.beta)
'Aiyagari1994.valueFunction_bounds' depends on axioms: [propext, Classical.choice, Quot.sound]
Aiyagari1994.valueFunction_unique_fixedPoint (m : Aiyagari1994.HouseholdPrimitives) :
  Aiyagari1994.bellmanOperator m (Aiyagari1994.valueFunction m) = Aiyagari1994.valueFunction m ∧
    (∀ (v : Aiyagari1994.ValueSpace), Aiyagari1994.bellmanOperator m v = v → v = Aiyagari1994.valueFunction m) ∧
      (∀ (v : Aiyagari1994.ValueSpace),
          TendstoUniformly (fun (n : ℕ) (z : Aiyagari1994.Resources) => ((Aiyagari1994.bellmanOperator m)^[n] v) z)
            (⇑(Aiyagari1994.valueFunction m)) Filter.atTop) ∧
        ∀ (z : Aiyagari1994.Resources),
          Aiyagari1994.utilityInf m / (1 - m.beta) ≤ (Aiyagari1994.valueFunction m) z ∧
            (Aiyagari1994.valueFunction m) z ≤ Aiyagari1994.utilitySup m / (1 - m.beta)
'Aiyagari1994.valueFunction_unique_fixedPoint' depends on axioms: [propext, Classical.choice, Quot.sound]
Aiyagari1994.NNRealConcave (f : Aiyagari1994.Resources → ℝ) : Prop
'Aiyagari1994.NNRealConcave' depends on axioms: [propext, Classical.choice, Quot.sound]
Aiyagari1994.NNRealConcave.real_combination {f : Aiyagari1994.Resources → ℝ} (hf : Aiyagari1994.NNRealConcave f)
  (x y : Aiyagari1994.Resources) (theta : ℝ) (h0 : 0 ≤ theta) (h1 : theta ≤ 1) :
  theta * f x + (1 - theta) * f y ≤ f ⟨theta * ↑x + (1 - theta) * ↑y, ⋯⟩
'Aiyagari1994.NNRealConcave.real_combination' depends on axioms: [propext, Classical.choice, Quot.sound]
Aiyagari1994.nnrealConcave_zero : Aiyagari1994.NNRealConcave fun (x : Aiyagari1994.Resources) => 0
'Aiyagari1994.nnrealConcave_zero' depends on axioms: [propext, Classical.choice, Quot.sound]
Aiyagari1994.transition_convex_combination (m : Aiyagari1994.HouseholdPrimitives) (x y a b : Aiyagari1994.Resources)
  (hab : a + b = 1) (l : ↑m.income.Labor) :
  m.prices.nextResources (a * x + b * y) l = a * m.prices.nextResources x l + b * m.prices.nextResources y l
'Aiyagari1994.transition_convex_combination' depends on axioms: [propext, Classical.choice, Quot.sound]
Aiyagari1994.continuation_concave (m : Aiyagari1994.HouseholdPrimitives) (v : Aiyagari1994.ValueSpace)
  (hv : Aiyagari1994.NNRealConcave ⇑v) : Aiyagari1994.NNRealConcave (Aiyagari1994.continuation m v)
'Aiyagari1994.continuation_concave' depends on axioms: [propext, Classical.choice, Quot.sound]
Aiyagari1994.objective_convex_combination (m : Aiyagari1994.HouseholdPrimitives) (v : Aiyagari1994.ValueSpace)
  (hv : Aiyagari1994.NNRealConcave ⇑v) (x y s t a b : Aiyagari1994.Resources) (hs : s ≤ x) (ht : t ≤ y)
  (hab : a + b = 1) :
  ↑a * Aiyagari1994.bellmanObjective m v x s + ↑b * Aiyagari1994.bellmanObjective m v y t ≤
    Aiyagari1994.bellmanObjective m v (a * x + b * y) (a * s + b * t)
'Aiyagari1994.objective_convex_combination' depends on axioms: [propext, Classical.choice, Quot.sound]
Aiyagari1994.bellman_preserves_concavity (m : Aiyagari1994.HouseholdPrimitives) (v : Aiyagari1994.ValueSpace)
  (hv : Aiyagari1994.NNRealConcave ⇑v) : Aiyagari1994.NNRealConcave ⇑(Aiyagari1994.bellmanOperator m v)
'Aiyagari1994.bellman_preserves_concavity' depends on axioms: [propext, Classical.choice, Quot.sound]
Aiyagari1994.bellman_strictMono (m : Aiyagari1994.HouseholdPrimitives) (v : Aiyagari1994.ValueSpace) :
  StrictMono ⇑(Aiyagari1994.bellmanOperator m v)
'Aiyagari1994.bellman_strictMono' depends on axioms: [propext, Classical.choice, Quot.sound]
Aiyagari1994.bellman_preserves_monotonicity (m : Aiyagari1994.HouseholdPrimitives) (v : Aiyagari1994.ValueSpace)
  (_hv : Monotone ⇑v) : Monotone ⇑(Aiyagari1994.bellmanOperator m v)
'Aiyagari1994.bellman_preserves_monotonicity' depends on axioms: [propext, Classical.choice, Quot.sound]
Aiyagari1994.valueIteration_concave (m : Aiyagari1994.HouseholdPrimitives) (n : ℕ) :
  Aiyagari1994.NNRealConcave ⇑((Aiyagari1994.bellmanOperator m)^[n] 0)
'Aiyagari1994.valueIteration_concave' depends on axioms: [propext, Classical.choice, Quot.sound]
Aiyagari1994.valueIteration_monotone (m : Aiyagari1994.HouseholdPrimitives) (n : ℕ) :
  Monotone ⇑((Aiyagari1994.bellmanOperator m)^[n] 0)
'Aiyagari1994.valueIteration_monotone' depends on axioms: [propext, Classical.choice, Quot.sound]
Aiyagari1994.valueFunction_concave (m : Aiyagari1994.HouseholdPrimitives) :
  Aiyagari1994.NNRealConcave ⇑(Aiyagari1994.valueFunction m)
'Aiyagari1994.valueFunction_concave' depends on axioms: [propext, Classical.choice, Quot.sound]
Aiyagari1994.valueFunction_monotone (m : Aiyagari1994.HouseholdPrimitives) : Monotone ⇑(Aiyagari1994.valueFunction m)
'Aiyagari1994.valueFunction_monotone' depends on axioms: [propext, Classical.choice, Quot.sound]
Aiyagari1994.valueFunction_strictMono (m : Aiyagari1994.HouseholdPrimitives) :
  StrictMono ⇑(Aiyagari1994.valueFunction m)
'Aiyagari1994.valueFunction_strictMono' depends on axioms: [propext, Classical.choice, Quot.sound]
Aiyagari1994.valueFunction_concave_strictMono (m : Aiyagari1994.HouseholdPrimitives) :
  Aiyagari1994.NNRealConcave ⇑(Aiyagari1994.valueFunction m) ∧ StrictMono ⇑(Aiyagari1994.valueFunction m)
'Aiyagari1994.valueFunction_concave_strictMono' depends on axioms: [propext, Classical.choice, Quot.sound]
Aiyagari1994.AssetOptimal (m : Aiyagari1994.HouseholdPrimitives) (z a : Aiyagari1994.Resources) : Prop
'Aiyagari1994.AssetOptimal' depends on axioms: [propext, Classical.choice, Quot.sound]
Aiyagari1994.assetOptimal_exists (m : Aiyagari1994.HouseholdPrimitives) (z : Aiyagari1994.Resources) :
  ∃ (a : Aiyagari1994.Resources), Aiyagari1994.AssetOptimal m z a
'Aiyagari1994.assetOptimal_exists' depends on axioms: [propext, Classical.choice, Quot.sound]
Aiyagari1994.objective_strictConcave_assets (m : Aiyagari1994.HouseholdPrimitives) (z x y a b : Aiyagari1994.Resources)
  (hx : x ≤ z) (hy : y ≤ z) (hxy : x ≠ y) (ha : 0 < a) (hb : 0 < b) (hab : a + b = 1) :
  ↑a * Aiyagari1994.bellmanObjective m (Aiyagari1994.valueFunction m) z x +
      ↑b * Aiyagari1994.bellmanObjective m (Aiyagari1994.valueFunction m) z y <
    Aiyagari1994.bellmanObjective m (Aiyagari1994.valueFunction m) z (a * x + b * y)
'Aiyagari1994.objective_strictConcave_assets' depends on axioms: [propext, Classical.choice, Quot.sound]
Aiyagari1994.assetOptimal_unique (m : Aiyagari1994.HouseholdPrimitives) (z x y : Aiyagari1994.Resources)
  (hx : Aiyagari1994.AssetOptimal m z x) (hy : Aiyagari1994.AssetOptimal m z y) : x = y
'Aiyagari1994.assetOptimal_unique' depends on axioms: [propext, Classical.choice, Quot.sound]
Aiyagari1994.assetOptimal_existsUnique (m : Aiyagari1994.HouseholdPrimitives) (z : Aiyagari1994.Resources) :
  ∃! a : Aiyagari1994.Resources, Aiyagari1994.AssetOptimal m z a
'Aiyagari1994.assetOptimal_existsUnique' depends on axioms: [propext, Classical.choice, Quot.sound]
Aiyagari1994.assetPolicy (m : Aiyagari1994.HouseholdPrimitives) (z : Aiyagari1994.Resources) : Aiyagari1994.Resources
'Aiyagari1994.assetPolicy' depends on axioms: [propext, Classical.choice, Quot.sound]
Aiyagari1994.assetPolicy_optimal (m : Aiyagari1994.HouseholdPrimitives) (z : Aiyagari1994.Resources) :
  Aiyagari1994.AssetOptimal m z (Aiyagari1994.assetPolicy m z)
'Aiyagari1994.assetPolicy_optimal' depends on axioms: [propext, Classical.choice, Quot.sound]
Aiyagari1994.assetPolicy_le_state (m : Aiyagari1994.HouseholdPrimitives) (z : Aiyagari1994.Resources) :
  Aiyagari1994.assetPolicy m z ≤ z
'Aiyagari1994.assetPolicy_le_state' depends on axioms: [propext, Classical.choice, Quot.sound]
Aiyagari1994.assetPolicy_maximizes (m : Aiyagari1994.HouseholdPrimitives) (z a : Aiyagari1994.Resources) (ha : a ≤ z) :
  Aiyagari1994.bellmanObjective m (Aiyagari1994.valueFunction m) z a ≤
    Aiyagari1994.bellmanObjective m (Aiyagari1994.valueFunction m) z (Aiyagari1994.assetPolicy m z)
'Aiyagari1994.assetPolicy_maximizes' depends on axioms: [propext, Classical.choice, Quot.sound]
Aiyagari1994.assetOptimal_iff_maximizes (m : Aiyagari1994.HouseholdPrimitives) (z a : Aiyagari1994.Resources) :
  Aiyagari1994.AssetOptimal m z a ↔
    a ≤ z ∧
      ∀ b ≤ z,
        Aiyagari1994.bellmanObjective m (Aiyagari1994.valueFunction m) z b ≤
          Aiyagari1994.bellmanObjective m (Aiyagari1994.valueFunction m) z a
'Aiyagari1994.assetOptimal_iff_maximizes' depends on axioms: [propext, Classical.choice, Quot.sound]
Aiyagari1994.assetPolicy_existsUnique_maximizer (m : Aiyagari1994.HouseholdPrimitives) (z : Aiyagari1994.Resources) :
  ∃! a : Aiyagari1994.Resources,
    a ≤ z ∧
      ∀ b ≤ z,
        Aiyagari1994.bellmanObjective m (Aiyagari1994.valueFunction m) z b ≤
          Aiyagari1994.bellmanObjective m (Aiyagari1994.valueFunction m) z a
'Aiyagari1994.assetPolicy_existsUnique_maximizer' depends on axioms: [propext, Classical.choice, Quot.sound]
Aiyagari1994.assetPolicy_zero (m : Aiyagari1994.HouseholdPrimitives) : Aiyagari1994.assetPolicy m 0 = 0
'Aiyagari1994.assetPolicy_zero' depends on axioms: [propext, Classical.choice, Quot.sound]
Aiyagari1994.PositiveResources : Set Aiyagari1994.Resources
'Aiyagari1994.PositiveResources' depends on axioms: [propext, Classical.choice, Quot.sound]
Aiyagari1994.positiveAssetShare (m : Aiyagari1994.HouseholdPrimitives) (z : ↑Aiyagari1994.PositiveResources) :
  ↑Aiyagari1994.UnitShare
'Aiyagari1994.positiveAssetShare' depends on axioms: [propext, Classical.choice, Quot.sound]
Aiyagari1994.positiveAssetShare_mul (m : Aiyagari1994.HouseholdPrimitives) (z : ↑Aiyagari1994.PositiveResources) :
  ↑(Aiyagari1994.positiveAssetShare m z) * ↑z = Aiyagari1994.assetPolicy m ↑z
'Aiyagari1994.positiveAssetShare_mul' depends on axioms: [propext, Classical.choice, Quot.sound]
Aiyagari1994.positiveAssetShare_continuous (m : Aiyagari1994.HouseholdPrimitives) :
  Continuous (Aiyagari1994.positiveAssetShare m)
'Aiyagari1994.positiveAssetShare_continuous' depends on axioms: [propext, Classical.choice, Quot.sound]
Aiyagari1994.assetPolicy_continuous_positive (m : Aiyagari1994.HouseholdPrimitives) :
  ContinuousOn (Aiyagari1994.assetPolicy m) (Set.Ioi 0)
'Aiyagari1994.assetPolicy_continuous_positive' depends on axioms: [propext, Classical.choice, Quot.sound]
Aiyagari1994.assetPolicy_continuous (m : Aiyagari1994.HouseholdPrimitives) : Continuous (Aiyagari1994.assetPolicy m)
'Aiyagari1994.assetPolicy_continuous' depends on axioms: [propext, Classical.choice, Quot.sound]
Aiyagari1994.consumptionPolicy (m : Aiyagari1994.HouseholdPrimitives) (z : Aiyagari1994.Resources) :
  Aiyagari1994.Resources
'Aiyagari1994.consumptionPolicy' depends on axioms: [propext, Classical.choice, Quot.sound]
Aiyagari1994.consumptionPolicy_coe (m : Aiyagari1994.HouseholdPrimitives) (z : Aiyagari1994.Resources) :
  ↑(Aiyagari1994.consumptionPolicy m z) = ↑z - ↑(Aiyagari1994.assetPolicy m z)
'Aiyagari1994.consumptionPolicy_coe' depends on axioms: [propext, Classical.choice, Quot.sound]
Aiyagari1994.consumptionPolicy_budget (m : Aiyagari1994.HouseholdPrimitives) (z : Aiyagari1994.Resources) :
  0 ≤ Aiyagari1994.consumptionPolicy m z ∧ Aiyagari1994.consumptionPolicy m z + Aiyagari1994.assetPolicy m z = z
'Aiyagari1994.consumptionPolicy_budget' depends on axioms: [propext, Classical.choice, Quot.sound]
Aiyagari1994.consumptionPolicy_continuous (m : Aiyagari1994.HouseholdPrimitives) :
  Continuous (Aiyagari1994.consumptionPolicy m)
'Aiyagari1994.consumptionPolicy_continuous' depends on axioms: [propext, Classical.choice, Quot.sound]
Aiyagari1994.assetPolicy_unique_continuous (m : Aiyagari1994.HouseholdPrimitives) :
  (∀ (z : Aiyagari1994.Resources),
      Aiyagari1994.AssetOptimal m z (Aiyagari1994.assetPolicy m z) ∧
        ∀ (a : Aiyagari1994.Resources), Aiyagari1994.AssetOptimal m z a → a = Aiyagari1994.assetPolicy m z) ∧
    Continuous (Aiyagari1994.assetPolicy m) ∧
      (∀ (z a : Aiyagari1994.Resources),
          a ≤ z →
            Aiyagari1994.bellmanObjective m (Aiyagari1994.valueFunction m) z a ≤
              Aiyagari1994.bellmanObjective m (Aiyagari1994.valueFunction m) z (Aiyagari1994.assetPolicy m z)) ∧
        (∀ (z : Aiyagari1994.Resources), 0 ≤ Aiyagari1994.assetPolicy m z ∧ Aiyagari1994.assetPolicy m z ≤ z) ∧
          (∀ (z : Aiyagari1994.Resources),
              ↑(Aiyagari1994.consumptionPolicy m z) = ↑z - ↑(Aiyagari1994.assetPolicy m z) ∧
                Aiyagari1994.consumptionPolicy m z + Aiyagari1994.assetPolicy m z = z) ∧
            Continuous (Aiyagari1994.consumptionPolicy m)
'Aiyagari1994.assetPolicy_unique_continuous' depends on axioms: [propext, Classical.choice, Quot.sound]
Aiyagari1994.History (m : Aiyagari1994.HouseholdPrimitives) (n : ℕ) : Type
'Aiyagari1994.History' depends on axioms: [propext, Classical.choice, Quot.sound]
Aiyagari1994.historySplit (m : Aiyagari1994.HouseholdPrimitives) (n : ℕ) :
  Aiyagari1994.History m (n + 1) ≃ᵐ ↑m.income.Labor × Aiyagari1994.History m n
'Aiyagari1994.historySplit' depends on axioms: [propext, Classical.choice, Quot.sound]
Aiyagari1994.newestShock (m : Aiyagari1994.HouseholdPrimitives) (n : ℕ) (h : Aiyagari1994.History m (n + 1)) :
  ↑m.income.Labor
'Aiyagari1994.newestShock' depends on axioms: [propext, Classical.choice, Quot.sound]
Aiyagari1994.previousHistory (m : Aiyagari1994.HouseholdPrimitives) (n : ℕ) (h : Aiyagari1994.History m (n + 1)) :
  Aiyagari1994.History m n
'Aiyagari1994.previousHistory' depends on axioms: [propext, Classical.choice, Quot.sound]
Aiyagari1994.extendHistory (m : Aiyagari1994.HouseholdPrimitives) (n : ℕ) (l : ↑m.income.Labor)
  (h : Aiyagari1994.History m n) : Aiyagari1994.History m (n + 1)
'Aiyagari1994.extendHistory' depends on axioms: [propext, Classical.choice, Quot.sound]
Aiyagari1994.newestShock_measurable (m : Aiyagari1994.HouseholdPrimitives) (n : ℕ) :
  Measurable (Aiyagari1994.newestShock m n)
'Aiyagari1994.newestShock_measurable' depends on axioms: [propext, Classical.choice, Quot.sound]
Aiyagari1994.previousHistory_measurable (m : Aiyagari1994.HouseholdPrimitives) (n : ℕ) :
  Measurable (Aiyagari1994.previousHistory m n)
'Aiyagari1994.previousHistory_measurable' depends on axioms: [propext, Classical.choice, Quot.sound]
Aiyagari1994.extendHistory_measurable (m : Aiyagari1994.HouseholdPrimitives) (n : ℕ) :
  Measurable fun (p : ↑m.income.Labor × Aiyagari1994.History m n) => Aiyagari1994.extendHistory m n p.1 p.2
'Aiyagari1994.extendHistory_measurable' depends on axioms: [propext, Classical.choice, Quot.sound]
Aiyagari1994.newestShock_extend (m : Aiyagari1994.HouseholdPrimitives) (n : ℕ) (l : ↑m.income.Labor)
  (h : Aiyagari1994.History m n) : Aiyagari1994.newestShock m n (Aiyagari1994.extendHistory m n l h) = l
'Aiyagari1994.newestShock_extend' depends on axioms: [propext, Classical.choice, Quot.sound]
Aiyagari1994.previousHistory_extend (m : Aiyagari1994.HouseholdPrimitives) (n : ℕ) (l : ↑m.income.Labor)
  (h : Aiyagari1994.History m n) : Aiyagari1994.previousHistory m n (Aiyagari1994.extendHistory m n l h) = h
'Aiyagari1994.previousHistory_extend' depends on axioms: [propext, Classical.choice, Quot.sound]
Aiyagari1994.history_integral_step (m : Aiyagari1994.HouseholdPrimitives) (n : ℕ)
  (F : Aiyagari1994.History m (n + 1) → ℝ)
  (hF : MeasureTheory.Integrable F (Aiyagari1994.historyLaw m.income (n + 1))) :
  ∫ (h : Fin (n + 1) → ↑m.income.Labor), F h ∂Aiyagari1994.historyLaw m.income (n + 1) =
    ∫ (h : Fin n → ↑m.income.Labor),
      ∫ (l : ↑(Aiyagari1994.Labor m.income.lower m.income.upper)),
        F (Aiyagari1994.extendHistory m n l h) ∂↑m.income.law ∂Aiyagari1994.historyLaw m.income n
'Aiyagari1994.history_integral_step' depends on axioms: [propext, Classical.choice, Quot.sound]
Aiyagari1994.actionResources (m : Aiyagari1994.HouseholdPrimitives) (z0 : Aiyagari1994.Resources)
  (action : (t : ℕ) → Aiyagari1994.History m t → Aiyagari1994.Resources) (t : ℕ) :
  Aiyagari1994.History m t → Aiyagari1994.Resources
'Aiyagari1994.actionResources' depends on axioms: [propext, Classical.choice, Quot.sound]
Aiyagari1994.FeasiblePlan (m : Aiyagari1994.HouseholdPrimitives) (z0 : Aiyagari1994.Resources) : Type
'Aiyagari1994.FeasiblePlan' depends on axioms: [propext, Classical.choice, Quot.sound]
Aiyagari1994.planResources {m : Aiyagari1994.HouseholdPrimitives} {z0 : Aiyagari1994.Resources}
  (p : Aiyagari1994.FeasiblePlan m z0) (t : ℕ) : Aiyagari1994.History m t → Aiyagari1994.Resources
'Aiyagari1994.planResources' depends on axioms: [propext, Classical.choice, Quot.sound]
Aiyagari1994.planConsumption {m : Aiyagari1994.HouseholdPrimitives} {z0 : Aiyagari1994.Resources}
  (p : Aiyagari1994.FeasiblePlan m z0) (t : ℕ) (h : Aiyagari1994.History m t) : Aiyagari1994.Resources
'Aiyagari1994.planConsumption' depends on axioms: [propext, Classical.choice, Quot.sound]
Aiyagari1994.planResources_measurable {m : Aiyagari1994.HouseholdPrimitives} {z0 : Aiyagari1994.Resources}
  (p : Aiyagari1994.FeasiblePlan m z0) (t : ℕ) : Measurable (Aiyagari1994.planResources p t)
'Aiyagari1994.planResources_measurable' depends on axioms: [propext, Classical.choice, Quot.sound]
Aiyagari1994.planConsumption_measurable {m : Aiyagari1994.HouseholdPrimitives} {z0 : Aiyagari1994.Resources}
  (p : Aiyagari1994.FeasiblePlan m z0) (t : ℕ) : Measurable (Aiyagari1994.planConsumption p t)
'Aiyagari1994.planConsumption_measurable' depends on axioms: [propext, Classical.choice, Quot.sound]
Aiyagari1994.planConsumption_coe {m : Aiyagari1994.HouseholdPrimitives} {z0 : Aiyagari1994.Resources}
  (p : Aiyagari1994.FeasiblePlan m z0) (t : ℕ) (h : Aiyagari1994.History m t) :
  ↑(Aiyagari1994.planConsumption p t h) = ↑(Aiyagari1994.planResources p t h) - ↑(p.action t h)
'Aiyagari1994.planConsumption_coe' depends on axioms: [propext, Classical.choice, Quot.sound]
Aiyagari1994.planConsumption_budget {m : Aiyagari1994.HouseholdPrimitives} {z0 : Aiyagari1994.Resources}
  (p : Aiyagari1994.FeasiblePlan m z0) (t : ℕ) (h : Aiyagari1994.History m t) :
  Aiyagari1994.planConsumption p t h + p.action t h = Aiyagari1994.planResources p t h
'Aiyagari1994.planConsumption_budget' depends on axioms: [propext, Classical.choice, Quot.sound]
Aiyagari1994.flowUtility {m : Aiyagari1994.HouseholdPrimitives} {z0 : Aiyagari1994.Resources}
  (p : Aiyagari1994.FeasiblePlan m z0) (t : ℕ) (h : Aiyagari1994.History m t) : ℝ
'Aiyagari1994.flowUtility' depends on axioms: [propext, Classical.choice, Quot.sound]
Aiyagari1994.utilityBound (m : Aiyagari1994.HouseholdPrimitives) : ℝ
'Aiyagari1994.utilityBound' depends on axioms: [propext, Classical.choice, Quot.sound]
Aiyagari1994.utilityBound_spec (m : Aiyagari1994.HouseholdPrimitives) (c : Aiyagari1994.Resources) :
  |m.utility.utility ↑c| ≤ Aiyagari1994.utilityBound m
'Aiyagari1994.utilityBound_spec' depends on axioms: [propext, Classical.choice, Quot.sound]
Aiyagari1994.utilityBound_nonneg (m : Aiyagari1994.HouseholdPrimitives) : 0 ≤ Aiyagari1994.utilityBound m
'Aiyagari1994.utilityBound_nonneg' depends on axioms: [propext, Classical.choice, Quot.sound]
Aiyagari1994.flowUtility_measurable {m : Aiyagari1994.HouseholdPrimitives} {z0 : Aiyagari1994.Resources}
  (p : Aiyagari1994.FeasiblePlan m z0) (t : ℕ) : Measurable (Aiyagari1994.flowUtility p t)
'Aiyagari1994.flowUtility_measurable' depends on axioms: [propext, Classical.choice, Quot.sound]
Aiyagari1994.flowUtility_bound {m : Aiyagari1994.HouseholdPrimitives} {z0 : Aiyagari1994.Resources}
  (p : Aiyagari1994.FeasiblePlan m z0) (t : ℕ) (h : Aiyagari1994.History m t) :
  |Aiyagari1994.flowUtility p t h| ≤ Aiyagari1994.utilityBound m
'Aiyagari1994.flowUtility_bound' depends on axioms: [propext, Classical.choice, Quot.sound]
Aiyagari1994.flowUtility_integrable {m : Aiyagari1994.HouseholdPrimitives} {z0 : Aiyagari1994.Resources}
  (p : Aiyagari1994.FeasiblePlan m z0) (t : ℕ) :
  MeasureTheory.Integrable (Aiyagari1994.flowUtility p t) (Aiyagari1994.historyLaw m.income t)
'Aiyagari1994.flowUtility_integrable' depends on axioms: [propext, Classical.choice, Quot.sound]
Aiyagari1994.expectedFlow {m : Aiyagari1994.HouseholdPrimitives} {z0 : Aiyagari1994.Resources}
  (p : Aiyagari1994.FeasiblePlan m z0) (t : ℕ) : ℝ
'Aiyagari1994.expectedFlow' depends on axioms: [propext, Classical.choice, Quot.sound]
Aiyagari1994.expectedFlow_bound {m : Aiyagari1994.HouseholdPrimitives} {z0 : Aiyagari1994.Resources}
  (p : Aiyagari1994.FeasiblePlan m z0) (t : ℕ) : |Aiyagari1994.expectedFlow p t| ≤ Aiyagari1994.utilityBound m
'Aiyagari1994.expectedFlow_bound' depends on axioms: [propext, Classical.choice, Quot.sound]
Aiyagari1994.finiteUtility {m : Aiyagari1994.HouseholdPrimitives} {z0 : Aiyagari1994.Resources}
  (p : Aiyagari1994.FeasiblePlan m z0) (N : ℕ) : ℝ
'Aiyagari1994.finiteUtility' depends on axioms: [propext, Classical.choice, Quot.sound]
Aiyagari1994.expectedTerminalValue {m : Aiyagari1994.HouseholdPrimitives} {z0 : Aiyagari1994.Resources}
  (p : Aiyagari1994.FeasiblePlan m z0) (N : ℕ) : ℝ
'Aiyagari1994.expectedTerminalValue' depends on axioms: [propext, Classical.choice, Quot.sound]
Aiyagari1994.terminalValue_integrable {m : Aiyagari1994.HouseholdPrimitives} {z0 : Aiyagari1994.Resources}
  (p : Aiyagari1994.FeasiblePlan m z0) (N : ℕ) :
  MeasureTheory.Integrable
    (fun (h : Aiyagari1994.History m N) => (Aiyagari1994.valueFunction m) (Aiyagari1994.planResources p N h))
    (Aiyagari1994.historyLaw m.income N)
'Aiyagari1994.terminalValue_integrable' depends on axioms: [propext, Classical.choice, Quot.sound]
Aiyagari1994.expectedTerminalValue_bound {m : Aiyagari1994.HouseholdPrimitives} {z0 : Aiyagari1994.Resources}
  (p : Aiyagari1994.FeasiblePlan m z0) (N : ℕ) :
  |Aiyagari1994.expectedTerminalValue p N| ≤ ‖Aiyagari1994.valueFunction m‖
'Aiyagari1994.expectedTerminalValue_bound' depends on axioms: [propext, Classical.choice, Quot.sound]
Aiyagari1994.lifetimeUtility {m : Aiyagari1994.HouseholdPrimitives} {z0 : Aiyagari1994.Resources}
  (p : Aiyagari1994.FeasiblePlan m z0) : ℝ
'Aiyagari1994.lifetimeUtility' depends on axioms: [propext, Classical.choice, Quot.sound]
Aiyagari1994.discountedFlow_abs_summable {m : Aiyagari1994.HouseholdPrimitives} {z0 : Aiyagari1994.Resources}
  (p : Aiyagari1994.FeasiblePlan m z0) : Summable fun (t : ℕ) => |m.beta ^ t * Aiyagari1994.expectedFlow p t|
'Aiyagari1994.discountedFlow_abs_summable' depends on axioms: [propext, Classical.choice, Quot.sound]
Aiyagari1994.discountedFlow_summable {m : Aiyagari1994.HouseholdPrimitives} {z0 : Aiyagari1994.Resources}
  (p : Aiyagari1994.FeasiblePlan m z0) : Summable fun (t : ℕ) => m.beta ^ t * Aiyagari1994.expectedFlow p t
'Aiyagari1994.discountedFlow_summable' depends on axioms: [propext, Classical.choice, Quot.sound]
Aiyagari1994.finiteUtility_tendsto {m : Aiyagari1994.HouseholdPrimitives} {z0 : Aiyagari1994.Resources}
  (p : Aiyagari1994.FeasiblePlan m z0) :
  Filter.Tendsto (Aiyagari1994.finiteUtility p) Filter.atTop (nhds (Aiyagari1994.lifetimeUtility p))
'Aiyagari1994.finiteUtility_tendsto' depends on axioms: [propext, Classical.choice, Quot.sound]
Aiyagari1994.planContinuation {m : Aiyagari1994.HouseholdPrimitives} {z0 : Aiyagari1994.Resources}
  (p : Aiyagari1994.FeasiblePlan m z0) (t : ℕ) (h : Aiyagari1994.History m t) : ℝ
'Aiyagari1994.planContinuation' depends on axioms: [propext, Classical.choice, Quot.sound]
Aiyagari1994.planContinuation_integrable {m : Aiyagari1994.HouseholdPrimitives} {z0 : Aiyagari1994.Resources}
  (p : Aiyagari1994.FeasiblePlan m z0) (t : ℕ) :
  MeasureTheory.Integrable (Aiyagari1994.planContinuation p t) (Aiyagari1994.historyLaw m.income t)
'Aiyagari1994.planContinuation_integrable' depends on axioms: [propext, Classical.choice, Quot.sound]
Aiyagari1994.expectedTerminalValue_step {m : Aiyagari1994.HouseholdPrimitives} {z0 : Aiyagari1994.Resources}
  (p : Aiyagari1994.FeasiblePlan m z0) (t : ℕ) :
  Aiyagari1994.expectedTerminalValue p (t + 1) =
    ∫ (h : Fin t → ↑m.income.Labor), Aiyagari1994.planContinuation p t h ∂Aiyagari1994.historyLaw m.income t
'Aiyagari1994.expectedTerminalValue_step' depends on axioms: [propext, Classical.choice, Quot.sound]
Aiyagari1994.plan_bellman_inequality {m : Aiyagari1994.HouseholdPrimitives} {z0 : Aiyagari1994.Resources}
  (p : Aiyagari1994.FeasiblePlan m z0) (t : ℕ) (h : Aiyagari1994.History m t) :
  Aiyagari1994.flowUtility p t h + m.beta * Aiyagari1994.planContinuation p t h ≤
    (Aiyagari1994.valueFunction m) (Aiyagari1994.planResources p t h)
'Aiyagari1994.plan_bellman_inequality' depends on axioms: [propext, Classical.choice, Quot.sound]
Aiyagari1994.expected_bellman_inequality {m : Aiyagari1994.HouseholdPrimitives} {z0 : Aiyagari1994.Resources}
  (p : Aiyagari1994.FeasiblePlan m z0) (t : ℕ) :
  Aiyagari1994.expectedFlow p t + m.beta * Aiyagari1994.expectedTerminalValue p (t + 1) ≤
    Aiyagari1994.expectedTerminalValue p t
'Aiyagari1994.expected_bellman_inequality' depends on axioms: [propext, Classical.choice, Quot.sound]
Aiyagari1994.expectedTerminalValue_zero {m : Aiyagari1994.HouseholdPrimitives} {z0 : Aiyagari1994.Resources}
  (p : Aiyagari1994.FeasiblePlan m z0) : Aiyagari1994.expectedTerminalValue p 0 = (Aiyagari1994.valueFunction m) z0
'Aiyagari1994.expectedTerminalValue_zero' depends on axioms: [propext, Classical.choice, Quot.sound]
Aiyagari1994.finiteUtility_zero {m : Aiyagari1994.HouseholdPrimitives} {z0 : Aiyagari1994.Resources}
  (p : Aiyagari1994.FeasiblePlan m z0) : Aiyagari1994.finiteUtility p 0 = 0
'Aiyagari1994.finiteUtility_zero' depends on axioms: [propext, Classical.choice, Quot.sound]
Aiyagari1994.finiteUtility_succ {m : Aiyagari1994.HouseholdPrimitives} {z0 : Aiyagari1994.Resources}
  (p : Aiyagari1994.FeasiblePlan m z0) (N : ℕ) :
  Aiyagari1994.finiteUtility p (N + 1) = Aiyagari1994.finiteUtility p N + m.beta ^ N * Aiyagari1994.expectedFlow p N
'Aiyagari1994.finiteUtility_succ' depends on axioms: [propext, Classical.choice, Quot.sound]
Aiyagari1994.finiteHorizon_verification {m : Aiyagari1994.HouseholdPrimitives} {z0 : Aiyagari1994.Resources}
  (p : Aiyagari1994.FeasiblePlan m z0) (N : ℕ) :
  Aiyagari1994.finiteUtility p N + m.beta ^ N * Aiyagari1994.expectedTerminalValue p N ≤
    (Aiyagari1994.valueFunction m) z0
'Aiyagari1994.finiteHorizon_verification' depends on axioms: [propext, Classical.choice, Quot.sound]
Aiyagari1994.canonicalResources (m : Aiyagari1994.HouseholdPrimitives) (z0 : Aiyagari1994.Resources) (t : ℕ) :
  Aiyagari1994.History m t → Aiyagari1994.Resources
'Aiyagari1994.canonicalResources' depends on axioms: [propext, Classical.choice, Quot.sound]
Aiyagari1994.canonicalResources_measurable (m : Aiyagari1994.HouseholdPrimitives) (z0 : Aiyagari1994.Resources)
  (t : ℕ) : Measurable (Aiyagari1994.canonicalResources m z0 t)
'Aiyagari1994.canonicalResources_measurable' depends on axioms: [propext, Classical.choice, Quot.sound]
Aiyagari1994.canonicalAction (m : Aiyagari1994.HouseholdPrimitives) (z0 : Aiyagari1994.Resources) (t : ℕ)
  (h : Aiyagari1994.History m t) : Aiyagari1994.Resources
'Aiyagari1994.canonicalAction' depends on axioms: [propext, Classical.choice, Quot.sound]
Aiyagari1994.canonicalAction_resources (m : Aiyagari1994.HouseholdPrimitives) (z0 : Aiyagari1994.Resources) (t : ℕ) :
  Aiyagari1994.actionResources m z0 (Aiyagari1994.canonicalAction m z0) t = Aiyagari1994.canonicalResources m z0 t
'Aiyagari1994.canonicalAction_resources' depends on axioms: [propext, Classical.choice, Quot.sound]
Aiyagari1994.canonicalPlan (m : Aiyagari1994.HouseholdPrimitives) (z0 : Aiyagari1994.Resources) :
  Aiyagari1994.FeasiblePlan m z0
'Aiyagari1994.canonicalPlan' depends on axioms: [propext, Classical.choice, Quot.sound]
Aiyagari1994.canonicalPlan_action (m : Aiyagari1994.HouseholdPrimitives) (z0 : Aiyagari1994.Resources) (t : ℕ)
  (h : Aiyagari1994.History m t) :
  (Aiyagari1994.canonicalPlan m z0).action t h =
    Aiyagari1994.assetPolicy m (Aiyagari1994.planResources (Aiyagari1994.canonicalPlan m z0) t h)
'Aiyagari1994.canonicalPlan_action' depends on axioms: [propext, Classical.choice, Quot.sound]
Aiyagari1994.canonical_bellman_equality (m : Aiyagari1994.HouseholdPrimitives) (z0 : Aiyagari1994.Resources) (t : ℕ)
  (h : Aiyagari1994.History m t) :
  Aiyagari1994.flowUtility (Aiyagari1994.canonicalPlan m z0) t h +
      m.beta * Aiyagari1994.planContinuation (Aiyagari1994.canonicalPlan m z0) t h =
    (Aiyagari1994.valueFunction m) (Aiyagari1994.planResources (Aiyagari1994.canonicalPlan m z0) t h)
'Aiyagari1994.canonical_bellman_equality' depends on axioms: [propext, Classical.choice, Quot.sound]
Aiyagari1994.canonical_expected_bellman_equality (m : Aiyagari1994.HouseholdPrimitives) (z0 : Aiyagari1994.Resources)
  (t : ℕ) :
  Aiyagari1994.expectedFlow (Aiyagari1994.canonicalPlan m z0) t +
      m.beta * Aiyagari1994.expectedTerminalValue (Aiyagari1994.canonicalPlan m z0) (t + 1) =
    Aiyagari1994.expectedTerminalValue (Aiyagari1994.canonicalPlan m z0) t
'Aiyagari1994.canonical_expected_bellman_equality' depends on axioms: [propext, Classical.choice, Quot.sound]
Aiyagari1994.canonical_finiteHorizon_verification (m : Aiyagari1994.HouseholdPrimitives) (z0 : Aiyagari1994.Resources)
  (N : ℕ) :
  Aiyagari1994.finiteUtility (Aiyagari1994.canonicalPlan m z0) N +
      m.beta ^ N * Aiyagari1994.expectedTerminalValue (Aiyagari1994.canonicalPlan m z0) N =
    (Aiyagari1994.valueFunction m) z0
'Aiyagari1994.canonical_finiteHorizon_verification' depends on axioms: [propext, Classical.choice, Quot.sound]
Aiyagari1994.discountedTerminalValue_bound {m : Aiyagari1994.HouseholdPrimitives} {z0 : Aiyagari1994.Resources}
  (p : Aiyagari1994.FeasiblePlan m z0) (N : ℕ) :
  |m.beta ^ N * Aiyagari1994.expectedTerminalValue p N| ≤ m.beta ^ N * ‖Aiyagari1994.valueFunction m‖
'Aiyagari1994.discountedTerminalValue_bound' depends on axioms: [propext, Classical.choice, Quot.sound]
Aiyagari1994.discountedTerminalValue_tendsto {m : Aiyagari1994.HouseholdPrimitives} {z0 : Aiyagari1994.Resources}
  (p : Aiyagari1994.FeasiblePlan m z0) :
  Filter.Tendsto (fun (N : ℕ) => m.beta ^ N * Aiyagari1994.expectedTerminalValue p N) Filter.atTop (nhds 0)
'Aiyagari1994.discountedTerminalValue_tendsto' depends on axioms: [propext, Classical.choice, Quot.sound]
Aiyagari1994.lifetimeUtility_le_value {m : Aiyagari1994.HouseholdPrimitives} {z0 : Aiyagari1994.Resources}
  (p : Aiyagari1994.FeasiblePlan m z0) : Aiyagari1994.lifetimeUtility p ≤ (Aiyagari1994.valueFunction m) z0
'Aiyagari1994.lifetimeUtility_le_value' depends on axioms: [propext, Classical.choice, Quot.sound]
Aiyagari1994.canonical_lifetimeUtility_eq_value (m : Aiyagari1994.HouseholdPrimitives) (z0 : Aiyagari1994.Resources) :
  Aiyagari1994.lifetimeUtility (Aiyagari1994.canonicalPlan m z0) = (Aiyagari1994.valueFunction m) z0
'Aiyagari1994.canonical_lifetimeUtility_eq_value' depends on axioms: [propext, Classical.choice, Quot.sound]
Aiyagari1994.canonicalPolicy_lifetime_optimal (m : Aiyagari1994.HouseholdPrimitives) (z0 : Aiyagari1994.Resources) :
  (∀ (p : Aiyagari1994.FeasiblePlan m z0), Summable fun (t : ℕ) => |m.beta ^ t * Aiyagari1994.expectedFlow p t|) ∧
    (∀ (p : Aiyagari1994.FeasiblePlan m z0), Aiyagari1994.lifetimeUtility p ≤ (Aiyagari1994.valueFunction m) z0) ∧
      Aiyagari1994.lifetimeUtility (Aiyagari1994.canonicalPlan m z0) = (Aiyagari1994.valueFunction m) z0 ∧
        ∀ (p : Aiyagari1994.FeasiblePlan m z0),
          Aiyagari1994.lifetimeUtility p ≤ Aiyagari1994.lifetimeUtility (Aiyagari1994.canonicalPlan m z0)
'Aiyagari1994.canonicalPolicy_lifetime_optimal' depends on axioms: [propext, Classical.choice, Quot.sound]
Aiyagari1994.original_shifted_trajectory_budget_iff {i : Aiyagari1994.IncomeData} (p : Aiyagari1994.OriginalPrices i)
  (assets consumption : ℕ → ℝ) (labor : ℕ → ↑i.Labor) :
  (∀ (t : ℕ),
      consumption t + assets (t + 1) = (1 + p.netRate) * assets t + p.wage * ↑(labor t) ∧
        -p.debtLimit ≤ assets (t + 1)) ↔
    ∀ (t : ℕ),
      consumption t + (assets (t + 1) + p.debtLimit) =
          p.normalized.grossReturn * (assets t + p.debtLimit) + p.wage * ↑(labor t) - p.netRate * p.debtLimit ∧
        0 ≤ assets (t + 1) + p.debtLimit
'Aiyagari1994.original_shifted_trajectory_budget_iff' depends on axioms: [propext, Classical.choice, Quot.sound]
Aiyagari1994.plan_original_budget_step {m : Aiyagari1994.HouseholdPrimitives} {z0 : Aiyagari1994.Resources}
  (p : Aiyagari1994.FeasiblePlan m z0) (prices : Aiyagari1994.OriginalPrices m.income)
  (hp : prices.normalized = m.prices) (t : ℕ) (h : Aiyagari1994.History m (t + 1)) :
  ↑(Aiyagari1994.planConsumption p (t + 1) h) + (↑(p.action (t + 1) h) - prices.debtLimit) =
      (1 + prices.netRate) * (↑(p.action t (Aiyagari1994.previousHistory m t h)) - prices.debtLimit) +
        prices.wage * ↑(Aiyagari1994.newestShock m t h) ∧
    -prices.debtLimit ≤ ↑(p.action (t + 1) h) - prices.debtLimit
'Aiyagari1994.plan_original_budget_step' depends on axioms: [propext, Classical.choice, Quot.sound]
Aiyagari1994.plan_original_budget_initial {m : Aiyagari1994.HouseholdPrimitives} {z0 : Aiyagari1994.Resources}
  (p : Aiyagari1994.FeasiblePlan m z0) (prices : Aiyagari1994.OriginalPrices m.income) (initialAssets : ℝ)
  (initialLabor : ↑m.income.Labor)
  (hz :
    ↑z0 =
      (1 + prices.netRate) * (initialAssets + prices.debtLimit) + prices.wage * ↑initialLabor -
        prices.netRate * prices.debtLimit)
  (h : Aiyagari1994.History m 0) :
  ↑(Aiyagari1994.planConsumption p 0 h) + (↑(p.action 0 h) - prices.debtLimit) =
      (1 + prices.netRate) * initialAssets + prices.wage * ↑initialLabor ∧
    -prices.debtLimit ≤ ↑(p.action 0 h) - prices.debtLimit
'Aiyagari1994.plan_original_budget_initial' depends on axioms: [propext, Classical.choice, Quot.sound]
Aiyagari1994.FeasiblePlan.action {m : Aiyagari1994.HouseholdPrimitives} {z0 : Aiyagari1994.Resources}
  (self : Aiyagari1994.FeasiblePlan m z0) (t : ℕ) : Aiyagari1994.History m t → Aiyagari1994.Resources
'Aiyagari1994.FeasiblePlan.action' depends on axioms: [propext, Classical.choice, Quot.sound]
Aiyagari1994.FeasiblePlan.measurable_action {m : Aiyagari1994.HouseholdPrimitives} {z0 : Aiyagari1994.Resources}
  (self : Aiyagari1994.FeasiblePlan m z0) (t : ℕ) : Measurable (self.action t)
'Aiyagari1994.FeasiblePlan.measurable_action' depends on axioms: [propext, Classical.choice, Quot.sound]
Aiyagari1994.FeasiblePlan.feasible {m : Aiyagari1994.HouseholdPrimitives} {z0 : Aiyagari1994.Resources}
  (self : Aiyagari1994.FeasiblePlan m z0) (t : ℕ) (h : Aiyagari1994.History m t) :
  self.action t h ≤ Aiyagari1994.actionResources m z0 self.action t h
'Aiyagari1994.FeasiblePlan.feasible' depends on axioms: [propext, Classical.choice, Quot.sound]
Aiyagari1994.nonnegativeExtension (f : Aiyagari1994.Resources → ℝ) (x : ℝ) : ℝ
'Aiyagari1994.nonnegativeExtension' depends on axioms: [propext, Classical.choice, Quot.sound]
Aiyagari1994.NNRealConcave.extension {f : Aiyagari1994.Resources → ℝ} (hf : Aiyagari1994.NNRealConcave f) :
  ConcaveOn ℝ (Set.Ici 0) (Aiyagari1994.nonnegativeExtension f)
'Aiyagari1994.NNRealConcave.extension' depends on axioms: [propext, Classical.choice, Quot.sound]
Aiyagari1994.concave_four_point {f : ℝ → ℝ} (hf : ConcaveOn ℝ (Set.Ici 0) f) {x y u v : ℝ} (hx : 0 ≤ x) (hxy : x < y)
  (hxu : x ≤ u) (huy : u ≤ y) (hxv : x ≤ v) (hvy : v ≤ y) (hs : u + v = x + y) : f x + f y ≤ f u + f v
'Aiyagari1994.concave_four_point' depends on axioms: [propext, Classical.choice, Quot.sound]
Aiyagari1994.assetPolicy_monotone (m : Aiyagari1994.HouseholdPrimitives) : Monotone (Aiyagari1994.assetPolicy m)
'Aiyagari1994.assetPolicy_monotone' depends on axioms: [propext, Classical.choice, Quot.sound]
Aiyagari1994.consumptionPolicy_monotone (m : Aiyagari1994.HouseholdPrimitives) :
  Monotone (Aiyagari1994.consumptionPolicy m)
'Aiyagari1994.consumptionPolicy_monotone' depends on axioms: [propext, Classical.choice, Quot.sound]
Aiyagari1994.policies_order_lipschitz (m : Aiyagari1994.HouseholdPrimitives) :
  Monotone (Aiyagari1994.assetPolicy m) ∧
    Monotone (Aiyagari1994.consumptionPolicy m) ∧
      ∀ (z1 z2 : Aiyagari1994.Resources),
        z1 ≤ z2 →
          (0 ≤ ↑(Aiyagari1994.assetPolicy m z2) - ↑(Aiyagari1994.assetPolicy m z1) ∧
              ↑(Aiyagari1994.assetPolicy m z2) - ↑(Aiyagari1994.assetPolicy m z1) ≤ ↑z2 - ↑z1) ∧
            0 ≤ ↑(Aiyagari1994.consumptionPolicy m z2) - ↑(Aiyagari1994.consumptionPolicy m z1) ∧
              ↑(Aiyagari1994.consumptionPolicy m z2) - ↑(Aiyagari1994.consumptionPolicy m z1) ≤ ↑z2 - ↑z1
'Aiyagari1994.policies_order_lipschitz' depends on axioms: [propext, Classical.choice, Quot.sound]
Aiyagari1994.valueExtension (m : Aiyagari1994.HouseholdPrimitives) : ℝ → ℝ
'Aiyagari1994.valueExtension' depends on axioms: [propext, Classical.choice, Quot.sound]
Aiyagari1994.valueExtension_concave (m : Aiyagari1994.HouseholdPrimitives) :
  ConcaveOn ℝ (Set.Ici 0) (Aiyagari1994.valueExtension m)
'Aiyagari1994.valueExtension_concave' depends on axioms: [propext, Classical.choice, Quot.sound]
Aiyagari1994.valueExtension_continuous (m : Aiyagari1994.HouseholdPrimitives) :
  Continuous (Aiyagari1994.valueExtension m)
'Aiyagari1994.valueExtension_continuous' depends on axioms: [propext, Classical.choice, Quot.sound]
Aiyagari1994.valueExtension_strictMono (m : Aiyagari1994.HouseholdPrimitives) :
  StrictMonoOn (Aiyagari1994.valueExtension m) (Set.Ici 0)
'Aiyagari1994.valueExtension_strictMono' depends on axioms: [propext, Classical.choice, Quot.sound]
Aiyagari1994.rightMarginalValue (m : Aiyagari1994.HouseholdPrimitives) (z : ℝ) : ℝ
'Aiyagari1994.rightMarginalValue' depends on axioms: [propext, Classical.choice, Quot.sound]
Aiyagari1994.rightMarginalValue_hasDerivWithinAt (m : Aiyagari1994.HouseholdPrimitives) {z : ℝ} (hz : 0 < z) :
  HasDerivWithinAt (Aiyagari1994.valueExtension m) (Aiyagari1994.rightMarginalValue m z) (Set.Ioi z) z
'Aiyagari1994.rightMarginalValue_hasDerivWithinAt' depends on axioms: [propext, Classical.choice, Quot.sound]
Aiyagari1994.rightMarginalValue_secant_limit (m : Aiyagari1994.HouseholdPrimitives) {z : ℝ} (hz : 0 < z) :
  Filter.Tendsto (slope (Aiyagari1994.valueExtension m) z) (nhdsWithin z (Set.Ioi z))
    (nhds (Aiyagari1994.rightMarginalValue m z))
'Aiyagari1994.rightMarginalValue_secant_limit' depends on axioms: [propext, Classical.choice, Quot.sound]
Aiyagari1994.rightSecant_antitone (m : Aiyagari1994.HouseholdPrimitives) {z : ℝ} (hz : 0 ≤ z) :
  AntitoneOn (slope (Aiyagari1994.valueExtension m) z) (Set.Ioi z)
'Aiyagari1994.rightSecant_antitone' depends on axioms: [propext, Classical.choice, Quot.sound]
Aiyagari1994.secant_le_rightMarginalValue (m : Aiyagari1994.HouseholdPrimitives) {z y : ℝ} (hz : 0 < z) (hzy : z < y) :
  slope (Aiyagari1994.valueExtension m) z y ≤ Aiyagari1994.rightMarginalValue m z
'Aiyagari1994.secant_le_rightMarginalValue' depends on axioms: [propext, Classical.choice, Quot.sound]
Aiyagari1994.rightMarginalValue_pos (m : Aiyagari1994.HouseholdPrimitives) {z : ℝ} (hz : 0 < z) :
  0 < Aiyagari1994.rightMarginalValue m z
'Aiyagari1994.rightMarginalValue_pos' depends on axioms: [propext, Classical.choice, Quot.sound]
Aiyagari1994.rightMarginalValue_le_leftSecant (m : Aiyagari1994.HouseholdPrimitives) {x z : ℝ} (hx : 0 ≤ x)
  (hxz : x < z) : Aiyagari1994.rightMarginalValue m z ≤ slope (Aiyagari1994.valueExtension m) x z
'Aiyagari1994.rightMarginalValue_le_leftSecant' depends on axioms: [propext, Classical.choice, Quot.sound]
Aiyagari1994.rightMarginalValue_antitone (m : Aiyagari1994.HouseholdPrimitives) :
  AntitoneOn (Aiyagari1994.rightMarginalValue m) (Set.Ioi 0)
'Aiyagari1994.rightMarginalValue_antitone' depends on axioms: [propext, Classical.choice, Quot.sound]
Aiyagari1994.utilityOscillation (m : Aiyagari1994.HouseholdPrimitives) : ℝ
'Aiyagari1994.utilityOscillation' depends on axioms: [propext, Classical.choice, Quot.sound]
Aiyagari1994.valueExtension_oscillation_bound (m : Aiyagari1994.HouseholdPrimitives) {z : ℝ} (_hz : 0 ≤ z) :
  Aiyagari1994.valueExtension m z - Aiyagari1994.valueExtension m 0 ≤ Aiyagari1994.utilityOscillation m / (1 - m.beta)
'Aiyagari1994.valueExtension_oscillation_bound' depends on axioms: [propext, Classical.choice, Quot.sound]
Aiyagari1994.rightMarginalValue_bounds (m : Aiyagari1994.HouseholdPrimitives) {z : ℝ} (hz : 0 < z) :
  Aiyagari1994.rightMarginalValue m z ≤ (Aiyagari1994.valueExtension m z - Aiyagari1994.valueExtension m 0) / z ∧
    (Aiyagari1994.valueExtension m z - Aiyagari1994.valueExtension m 0) / z ≤
      Aiyagari1994.utilityOscillation m / ((1 - m.beta) * z)
'Aiyagari1994.rightMarginalValue_bounds' depends on axioms: [propext, Classical.choice, Quot.sound]
Aiyagari1994.valueSlope_tendsto_left (m : Aiyagari1994.HouseholdPrimitives) {z y : ℝ} (hzy : z < y) :
  Filter.Tendsto (fun (x : ℝ) => slope (Aiyagari1994.valueExtension m) x y) (nhdsWithin z (Set.Ioi z))
    (nhds (slope (Aiyagari1994.valueExtension m) z y))
'Aiyagari1994.valueSlope_tendsto_left' depends on axioms: [propext, Classical.choice, Quot.sound]
Aiyagari1994.rightMarginalValue_rightContinuous (m : Aiyagari1994.HouseholdPrimitives) {z : ℝ} (hz : 0 < z) :
  ContinuousWithinAt (Aiyagari1994.rightMarginalValue m) (Set.Ici z) z
'Aiyagari1994.rightMarginalValue_rightContinuous' depends on axioms: [propext, Classical.choice, Quot.sound]
Aiyagari1994.zeroRightMarginal (m : Aiyagari1994.HouseholdPrimitives) : ENNReal
'Aiyagari1994.zeroRightMarginal' depends on axioms: [propext, Classical.choice, Quot.sound]
Aiyagari1994.zeroSecant_antitone (m : Aiyagari1994.HouseholdPrimitives) :
  AntitoneOn (fun (y : ℝ) => ENNReal.ofReal (slope (Aiyagari1994.valueExtension m) 0 y)) (Set.Ioi 0)
'Aiyagari1994.zeroSecant_antitone' depends on axioms: [propext, Classical.choice, Quot.sound]
Aiyagari1994.zeroRightMarginal_secant_limit (m : Aiyagari1994.HouseholdPrimitives) :
  Filter.Tendsto (fun (y : ℝ) => ENNReal.ofReal (slope (Aiyagari1994.valueExtension m) 0 y)) (nhdsWithin 0 (Set.Ioi 0))
    (nhds (Aiyagari1994.zeroRightMarginal m))
'Aiyagari1994.zeroRightMarginal_secant_limit' depends on axioms: [propext, Classical.choice, Quot.sound]
Aiyagari1994.rightMarginalValue_le_zeroRightMarginal (m : Aiyagari1994.HouseholdPrimitives) {z : ℝ} (hz : 0 < z) :
  ENNReal.ofReal (Aiyagari1994.rightMarginalValue m z) ≤ Aiyagari1994.zeroRightMarginal m
'Aiyagari1994.rightMarginalValue_le_zeroRightMarginal' depends on axioms: [propext, Classical.choice, Quot.sound]
Aiyagari1994.zeroRightMarginal_eq_sup_positive (m : Aiyagari1994.HouseholdPrimitives) :
  Aiyagari1994.zeroRightMarginal m =
    sSup ((fun (z : ℝ) => ENNReal.ofReal (Aiyagari1994.rightMarginalValue m z)) '' Set.Ioi 0)
'Aiyagari1994.zeroRightMarginal_eq_sup_positive' depends on axioms: [propext, Classical.choice, Quot.sound]
Aiyagari1994.positiveMarginal_antitone (m : Aiyagari1994.HouseholdPrimitives) :
  AntitoneOn (fun (z : ℝ) => ENNReal.ofReal (Aiyagari1994.rightMarginalValue m z)) (Set.Ioi 0)
'Aiyagari1994.positiveMarginal_antitone' depends on axioms: [propext, Classical.choice, Quot.sound]
Aiyagari1994.positiveMarginal_tendsto_zero (m : Aiyagari1994.HouseholdPrimitives) :
  Filter.Tendsto (fun (z : ℝ) => ENNReal.ofReal (Aiyagari1994.rightMarginalValue m z)) (nhdsWithin 0 (Set.Ioi 0))
    (nhds (Aiyagari1994.zeroRightMarginal m))
'Aiyagari1994.positiveMarginal_tendsto_zero' depends on axioms: [propext, Classical.choice, Quot.sound]
Aiyagari1994.zeroRightMarginal_eq_top_iff (m : Aiyagari1994.HouseholdPrimitives) :
  Aiyagari1994.zeroRightMarginal m = ⊤ ↔
    ∀ B < ⊤, ∃ (z : ℝ), 0 < z ∧ B < ENNReal.ofReal (Aiyagari1994.rightMarginalValue m z)
'Aiyagari1994.zeroRightMarginal_eq_top_iff' depends on axioms: [propext, Classical.choice, Quot.sound]
Aiyagari1994.rightSecant_increment (m : Aiyagari1994.HouseholdPrimitives) (z h : ℝ) :
  slope (Aiyagari1994.valueExtension m) z (z + h) =
    (Aiyagari1994.valueExtension m (z + h) - Aiyagari1994.valueExtension m z) / h
'Aiyagari1994.rightSecant_increment' depends on axioms: [propext, Classical.choice, Quot.sound]
Aiyagari1994.rightSecant_pos (m : Aiyagari1994.HouseholdPrimitives) {z y : ℝ} (hz : 0 ≤ z) (hzy : z < y) :
  0 < slope (Aiyagari1994.valueExtension m) z y
'Aiyagari1994.rightSecant_pos' depends on axioms: [propext, Classical.choice, Quot.sound]
Aiyagari1994.rightMarginalValue_eq_sSup_secants (m : Aiyagari1994.HouseholdPrimitives) {z : ℝ} (hz : 0 < z) :
  Aiyagari1994.rightMarginalValue m z = sSup (slope (Aiyagari1994.valueExtension m) z '' Set.Ioi z)
'Aiyagari1994.rightMarginalValue_eq_sSup_secants' depends on axioms: [propext, Classical.choice, Quot.sound]
Aiyagari1994.rightMarginalValue_finite (m : Aiyagari1994.HouseholdPrimitives) (z : ℝ) :
  ENNReal.ofReal (Aiyagari1994.rightMarginalValue m z) < ⊤
'Aiyagari1994.rightMarginalValue_finite' depends on axioms: [propext, Classical.choice, Quot.sound]
Aiyagari1994.zeroRightMarginal_pos (m : Aiyagari1994.HouseholdPrimitives) : 0 < Aiyagari1994.zeroRightMarginal m
'Aiyagari1994.zeroRightMarginal_pos' depends on axioms: [propext, Classical.choice, Quot.sound]
Aiyagari1994.rightMarginalValue_properties (m : Aiyagari1994.HouseholdPrimitives) :
  (∀ (z : ℝ),
      0 < z →
        Filter.Tendsto (slope (Aiyagari1994.valueExtension m) z) (nhdsWithin z (Set.Ioi z))
            (nhds (Aiyagari1994.rightMarginalValue m z)) ∧
          0 < Aiyagari1994.rightMarginalValue m z ∧
            ContinuousWithinAt (Aiyagari1994.rightMarginalValue m) (Set.Ici z) z ∧
              Aiyagari1994.rightMarginalValue m z ≤
                  (Aiyagari1994.valueExtension m z - Aiyagari1994.valueExtension m 0) / z ∧
                (Aiyagari1994.valueExtension m z - Aiyagari1994.valueExtension m 0) / z ≤
                  Aiyagari1994.utilityOscillation m / ((1 - m.beta) * z)) ∧
    AntitoneOn (Aiyagari1994.rightMarginalValue m) (Set.Ioi 0) ∧
      Filter.Tendsto (fun (y : ℝ) => ENNReal.ofReal (slope (Aiyagari1994.valueExtension m) 0 y))
          (nhdsWithin 0 (Set.Ioi 0)) (nhds (Aiyagari1994.zeroRightMarginal m)) ∧
        Filter.Tendsto (fun (z : ℝ) => ENNReal.ofReal (Aiyagari1994.rightMarginalValue m z)) (nhdsWithin 0 (Set.Ioi 0))
          (nhds (Aiyagari1994.zeroRightMarginal m))
'Aiyagari1994.rightMarginalValue_properties' depends on axioms: [propext, Classical.choice, Quot.sound]
