Audit.lean exited 0; silent assertions passed:
Aiyagari1994.Probes.State
Aiyagari1994.Probes.ValueSpace
Aiyagari1994.Probes.CompactInterval
Aiyagari1994.Probes.value_complete
Aiyagari1994.Probes.sup_distance
Aiyagari1994.Probes.state_complete
Aiyagari1994.Probes.state_separable
Aiyagari1994.Probes.state_borel
Aiyagari1994.Probes.state_measurable_id
Aiyagari1994.Probes.banach_on_values
Aiyagari1994.Probes.zero_contraction
Aiyagari1994.Probes.zero_fixed_point
Aiyagari1994.Probes.bounded_test_integrable
Aiyagari1994.Probes.pushforward_test
Aiyagari1994.Probes.kernel_composition
Aiyagari1994.Probes.kernel_identity
Aiyagari1994.Probes.kernel_transport
Aiyagari1994.Probes.deterministic_markov
Aiyagari1994.Probes.transport_mass
Aiyagari1994.Probes.weak_test_convergence
Aiyagari1994.Probes.compact_interval_laws
Aiyagari1994.Probes.individual_law_tight
Aiyagari1994.Probes.tight_family_compact
Aiyagari1994.Probes.extended_zero_value
Aiyagari1994.effectiveLimit
Aiyagari1994.naturalLimit
Aiyagari1994.effectiveLimit_nonneg
Aiyagari1994.effectiveLimit_income_nonneg
Aiyagari1994.effectiveLimit_eq_max
Aiyagari1994.effectiveLimit_continuous
Aiyagari1994.effectiveLimit_zero_neighborhood
Aiyagari1994.naturalLimit_nonneg
Aiyagari1994.naturalLimit_intercept
Aiyagari1994.naturalLimit_income
Aiyagari1994.naturalLimit_income_nonneg
Aiyagari1994.naturalLimit_continuous
Aiyagari1994.finiteCapPrices
Aiyagari1994.naturalCapPrices
Aiyagari1994.generated_resources_admissible
Aiyagari1994.effectiveLimit_admissible_continuous
Aiyagari1994.shifted_budget_equality_iff
Aiyagari1994.shifted_borrowing_iff
Aiyagari1994.shifted_budget_iff
Aiyagari1994.next_resource_identity
Aiyagari1994.original_normalized_coordinates
Aiyagari1994.Resources
Aiyagari1994.UtilityData
Aiyagari1994.UtilityBase
Aiyagari1994.UtilitySmooth
Aiyagari1994.UtilityCurvature
Aiyagari1994.Labor
Aiyagari1994.IncomeData
Aiyagari1994.IncomeData.Labor
Aiyagari1994.IncomeSupport
Aiyagari1994.IncomeNondegenerate
Aiyagari1994.labor_integrable
Aiyagari1994.LaborMeanOne
Aiyagari1994.historyLaw
Aiyagari1994.history_probability
Aiyagari1994.history_marginal
Aiyagari1994.history_independent
Aiyagari1994.history_step
Aiyagari1994.NormalizedPrices
Aiyagari1994.OriginalPrices
Aiyagari1994.OriginalPrices.normalized
Aiyagari1994.NormalizedPrices.effectiveIncome
Aiyagari1994.NormalizedPrices.nextResources
Aiyagari1994.HouseholdPrimitives
Aiyagari1994.CoreRegularity
Aiyagari1994.witnessOriginalPrices
Aiyagari1994.witnessModel
Aiyagari1994.witness_core_regular
Aiyagari1994.corePrimitives_nonempty
Aiyagari1994.WitnessLabor
Aiyagari1994.witnessLow
Aiyagari1994.witnessHigh
Aiyagari1994.witnessMeasure
Aiyagari1994.witness_measure_probability
Aiyagari1994.witnessIncome
Aiyagari1994.witness_low_mass
Aiyagari1994.witness_high_mass
Aiyagari1994.witness_only_endpoints
Aiyagari1994.witness_support_exact
Aiyagari1994.witness_income_support
Aiyagari1994.witness_income_nondegenerate
Aiyagari1994.witness_labor_mean
Aiyagari1994.witness_mean_one
Aiyagari1994.witnessUtility
Aiyagari1994.witness_utility_continuous
Aiyagari1994.witness_utility_bounds
Aiyagari1994.witness_utility_hasDerivAt
Aiyagari1994.witness_utility_deriv
Aiyagari1994.witness_utility_second_hasDerivAt
Aiyagari1994.witness_utility_second
Aiyagari1994.witness_utility_contDiff
Aiyagari1994.witness_utility_strictMono
Aiyagari1994.witness_utility_strictConcave
Aiyagari1994.witness_relative_risk_aversion
Aiyagari1994.witness_utility_base
Aiyagari1994.witness_utility_smooth
Aiyagari1994.witness_utility_curvature
Aiyagari1994.compactMax
Aiyagari1994.compactMax_continuous
Aiyagari1994.compactMax_attained
Aiyagari1994.le_compactMax
Aiyagari1994.compactMax_le
Aiyagari1994.compact_unique_argmax_continuous
Aiyagari1994.ValueSpace
Aiyagari1994.UnitShare
Aiyagari1994.unitShare_nonempty
Aiyagari1994.continuation
Aiyagari1994.nextResources_continuous
Aiyagari1994.continuation_integrand_continuous
Aiyagari1994.continuation_integrand_bound
Aiyagari1994.continuation_integrable
Aiyagari1994.continuation_continuous
Aiyagari1994.continuation_bound
Aiyagari1994.bellmanObjective
Aiyagari1994.bellmanObjective_feasible
Aiyagari1994.bellmanObjective_continuous
Aiyagari1994.shareObjective
Aiyagari1994.shareObjective_continuous
Aiyagari1994.share_feasible
Aiyagari1994.feasible_share
Aiyagari1994.bellmanValue
Aiyagari1994.bellmanValue_attained
Aiyagari1994.objective_le_bellmanValue
Aiyagari1994.bellmanValue_bound
Aiyagari1994.bellmanOperator
Aiyagari1994.bellmanOperator_apply
Aiyagari1994.continuation_sub_bound
Aiyagari1994.objective_sub_bound
Aiyagari1994.bellmanValue_sub_le
Aiyagari1994.bellman_pointwise_contraction
Aiyagari1994.bellman_norm_contraction
Aiyagari1994.bellman_selfmap_contracting
Aiyagari1994.valueFunction
Aiyagari1994.valueFunction_fixedPoint
Aiyagari1994.valueFunction_unique
Aiyagari1994.valueIteration_tendsto
Aiyagari1994.valueIteration_uniform
Aiyagari1994.utilityRange
Aiyagari1994.utilityInf
Aiyagari1994.utilitySup
Aiyagari1994.utilityRange_nonempty
Aiyagari1994.utilityRange_bounded
Aiyagari1994.utility_bounds
Aiyagari1994.valueRange_bounded
Aiyagari1994.continuation_range_bounds
Aiyagari1994.valueFunction_bounds
Aiyagari1994.valueFunction_unique_fixedPoint
Aiyagari1994.NNRealConcave
Aiyagari1994.NNRealConcave.real_combination
Aiyagari1994.nnrealConcave_zero
Aiyagari1994.transition_convex_combination
Aiyagari1994.continuation_concave
Aiyagari1994.objective_convex_combination
Aiyagari1994.bellman_preserves_concavity
Aiyagari1994.bellman_strictMono
Aiyagari1994.bellman_preserves_monotonicity
Aiyagari1994.valueIteration_concave
Aiyagari1994.valueIteration_monotone
Aiyagari1994.valueFunction_concave
Aiyagari1994.valueFunction_monotone
Aiyagari1994.valueFunction_strictMono
Aiyagari1994.valueFunction_concave_strictMono
Aiyagari1994.AssetOptimal
Aiyagari1994.assetOptimal_exists
Aiyagari1994.objective_strictConcave_assets
Aiyagari1994.assetOptimal_unique
Aiyagari1994.assetOptimal_existsUnique
Aiyagari1994.assetPolicy
Aiyagari1994.assetPolicy_optimal
Aiyagari1994.assetPolicy_le_state
Aiyagari1994.assetPolicy_maximizes
Aiyagari1994.assetOptimal_iff_maximizes
Aiyagari1994.assetPolicy_existsUnique_maximizer
Aiyagari1994.assetPolicy_zero
Aiyagari1994.PositiveResources
Aiyagari1994.positiveAssetShare
Aiyagari1994.positiveAssetShare_mul
Aiyagari1994.positiveAssetShare_continuous
Aiyagari1994.assetPolicy_continuous_positive
Aiyagari1994.assetPolicy_continuous
Aiyagari1994.consumptionPolicy
Aiyagari1994.consumptionPolicy_coe
Aiyagari1994.consumptionPolicy_budget
Aiyagari1994.consumptionPolicy_continuous
Aiyagari1994.assetPolicy_unique_continuous
Aiyagari1994.History
Aiyagari1994.historySplit
Aiyagari1994.newestShock
Aiyagari1994.previousHistory
Aiyagari1994.extendHistory
Aiyagari1994.newestShock_measurable
Aiyagari1994.previousHistory_measurable
Aiyagari1994.extendHistory_measurable
Aiyagari1994.newestShock_extend
Aiyagari1994.previousHistory_extend
Aiyagari1994.history_integral_step
Aiyagari1994.actionResources
Aiyagari1994.FeasiblePlan
Aiyagari1994.planResources
Aiyagari1994.planConsumption
Aiyagari1994.planResources_measurable
Aiyagari1994.planConsumption_measurable
Aiyagari1994.planConsumption_coe
Aiyagari1994.planConsumption_budget
Aiyagari1994.flowUtility
Aiyagari1994.utilityBound
Aiyagari1994.utilityBound_spec
Aiyagari1994.utilityBound_nonneg
Aiyagari1994.flowUtility_measurable
Aiyagari1994.flowUtility_bound
Aiyagari1994.flowUtility_integrable
Aiyagari1994.expectedFlow
Aiyagari1994.expectedFlow_bound
Aiyagari1994.finiteUtility
Aiyagari1994.expectedTerminalValue
Aiyagari1994.terminalValue_integrable
Aiyagari1994.expectedTerminalValue_bound
Aiyagari1994.lifetimeUtility
Aiyagari1994.discountedFlow_abs_summable
Aiyagari1994.discountedFlow_summable
Aiyagari1994.finiteUtility_tendsto
Aiyagari1994.planContinuation
Aiyagari1994.planContinuation_integrable
Aiyagari1994.expectedTerminalValue_step
Aiyagari1994.plan_bellman_inequality
Aiyagari1994.expected_bellman_inequality
Aiyagari1994.expectedTerminalValue_zero
Aiyagari1994.finiteUtility_zero
Aiyagari1994.finiteUtility_succ
Aiyagari1994.finiteHorizon_verification
Aiyagari1994.canonicalResources
Aiyagari1994.canonicalResources_measurable
Aiyagari1994.canonicalAction
Aiyagari1994.canonicalAction_resources
Aiyagari1994.canonicalPlan
Aiyagari1994.canonicalPlan_action
Aiyagari1994.canonical_bellman_equality
Aiyagari1994.canonical_expected_bellman_equality
Aiyagari1994.canonical_finiteHorizon_verification
Aiyagari1994.discountedTerminalValue_bound
Aiyagari1994.discountedTerminalValue_tendsto
Aiyagari1994.lifetimeUtility_le_value
Aiyagari1994.canonical_lifetimeUtility_eq_value
Aiyagari1994.canonicalPolicy_lifetime_optimal
Aiyagari1994.original_shifted_trajectory_budget_iff
Aiyagari1994.plan_original_budget_step
Aiyagari1994.plan_original_budget_initial
Aiyagari1994.FeasiblePlan.action
Aiyagari1994.FeasiblePlan.measurable_action
Aiyagari1994.FeasiblePlan.feasible
Aiyagari1994.nonnegativeExtension
Aiyagari1994.NNRealConcave.extension
Aiyagari1994.concave_four_point
Aiyagari1994.assetPolicy_monotone
Aiyagari1994.consumptionPolicy_monotone
Aiyagari1994.policies_order_lipschitz
Aiyagari1994.valueExtension
Aiyagari1994.valueExtension_concave
Aiyagari1994.valueExtension_continuous
Aiyagari1994.valueExtension_strictMono
Aiyagari1994.rightMarginalValue
Aiyagari1994.rightMarginalValue_hasDerivWithinAt
Aiyagari1994.rightMarginalValue_secant_limit
Aiyagari1994.rightSecant_antitone
Aiyagari1994.secant_le_rightMarginalValue
Aiyagari1994.rightMarginalValue_pos
Aiyagari1994.rightMarginalValue_le_leftSecant
Aiyagari1994.rightMarginalValue_antitone
Aiyagari1994.utilityOscillation
Aiyagari1994.valueExtension_oscillation_bound
Aiyagari1994.rightMarginalValue_bounds
Aiyagari1994.valueSlope_tendsto_left
Aiyagari1994.rightMarginalValue_rightContinuous
Aiyagari1994.zeroRightMarginal
Aiyagari1994.zeroSecant_antitone
Aiyagari1994.zeroRightMarginal_secant_limit
Aiyagari1994.rightMarginalValue_le_zeroRightMarginal
Aiyagari1994.zeroRightMarginal_eq_sup_positive
Aiyagari1994.positiveMarginal_antitone
Aiyagari1994.positiveMarginal_tendsto_zero
Aiyagari1994.zeroRightMarginal_eq_top_iff
Aiyagari1994.rightSecant_increment
Aiyagari1994.rightSecant_pos
Aiyagari1994.rightMarginalValue_eq_sSup_secants
Aiyagari1994.rightMarginalValue_finite
Aiyagari1994.zeroRightMarginal_pos
Aiyagari1994.rightMarginalValue_properties
Aiyagari1994.marginalStep
Aiyagari1994.marginalStep_pos
Aiyagari1994.marginalStep_antitone
Aiyagari1994.marginalStep_tendsto_zero
Aiyagari1994.tendsto_add_marginalStep_right
Aiyagari1994.extendedRightMarginalValue
Aiyagari1994.extendedRightMarginalValue_zero
Aiyagari1994.extendedRightMarginalValue_of_pos
Aiyagari1994.extendedRightMarginalValue_measurable
Aiyagari1994.value_extraSaving_comparison
Aiyagari1994.transitionSecant_integrable
Aiyagari1994.secant_extraSaving_comparison
Aiyagari1994.secant_extraSaving_lintegral
Aiyagari1994.extendedRightMarginalValue_superharmonic
Aiyagari1994.continuationMarginal_lintegral_lt_top
Aiyagari1994.rightMarginalValue_superharmonic
