Command: ["bash", "/var/folders/yb/dslspnp97fb7h44jxtqd7spr0000gn/T/aiyagari-doc-check-fhcra912/tools/build_docs.sh", "proof_ledger"]
[WARNING] Deprecated: --no-highlight. Use --syntax-highlighting=none instead.
Rc files read:
  NONE
Latexmk: This is Latexmk, John Collins, 31 Jan. 2024. Version 4.83.
No existing .aux file, so I'll make a simple one, and require run of *latex.
Latexmk: applying rule 'pdflatex'...
Rule 'pdflatex':  Reasons for rerun
Category 'other':
  Rerun of 'pdflatex' forced or previously required:
    Reason or flag: 'Initial setup'

------------
Run number 1 of rule 'pdflatex'
------------
------------
Running 'pdflatex  -interaction=nonstopmode -halt-on-error -recorder  "proof_ledger.tex"'
------------
This is pdfTeX, Version 3.141592653-2.6-1.40.26 (TeX Live 2024) (preloaded format=pdflatex)
 restricted \write18 enabled.
entering extended mode
(./proof_ledger.tex
LaTeX2e <2023-11-01> patch level 1
L3 programming layer <2024-02-20>
(/usr/local/texlive/2024/texmf-dist/tex/latex/base/article.cls
Document Class: article 2023/05/17 v1.4n Standard LaTeX document class
(/usr/local/texlive/2024/texmf-dist/tex/latex/base/size11.clo))
(/usr/local/texlive/2024/texmf-dist/tex/latex/xcolor/xcolor.sty
(/usr/local/texlive/2024/texmf-dist/tex/latex/graphics-cfg/color.cfg)
(/usr/local/texlive/2024/texmf-dist/tex/latex/graphics-def/pdftex.def)
(/usr/local/texlive/2024/texmf-dist/tex/latex/graphics/mathcolor.ltx))
(/usr/local/texlive/2024/texmf-dist/tex/latex/graphics/dvipsnam.def)
(/usr/local/texlive/2024/texmf-dist/tex/latex/xcolor/svgnam.def)
(/usr/local/texlive/2024/texmf-dist/tex/latex/xcolor/x11nam.def)
(/usr/local/texlive/2024/texmf-dist/tex/latex/geometry/geometry.sty
(/usr/local/texlive/2024/texmf-dist/tex/latex/graphics/keyval.sty)
(/usr/local/texlive/2024/texmf-dist/tex/generic/iftex/ifvtex.sty
(/usr/local/texlive/2024/texmf-dist/tex/generic/iftex/iftex.sty)))
(/usr/local/texlive/2024/texmf-dist/tex/latex/amsmath/amsmath.sty
For additional information on amsmath, use the `?' option.
(/usr/local/texlive/2024/texmf-dist/tex/latex/amsmath/amstext.sty
(/usr/local/texlive/2024/texmf-dist/tex/latex/amsmath/amsgen.sty))
(/usr/local/texlive/2024/texmf-dist/tex/latex/amsmath/amsbsy.sty)
(/usr/local/texlive/2024/texmf-dist/tex/latex/amsmath/amsopn.sty))
(/usr/local/texlive/2024/texmf-dist/tex/latex/amsfonts/amssymb.sty
(/usr/local/texlive/2024/texmf-dist/tex/latex/amsfonts/amsfonts.sty))
(/usr/local/texlive/2024/texmf-dist/tex/latex/base/fontenc.sty)
(/usr/local/texlive/2024/texmf-dist/tex/latex/base/inputenc.sty)
(/usr/local/texlive/2024/texmf-dist/tex/latex/base/textcomp.sty)
(/usr/local/texlive/2024/texmf-dist/tex/latex/lm/lmodern.sty)
(/usr/local/texlive/2024/texmf-dist/tex/latex/upquote/upquote.sty)
(/usr/local/texlive/2024/texmf-dist/tex/latex/microtype/microtype.sty
(/usr/local/texlive/2024/texmf-dist/tex/latex/etoolbox/etoolbox.sty)
(/usr/local/texlive/2024/texmf-dist/tex/latex/microtype/microtype-pdftex.def)
(/usr/local/texlive/2024/texmf-dist/tex/latex/microtype/microtype.cfg))
(/usr/local/texlive/2024/texmf-dist/tex/latex/parskip/parskip.sty
(/usr/local/texlive/2024/texmf-dist/tex/latex/kvoptions/kvoptions.sty
(/usr/local/texlive/2024/texmf-dist/tex/generic/ltxcmds/ltxcmds.sty)
(/usr/local/texlive/2024/texmf-dist/tex/latex/kvsetkeys/kvsetkeys.sty)))
(/usr/local/texlive/2024/texmf-dist/tex/latex/mathtools/mathtools.sty
(/usr/local/texlive/2024/texmf-dist/tex/latex/tools/calc.sty)
(/usr/local/texlive/2024/texmf-dist/tex/latex/mathtools/mhsetup.sty))
(/usr/local/texlive/2024/texmf-dist/tex/latex/tools/longtable.sty)
(/usr/local/texlive/2024/texmf-dist/tex/latex/booktabs/booktabs.sty)
(/usr/local/texlive/2024/texmf-dist/tex/latex/tools/array.sty)
(/usr/local/texlive/2024/texmf-dist/tex/latex/fancyhdr/fancyhdr.sty)
(/usr/local/texlive/2024/texmf-dist/tex/latex/fvextra/fvextra.sty
(/usr/local/texlive/2024/texmf-dist/tex/latex/fancyvrb/fancyvrb.sty)
(/usr/local/texlive/2024/texmf-dist/tex/latex/lineno/lineno.sty))
(/usr/local/texlive/2024/texmf-dist/tex/latex/xurl/xurl.sty
(/usr/local/texlive/2024/texmf-dist/tex/latex/url/url.sty))
(/usr/local/texlive/2024/texmf-dist/tex/latex/titlesec/titlesec.sty)
(/usr/local/texlive/2024/texmf-dist/tex/latex/needspace/needspace.sty)
(/usr/local/texlive/2024/texmf-dist/tex/latex/bookmark/bookmark.sty
(/usr/local/texlive/2024/texmf-dist/tex/latex/hyperref/hyperref.sty
(/usr/local/texlive/2024/texmf-dist/tex/generic/kvdefinekeys/kvdefinekeys.sty)
(/usr/local/texlive/2024/texmf-dist/tex/generic/pdfescape/pdfescape.sty
(/usr/local/texlive/2024/texmf-dist/tex/generic/pdftexcmds/pdftexcmds.sty
(/usr/local/texlive/2024/texmf-dist/tex/generic/infwarerr/infwarerr.sty)))
(/usr/local/texlive/2024/texmf-dist/tex/latex/hycolor/hycolor.sty)
(/usr/local/texlive/2024/texmf-dist/tex/latex/auxhook/auxhook.sty)
(/usr/local/texlive/2024/texmf-dist/tex/latex/hyperref/nameref.sty
(/usr/local/texlive/2024/texmf-dist/tex/latex/refcount/refcount.sty)
(/usr/local/texlive/2024/texmf-dist/tex/generic/gettitlestring/gettitlestring.s
ty)) (/usr/local/texlive/2024/texmf-dist/tex/latex/hyperref/pd1enc.def)
(/usr/local/texlive/2024/texmf-dist/tex/generic/intcalc/intcalc.sty)
(/usr/local/texlive/2024/texmf-dist/tex/latex/hyperref/puenc.def)
(/usr/local/texlive/2024/texmf-dist/tex/generic/bitset/bitset.sty
(/usr/local/texlive/2024/texmf-dist/tex/generic/bigintcalc/bigintcalc.sty))
(/usr/local/texlive/2024/texmf-dist/tex/latex/base/atbegshi-ltx.sty))
(/usr/local/texlive/2024/texmf-dist/tex/latex/hyperref/hpdftex.def
(/usr/local/texlive/2024/texmf-dist/tex/latex/base/atveryend-ltx.sty)
(/usr/local/texlive/2024/texmf-dist/tex/latex/rerunfilecheck/rerunfilecheck.sty

(/usr/local/texlive/2024/texmf-dist/tex/generic/uniquecounter/uniquecounter.sty
))) (/usr/local/texlive/2024/texmf-dist/tex/latex/bookmark/bkm-pdftex.def))
(/usr/local/texlive/2024/texmf-dist/tex/latex/lm/t1lmr.fd)
(/usr/local/texlive/2024/texmf-dist/tex/latex/l3backend/l3backend-pdftex.def)
(./proof_ledger.aux)
(/usr/local/texlive/2024/texmf-dist/tex/context/base/mkii/supp-pdf.mkii
[Loading MPS to PDF converter (version 2006.09.02).]
)
*geometry* driver: auto-detecting
*geometry* detected driver: pdftex
(/usr/local/texlive/2024/texmf-dist/tex/latex/microtype/mt-cmr.cfg)
(/usr/local/texlive/2024/texmf-dist/tex/latex/graphics/graphicx.sty
(/usr/local/texlive/2024/texmf-dist/tex/latex/graphics/graphics.sty
(/usr/local/texlive/2024/texmf-dist/tex/latex/graphics/trig.sty)
(/usr/local/texlive/2024/texmf-dist/tex/latex/graphics-cfg/graphics.cfg)))
(/usr/local/texlive/2024/texmf-dist/tex/latex/lm/ot1lmr.fd)
(/usr/local/texlive/2024/texmf-dist/tex/latex/lm/omllmm.fd)
(/usr/local/texlive/2024/texmf-dist/tex/latex/lm/omslmsy.fd)
(/usr/local/texlive/2024/texmf-dist/tex/latex/lm/omxlmex.fd)
(/usr/local/texlive/2024/texmf-dist/tex/latex/amsfonts/umsa.fd)
(/usr/local/texlive/2024/texmf-dist/tex/latex/microtype/mt-msa.cfg)
(/usr/local/texlive/2024/texmf-dist/tex/latex/amsfonts/umsb.fd)
(/usr/local/texlive/2024/texmf-dist/tex/latex/microtype/mt-msb.cfg)
(/usr/local/texlive/2024/texmf-dist/tex/latex/lm/t1lmtt.fd) [1{/usr/local/texli
ve/2024/texmf-var/fonts/map/pdftex/updmap/pdftex.map}{/usr/local/texlive/2024/t
exmf-dist/fonts/enc/dvips/lm/lm-ec.enc}]
(/usr/local/texlive/2024/texmf-dist/tex/latex/lm/ts1lmtt.fd)
(/usr/local/texlive/2024/texmf-dist/tex/latex/lm/t1lmss.fd) [2{/usr/local/texli
ve/2024/texmf-dist/fonts/enc/dvips/lm/lm-ts1.enc}{/usr/local/texlive/2024/texmf
-dist/fonts/enc/dvips/lm/lm-mathit.enc}{/usr/local/texlive/2024/texmf-dist/font
s/enc/dvips/lm/lm-mathsy.enc}] [3{/usr/local/texlive/2024/texmf-dist/fonts/enc/
dvips/lm/lm-mathex.enc}]
(/usr/local/texlive/2024/texmf-dist/tex/latex/lm/ts1lmr.fd) [4{/usr/local/texli
ve/2024/texmf-dist/fonts/enc/dvips/lm/lm-rm.enc}]
Underfull \hbox (badness 6016) in paragraph at lines 414--421
[]\T1/lmtt/m/n/10.95 finiteCapPrices \T1/lmr/m/n/10.95 (+20) and \T1/lmtt/m/n/1
0.95 naturalCapPrices \T1/lmr/m/n/10.95 (+20) con-struct the same \T1/lmtt/m/n/
10.95 OriginalPrices \T1/lmr/m/n/10.95 (+20) type with

Underfull \hbox (badness 1824) in paragraph at lines 414--421
\T1/lmr/m/n/10.95 (+20) these proved ad-mis-si-bil-ity facts. \T1/lmtt/m/n/10.9
5 OriginalPrices.normalized \T1/lmr/m/n/10.95 (+20) con-structs nor-mal-ized pr
ices;
[5] [6] [7] [8]
Underfull \hbox (badness 1264) in paragraph at lines 702--714
[]\T1/lmr/bx/n/10.95 (+20) Fixed-point and con-ver-gence proof. \T1/lmr/m/n/10.
95 (+20) De-fine \T1/lmtt/m/n/10.95 valueFunction m \T1/lmr/m/n/10.95 (+20) onc
e us-ing the in-stalled

Underfull \hbox (badness 1270) in paragraph at lines 702--714
\T1/lmtt/m/n/10.95 valueFunction_unique \T1/lmr/m/n/10.95 (+20) among all bound
ed con-tin-u-ous can-di-dates. \T1/lmtt/m/n/10.95 valueIteration_tendsto

Underfull \hbox (badness 1629) in paragraph at lines 702--714
\T1/lmr/m/n/10.95 (+20) gives con-ver-gence in the supre-mum met-ric from ev-er
y ini-tial bounded con-tin-u-ous func-tion.
[9] [10] [11] [12] [13] [14] [15] [16] [17] [18] [19] [20] [21] [22] [23]
Underfull \hbox (badness 3386) in paragraph at lines 1738--1742
[]\T1/lmr/bx/n/10.95 (+20) Mathematical con-tract. \T1/lmr/m/n/10.95 (+20) In t
he ex-act continuous-state uniform-income model in EX-

Underfull \hbox (badness 1253) in paragraph at lines 1738--1742
\T1/lmr/m/n/10.95 (+20) ACT_DIAGNOSTIC, all core prim-i-tive con-di-tions hold
and A(z)=0 when-ever 0<z<=1/100,
[24] [25] [26] [27] [28] [29] [30] [31] [32] [33] [34] [35] [36] [37] [38]
[39] (./proof_ledger.aux)

LaTeX Warning: Label(s) may have changed. Rerun to get cross-references right.

 )
(see the transcript file for additional information)</usr/local/texlive/2024/te
xmf-dist/fonts/type1/public/lm/lmbx10.pfb></usr/local/texlive/2024/texmf-dist/f
onts/type1/public/lm/lmbx12.pfb></usr/local/texlive/2024/texmf-dist/fonts/type1
/public/lm/lmex10.pfb></usr/local/texlive/2024/texmf-dist/fonts/type1/public/lm
/lmmi10.pfb></usr/local/texlive/2024/texmf-dist/fonts/type1/public/lm/lmmi6.pfb
></usr/local/texlive/2024/texmf-dist/fonts/type1/public/lm/lmmi7.pfb></usr/loca
l/texlive/2024/texmf-dist/fonts/type1/public/lm/lmmi8.pfb></usr/local/texlive/2
024/texmf-dist/fonts/type1/public/lm/lmr10.pfb></usr/local/texlive/2024/texmf-d
ist/fonts/type1/public/lm/lmr12.pfb></usr/local/texlive/2024/texmf-dist/fonts/t
ype1/public/lm/lmr17.pfb></usr/local/texlive/2024/texmf-dist/fonts/type1/public
/lm/lmr8.pfb></usr/local/texlive/2024/texmf-dist/fonts/type1/public/lm/lmr9.pfb
></usr/local/texlive/2024/texmf-dist/fonts/type1/public/lm/lmss10.pfb></usr/loc
al/texlive/2024/texmf-dist/fonts/type1/public/lm/lmsy10.pfb></usr/local/texlive
/2024/texmf-dist/fonts/type1/public/lm/lmsy6.pfb></usr/local/texlive/2024/texmf
-dist/fonts/type1/public/lm/lmsy8.pfb></usr/local/texlive/2024/texmf-dist/fonts
/type1/public/lm/lmtt10.pfb></usr/local/texlive/2024/texmf-dist/fonts/type1/pub
lic/amsfonts/symbols/msbm10.pfb>
Output written on proof_ledger.pdf (39 pages, 442820 bytes).
Transcript written on proof_ledger.log.
Latexmk: Getting log file 'proof_ledger.log'
Latexmk: Examining 'proof_ledger.fls'
Latexmk: Examining 'proof_ledger.log'
Latexmk: References changed.
Latexmk: Log file says output to 'proof_ledger.pdf'
Latexmk: applying rule 'pdflatex'...
Rule 'pdflatex':  Reasons for rerun
Changed files or newly in use/created:
  proof_ledger.aux

------------
Run number 2 of rule 'pdflatex'
------------
------------
Running 'pdflatex  -interaction=nonstopmode -halt-on-error -recorder  "proof_ledger.tex"'
------------
This is pdfTeX, Version 3.141592653-2.6-1.40.26 (TeX Live 2024) (preloaded format=pdflatex)
 restricted \write18 enabled.
entering extended mode
(./proof_ledger.tex
LaTeX2e <2023-11-01> patch level 1
L3 programming layer <2024-02-20>
(/usr/local/texlive/2024/texmf-dist/tex/latex/base/article.cls
Document Class: article 2023/05/17 v1.4n Standard LaTeX document class
(/usr/local/texlive/2024/texmf-dist/tex/latex/base/size11.clo))
(/usr/local/texlive/2024/texmf-dist/tex/latex/xcolor/xcolor.sty
(/usr/local/texlive/2024/texmf-dist/tex/latex/graphics-cfg/color.cfg)
(/usr/local/texlive/2024/texmf-dist/tex/latex/graphics-def/pdftex.def)
(/usr/local/texlive/2024/texmf-dist/tex/latex/graphics/mathcolor.ltx))
(/usr/local/texlive/2024/texmf-dist/tex/latex/graphics/dvipsnam.def)
(/usr/local/texlive/2024/texmf-dist/tex/latex/xcolor/svgnam.def)
(/usr/local/texlive/2024/texmf-dist/tex/latex/xcolor/x11nam.def)
(/usr/local/texlive/2024/texmf-dist/tex/latex/geometry/geometry.sty
(/usr/local/texlive/2024/texmf-dist/tex/latex/graphics/keyval.sty)
(/usr/local/texlive/2024/texmf-dist/tex/generic/iftex/ifvtex.sty
(/usr/local/texlive/2024/texmf-dist/tex/generic/iftex/iftex.sty)))
(/usr/local/texlive/2024/texmf-dist/tex/latex/amsmath/amsmath.sty
For additional information on amsmath, use the `?' option.
(/usr/local/texlive/2024/texmf-dist/tex/latex/amsmath/amstext.sty
(/usr/local/texlive/2024/texmf-dist/tex/latex/amsmath/amsgen.sty))
(/usr/local/texlive/2024/texmf-dist/tex/latex/amsmath/amsbsy.sty)
(/usr/local/texlive/2024/texmf-dist/tex/latex/amsmath/amsopn.sty))
(/usr/local/texlive/2024/texmf-dist/tex/latex/amsfonts/amssymb.sty
(/usr/local/texlive/2024/texmf-dist/tex/latex/amsfonts/amsfonts.sty))
(/usr/local/texlive/2024/texmf-dist/tex/latex/base/fontenc.sty)
(/usr/local/texlive/2024/texmf-dist/tex/latex/base/inputenc.sty)
(/usr/local/texlive/2024/texmf-dist/tex/latex/base/textcomp.sty)
(/usr/local/texlive/2024/texmf-dist/tex/latex/lm/lmodern.sty)
(/usr/local/texlive/2024/texmf-dist/tex/latex/upquote/upquote.sty)
(/usr/local/texlive/2024/texmf-dist/tex/latex/microtype/microtype.sty
(/usr/local/texlive/2024/texmf-dist/tex/latex/etoolbox/etoolbox.sty)
(/usr/local/texlive/2024/texmf-dist/tex/latex/microtype/microtype-pdftex.def)
(/usr/local/texlive/2024/texmf-dist/tex/latex/microtype/microtype.cfg))
(/usr/local/texlive/2024/texmf-dist/tex/latex/parskip/parskip.sty
(/usr/local/texlive/2024/texmf-dist/tex/latex/kvoptions/kvoptions.sty
(/usr/local/texlive/2024/texmf-dist/tex/generic/ltxcmds/ltxcmds.sty)
(/usr/local/texlive/2024/texmf-dist/tex/latex/kvsetkeys/kvsetkeys.sty)))
(/usr/local/texlive/2024/texmf-dist/tex/latex/mathtools/mathtools.sty
(/usr/local/texlive/2024/texmf-dist/tex/latex/tools/calc.sty)
(/usr/local/texlive/2024/texmf-dist/tex/latex/mathtools/mhsetup.sty))
(/usr/local/texlive/2024/texmf-dist/tex/latex/tools/longtable.sty)
(/usr/local/texlive/2024/texmf-dist/tex/latex/booktabs/booktabs.sty)
(/usr/local/texlive/2024/texmf-dist/tex/latex/tools/array.sty)
(/usr/local/texlive/2024/texmf-dist/tex/latex/fancyhdr/fancyhdr.sty)
(/usr/local/texlive/2024/texmf-dist/tex/latex/fvextra/fvextra.sty
(/usr/local/texlive/2024/texmf-dist/tex/latex/fancyvrb/fancyvrb.sty)
(/usr/local/texlive/2024/texmf-dist/tex/latex/lineno/lineno.sty))
(/usr/local/texlive/2024/texmf-dist/tex/latex/xurl/xurl.sty
(/usr/local/texlive/2024/texmf-dist/tex/latex/url/url.sty))
(/usr/local/texlive/2024/texmf-dist/tex/latex/titlesec/titlesec.sty)
(/usr/local/texlive/2024/texmf-dist/tex/latex/needspace/needspace.sty)
(/usr/local/texlive/2024/texmf-dist/tex/latex/bookmark/bookmark.sty
(/usr/local/texlive/2024/texmf-dist/tex/latex/hyperref/hyperref.sty
(/usr/local/texlive/2024/texmf-dist/tex/generic/kvdefinekeys/kvdefinekeys.sty)
(/usr/local/texlive/2024/texmf-dist/tex/generic/pdfescape/pdfescape.sty
(/usr/local/texlive/2024/texmf-dist/tex/generic/pdftexcmds/pdftexcmds.sty
(/usr/local/texlive/2024/texmf-dist/tex/generic/infwarerr/infwarerr.sty)))
(/usr/local/texlive/2024/texmf-dist/tex/latex/hycolor/hycolor.sty)
(/usr/local/texlive/2024/texmf-dist/tex/latex/auxhook/auxhook.sty)
(/usr/local/texlive/2024/texmf-dist/tex/latex/hyperref/nameref.sty
(/usr/local/texlive/2024/texmf-dist/tex/latex/refcount/refcount.sty)
(/usr/local/texlive/2024/texmf-dist/tex/generic/gettitlestring/gettitlestring.s
ty)) (/usr/local/texlive/2024/texmf-dist/tex/latex/hyperref/pd1enc.def)
(/usr/local/texlive/2024/texmf-dist/tex/generic/intcalc/intcalc.sty)
(/usr/local/texlive/2024/texmf-dist/tex/latex/hyperref/puenc.def)
(/usr/local/texlive/2024/texmf-dist/tex/generic/bitset/bitset.sty
(/usr/local/texlive/2024/texmf-dist/tex/generic/bigintcalc/bigintcalc.sty))
(/usr/local/texlive/2024/texmf-dist/tex/latex/base/atbegshi-ltx.sty))
(/usr/local/texlive/2024/texmf-dist/tex/latex/hyperref/hpdftex.def
(/usr/local/texlive/2024/texmf-dist/tex/latex/base/atveryend-ltx.sty)
(/usr/local/texlive/2024/texmf-dist/tex/latex/rerunfilecheck/rerunfilecheck.sty

(/usr/local/texlive/2024/texmf-dist/tex/generic/uniquecounter/uniquecounter.sty
))) (/usr/local/texlive/2024/texmf-dist/tex/latex/bookmark/bkm-pdftex.def))
(/usr/local/texlive/2024/texmf-dist/tex/latex/lm/t1lmr.fd)
(/usr/local/texlive/2024/texmf-dist/tex/latex/l3backend/l3backend-pdftex.def)
(./proof_ledger.aux)
(/usr/local/texlive/2024/texmf-dist/tex/context/base/mkii/supp-pdf.mkii
[Loading MPS to PDF converter (version 2006.09.02).]
)
*geometry* driver: auto-detecting
*geometry* detected driver: pdftex
(/usr/local/texlive/2024/texmf-dist/tex/latex/microtype/mt-cmr.cfg)
(/usr/local/texlive/2024/texmf-dist/tex/latex/graphics/graphicx.sty
(/usr/local/texlive/2024/texmf-dist/tex/latex/graphics/graphics.sty
(/usr/local/texlive/2024/texmf-dist/tex/latex/graphics/trig.sty)
(/usr/local/texlive/2024/texmf-dist/tex/latex/graphics-cfg/graphics.cfg)))
(/usr/local/texlive/2024/texmf-dist/tex/latex/lm/ot1lmr.fd)
(/usr/local/texlive/2024/texmf-dist/tex/latex/lm/omllmm.fd)
(/usr/local/texlive/2024/texmf-dist/tex/latex/lm/omslmsy.fd)
(/usr/local/texlive/2024/texmf-dist/tex/latex/lm/omxlmex.fd)
(/usr/local/texlive/2024/texmf-dist/tex/latex/amsfonts/umsa.fd)
(/usr/local/texlive/2024/texmf-dist/tex/latex/microtype/mt-msa.cfg)
(/usr/local/texlive/2024/texmf-dist/tex/latex/amsfonts/umsb.fd)
(/usr/local/texlive/2024/texmf-dist/tex/latex/microtype/mt-msb.cfg)
(/usr/local/texlive/2024/texmf-dist/tex/latex/lm/t1lmtt.fd) [1{/usr/local/texli
ve/2024/texmf-var/fonts/map/pdftex/updmap/pdftex.map}{/usr/local/texlive/2024/t
exmf-dist/fonts/enc/dvips/lm/lm-ec.enc}]
(/usr/local/texlive/2024/texmf-dist/tex/latex/lm/ts1lmtt.fd)
(/usr/local/texlive/2024/texmf-dist/tex/latex/lm/t1lmss.fd) [2{/usr/local/texli
ve/2024/texmf-dist/fonts/enc/dvips/lm/lm-ts1.enc}{/usr/local/texlive/2024/texmf
-dist/fonts/enc/dvips/lm/lm-mathit.enc}{/usr/local/texlive/2024/texmf-dist/font
s/enc/dvips/lm/lm-mathsy.enc}] [3{/usr/local/texlive/2024/texmf-dist/fonts/enc/
dvips/lm/lm-mathex.enc}]
(/usr/local/texlive/2024/texmf-dist/tex/latex/lm/ts1lmr.fd) [4{/usr/local/texli
ve/2024/texmf-dist/fonts/enc/dvips/lm/lm-rm.enc}]
Underfull \hbox (badness 6016) in paragraph at lines 414--421
[]\T1/lmtt/m/n/10.95 finiteCapPrices \T1/lmr/m/n/10.95 (+20) and \T1/lmtt/m/n/1
0.95 naturalCapPrices \T1/lmr/m/n/10.95 (+20) con-struct the same \T1/lmtt/m/n/
10.95 OriginalPrices \T1/lmr/m/n/10.95 (+20) type with

Underfull \hbox (badness 1824) in paragraph at lines 414--421
\T1/lmr/m/n/10.95 (+20) these proved ad-mis-si-bil-ity facts. \T1/lmtt/m/n/10.9
5 OriginalPrices.normalized \T1/lmr/m/n/10.95 (+20) con-structs nor-mal-ized pr
ices;
[5] [6] [7] [8]
Underfull \hbox (badness 1264) in paragraph at lines 702--714
[]\T1/lmr/bx/n/10.95 (+20) Fixed-point and con-ver-gence proof. \T1/lmr/m/n/10.
95 (+20) De-fine \T1/lmtt/m/n/10.95 valueFunction m \T1/lmr/m/n/10.95 (+20) onc
e us-ing the in-stalled

Underfull \hbox (badness 1270) in paragraph at lines 702--714
\T1/lmtt/m/n/10.95 valueFunction_unique \T1/lmr/m/n/10.95 (+20) among all bound
ed con-tin-u-ous can-di-dates. \T1/lmtt/m/n/10.95 valueIteration_tendsto

Underfull \hbox (badness 1629) in paragraph at lines 702--714
\T1/lmr/m/n/10.95 (+20) gives con-ver-gence in the supre-mum met-ric from ev-er
y ini-tial bounded con-tin-u-ous func-tion.
[9] [10] [11] [12] [13] [14] [15] [16] [17] [18] [19] [20] [21] [22] [23]
Underfull \hbox (badness 3386) in paragraph at lines 1738--1742
[]\T1/lmr/bx/n/10.95 (+20) Mathematical con-tract. \T1/lmr/m/n/10.95 (+20) In t
he ex-act continuous-state uniform-income model in EX-

Underfull \hbox (badness 1253) in paragraph at lines 1738--1742
\T1/lmr/m/n/10.95 (+20) ACT_DIAGNOSTIC, all core prim-i-tive con-di-tions hold
and A(z)=0 when-ever 0<z<=1/100,
[24] [25] [26] [27] [28] [29] [30] [31] [32] [33] [34] [35] [36] [37] [38]
[39] (./proof_ledger.aux) )
(see the transcript file for additional information)</usr/local/texlive/2024/te
xmf-dist/fonts/type1/public/lm/lmbx10.pfb></usr/local/texlive/2024/texmf-dist/f
onts/type1/public/lm/lmbx12.pfb></usr/local/texlive/2024/texmf-dist/fonts/type1
/public/lm/lmex10.pfb></usr/local/texlive/2024/texmf-dist/fonts/type1/public/lm
/lmmi10.pfb></usr/local/texlive/2024/texmf-dist/fonts/type1/public/lm/lmmi6.pfb
></usr/local/texlive/2024/texmf-dist/fonts/type1/public/lm/lmmi7.pfb></usr/loca
l/texlive/2024/texmf-dist/fonts/type1/public/lm/lmmi8.pfb></usr/local/texlive/2
024/texmf-dist/fonts/type1/public/lm/lmr10.pfb></usr/local/texlive/2024/texmf-d
ist/fonts/type1/public/lm/lmr12.pfb></usr/local/texlive/2024/texmf-dist/fonts/t
ype1/public/lm/lmr17.pfb></usr/local/texlive/2024/texmf-dist/fonts/type1/public
/lm/lmr8.pfb></usr/local/texlive/2024/texmf-dist/fonts/type1/public/lm/lmr9.pfb
></usr/local/texlive/2024/texmf-dist/fonts/type1/public/lm/lmss10.pfb></usr/loc
al/texlive/2024/texmf-dist/fonts/type1/public/lm/lmsy10.pfb></usr/local/texlive
/2024/texmf-dist/fonts/type1/public/lm/lmsy6.pfb></usr/local/texlive/2024/texmf
-dist/fonts/type1/public/lm/lmsy8.pfb></usr/local/texlive/2024/texmf-dist/fonts
/type1/public/lm/lmtt10.pfb></usr/local/texlive/2024/texmf-dist/fonts/type1/pub
lic/amsfonts/symbols/msbm10.pfb>
Output written on proof_ledger.pdf (39 pages, 442820 bytes).
Transcript written on proof_ledger.log.
Latexmk: Getting log file 'proof_ledger.log'
Latexmk: Examining 'proof_ledger.fls'
Latexmk: Examining 'proof_ledger.log'
Latexmk: Log file says output to 'proof_ledger.pdf'
Latexmk: All targets (proof_ledger.pdf) are up-to-date


Exit: 0
