✖ [2647/2649] Building Aiyagari1994.Primitives.UtilityExample (6.3s)
trace: .> LEAN_PATH=/Users/davidxu/Documents/lean4tutorial/Lean4Tutorial/i003_replicate_aiyagari_v2/.lake/packages/Cli/.lake/build/lib/lean:/Users/davidxu/Documents/lean4tutorial/Lean4Tutorial/i003_replicate_aiyagari_v2/.lake/packages/batteries/.lake/build/lib/lean:/Users/davidxu/Documents/lean4tutorial/Lean4Tutorial/i003_replicate_aiyagari_v2/.lake/packages/Qq/.lake/build/lib/lean:/Users/davidxu/Documents/lean4tutorial/Lean4Tutorial/i003_replicate_aiyagari_v2/.lake/packages/aesop/.lake/build/lib/lean:/Users/davidxu/Documents/lean4tutorial/Lean4Tutorial/i003_replicate_aiyagari_v2/.lake/packages/proofwidgets/.lake/build/lib/lean:/Users/davidxu/Documents/lean4tutorial/Lean4Tutorial/i003_replicate_aiyagari_v2/.lake/packages/importGraph/.lake/build/lib/lean:/Users/davidxu/Documents/lean4tutorial/Lean4Tutorial/i003_replicate_aiyagari_v2/.lake/packages/LeanSearchClient/.lake/build/lib/lean:/Users/davidxu/Documents/lean4tutorial/Lean4Tutorial/i003_replicate_aiyagari_v2/.lake/packages/plausible/.lake/build/lib/lean:/Users/davidxu/Documents/lean4tutorial/Lean4Tutorial/i003_replicate_aiyagari_v2/.lake/packages/mathlib/.lake/build/lib/lean:/Users/davidxu/Documents/lean4tutorial/Lean4Tutorial/i003_replicate_aiyagari_v2/.lake/build/lib/lean /Users/davidxu/.elan/toolchains/leanprover--lean4---v4.32.0/bin/lean /Users/davidxu/Documents/lean4tutorial/Lean4Tutorial/i003_replicate_aiyagari_v2/Aiyagari1994/Primitives/UtilityExample.lean -o /Users/davidxu/Documents/lean4tutorial/Lean4Tutorial/i003_replicate_aiyagari_v2/.lake/build/lib/lean/Aiyagari1994/Primitives/UtilityExample.olean -i /Users/davidxu/Documents/lean4tutorial/Lean4Tutorial/i003_replicate_aiyagari_v2/.lake/build/lib/lean/Aiyagari1994/Primitives/UtilityExample.ilean -c /Users/davidxu/Documents/lean4tutorial/Lean4Tutorial/i003_replicate_aiyagari_v2/.lake/build/ir/Aiyagari1994/Primitives/UtilityExample.c --setup /Users/davidxu/Documents/lean4tutorial/Lean4Tutorial/i003_replicate_aiyagari_v2/.lake/build/ir/Aiyagari1994/Primitives/UtilityExample.setup.json --json
error: Aiyagari1994/Primitives/UtilityExample.lean:26:78: `ring_nf` made no progress on the goal
error: Aiyagari1994/Primitives/UtilityExample.lean:26:78: `ring_nf` made no progress on the goal
info: Aiyagari1994/Primitives/UtilityExample.lean:26:78: Try this:
  [apply] ring_nf

  The `ring` tactic failed to close the goal. Use `ring_nf` to obtain a normal form.

  Note that `ring` works primarily in *commutative* rings. If you have a noncommutative ring, abelian group or module, consider using `noncomm_ring`, `abel` or `module` instead.
info: Aiyagari1994/Primitives/UtilityExample.lean:26:78: Try this:
  [apply] ring_nf

  The `ring` tactic failed to close the goal. Use `ring_nf` to obtain a normal form.

  Note that `ring` works primarily in *commutative* rings. If you have a noncommutative ring, abelian group or module, consider using `noncomm_ring`, `abel` or `module` instead.
error: Aiyagari1994/Primitives/UtilityExample.lean:24:55: unsolved goals
case e'_9
c : ℝ
hc : 0 ≤ c
h : 1 + c ≠ 0
⊢ (1 + c * 2 + c ^ 2)⁻¹ = (1 + id c * 2 + id c ^ 2)⁻¹
error: Aiyagari1994/Primitives/UtilityExample.lean:37:6: `simp` made no progress
error: Aiyagari1994/Primitives/UtilityExample.lean:37:6: `simp` made no progress
error: Aiyagari1994/Primitives/UtilityExample.lean:37:6: `simp` made no progress
warning: Aiyagari1994/Primitives/UtilityExample.lean:37:45: This simp argument is unused:
  pow_one

Hint: Omit it from the simp argument list.
  simp only [zero_mul, one_mul, mul_one, p̵o̵w̵_̵o̵n̵e̵,̵ ̵zero_sub]

Note: This linter can be disabled with `set_option linter.unusedSimpArgs false`
error: Lean exited with code 1
✔ [2648/2649] Built Aiyagari1994.Primitives.IncomeExample (6.3s)
Some required targets logged failures:
- Aiyagari1994.Primitives.UtilityExample
error: build failed
