✔ [2641/2645] Built Aiyagari1994.Primitives.Basic (6.8s)
✖ [2642/2645] Building Aiyagari1994.Primitives.UtilityExample (2.7s)
trace: .> LEAN_PATH=/Users/davidxu/Documents/lean4tutorial/Lean4Tutorial/i003_replicate_aiyagari_v2/.lake/packages/Cli/.lake/build/lib/lean:/Users/davidxu/Documents/lean4tutorial/Lean4Tutorial/i003_replicate_aiyagari_v2/.lake/packages/batteries/.lake/build/lib/lean:/Users/davidxu/Documents/lean4tutorial/Lean4Tutorial/i003_replicate_aiyagari_v2/.lake/packages/Qq/.lake/build/lib/lean:/Users/davidxu/Documents/lean4tutorial/Lean4Tutorial/i003_replicate_aiyagari_v2/.lake/packages/aesop/.lake/build/lib/lean:/Users/davidxu/Documents/lean4tutorial/Lean4Tutorial/i003_replicate_aiyagari_v2/.lake/packages/proofwidgets/.lake/build/lib/lean:/Users/davidxu/Documents/lean4tutorial/Lean4Tutorial/i003_replicate_aiyagari_v2/.lake/packages/importGraph/.lake/build/lib/lean:/Users/davidxu/Documents/lean4tutorial/Lean4Tutorial/i003_replicate_aiyagari_v2/.lake/packages/LeanSearchClient/.lake/build/lib/lean:/Users/davidxu/Documents/lean4tutorial/Lean4Tutorial/i003_replicate_aiyagari_v2/.lake/packages/plausible/.lake/build/lib/lean:/Users/davidxu/Documents/lean4tutorial/Lean4Tutorial/i003_replicate_aiyagari_v2/.lake/packages/mathlib/.lake/build/lib/lean:/Users/davidxu/Documents/lean4tutorial/Lean4Tutorial/i003_replicate_aiyagari_v2/.lake/build/lib/lean /Users/davidxu/.elan/toolchains/leanprover--lean4---v4.32.0/bin/lean /Users/davidxu/Documents/lean4tutorial/Lean4Tutorial/i003_replicate_aiyagari_v2/Aiyagari1994/Primitives/UtilityExample.lean -o /Users/davidxu/Documents/lean4tutorial/Lean4Tutorial/i003_replicate_aiyagari_v2/.lake/build/lib/lean/Aiyagari1994/Primitives/UtilityExample.olean -i /Users/davidxu/Documents/lean4tutorial/Lean4Tutorial/i003_replicate_aiyagari_v2/.lake/build/lib/lean/Aiyagari1994/Primitives/UtilityExample.ilean -c /Users/davidxu/Documents/lean4tutorial/Lean4Tutorial/i003_replicate_aiyagari_v2/.lake/build/ir/Aiyagari1994/Primitives/UtilityExample.c --setup /Users/davidxu/Documents/lean4tutorial/Lean4Tutorial/i003_replicate_aiyagari_v2/.lake/build/ir/Aiyagari1994/Primitives/UtilityExample.setup.json --json
error: Aiyagari1994/Primitives/UtilityExample.lean:24:28: Invalid field `div`: The environment does not contain `HasFDerivAtFilter.div`, so it is not possible to project the field `div` from an expression
  hasDerivAt_id c
of type
  HasFDerivAtFilter id (ContinuousLinearMap.toSpanSingleton ℝ 1) (𝓝 c ×ˢ pure c)
error: Aiyagari1994/Primitives/UtilityExample.lean:33:41: Invalid field `div`: The environment does not contain `HasFDerivAtFilter.div`, so it is not possible to project the field `div` from an expression
  hasDerivAt_const c 1
of type
  HasFDerivAtFilter (fun x => 1) (ContinuousLinearMap.toSpanSingleton ℝ 0) (𝓝 c ×ˢ pure c)
error: Aiyagari1994/Primitives/UtilityExample.lean:36:4: No goals to be solved
warning: Aiyagari1994/Primitives/UtilityExample.lean:75:8: 'ring' tactic does nothing

Note: This linter can be disabled with `set_option linter.unusedTactic false`
warning: Aiyagari1994/Primitives/UtilityExample.lean:75:8: this tactic is never executed

Note: This linter can be disabled with `set_option linter.unreachableTactic false`
error: Lean exited with code 1
✔ [2643/2645] Built Aiyagari1994.Budget.Normalization (2.7s)
✖ [2644/2645] Building Aiyagari1994.Primitives.IncomeExample (2.9s)
trace: .> LEAN_PATH=/Users/davidxu/Documents/lean4tutorial/Lean4Tutorial/i003_replicate_aiyagari_v2/.lake/packages/Cli/.lake/build/lib/lean:/Users/davidxu/Documents/lean4tutorial/Lean4Tutorial/i003_replicate_aiyagari_v2/.lake/packages/batteries/.lake/build/lib/lean:/Users/davidxu/Documents/lean4tutorial/Lean4Tutorial/i003_replicate_aiyagari_v2/.lake/packages/Qq/.lake/build/lib/lean:/Users/davidxu/Documents/lean4tutorial/Lean4Tutorial/i003_replicate_aiyagari_v2/.lake/packages/aesop/.lake/build/lib/lean:/Users/davidxu/Documents/lean4tutorial/Lean4Tutorial/i003_replicate_aiyagari_v2/.lake/packages/proofwidgets/.lake/build/lib/lean:/Users/davidxu/Documents/lean4tutorial/Lean4Tutorial/i003_replicate_aiyagari_v2/.lake/packages/importGraph/.lake/build/lib/lean:/Users/davidxu/Documents/lean4tutorial/Lean4Tutorial/i003_replicate_aiyagari_v2/.lake/packages/LeanSearchClient/.lake/build/lib/lean:/Users/davidxu/Documents/lean4tutorial/Lean4Tutorial/i003_replicate_aiyagari_v2/.lake/packages/plausible/.lake/build/lib/lean:/Users/davidxu/Documents/lean4tutorial/Lean4Tutorial/i003_replicate_aiyagari_v2/.lake/packages/mathlib/.lake/build/lib/lean:/Users/davidxu/Documents/lean4tutorial/Lean4Tutorial/i003_replicate_aiyagari_v2/.lake/build/lib/lean /Users/davidxu/.elan/toolchains/leanprover--lean4---v4.32.0/bin/lean /Users/davidxu/Documents/lean4tutorial/Lean4Tutorial/i003_replicate_aiyagari_v2/Aiyagari1994/Primitives/IncomeExample.lean -o /Users/davidxu/Documents/lean4tutorial/Lean4Tutorial/i003_replicate_aiyagari_v2/.lake/build/lib/lean/Aiyagari1994/Primitives/IncomeExample.olean -i /Users/davidxu/Documents/lean4tutorial/Lean4Tutorial/i003_replicate_aiyagari_v2/.lake/build/lib/lean/Aiyagari1994/Primitives/IncomeExample.ilean -c /Users/davidxu/Documents/lean4tutorial/Lean4Tutorial/i003_replicate_aiyagari_v2/.lake/build/ir/Aiyagari1994/Primitives/IncomeExample.c --setup /Users/davidxu/Documents/lean4tutorial/Lean4Tutorial/i003_replicate_aiyagari_v2/.lake/build/ir/Aiyagari1994/Primitives/IncomeExample.setup.json --json
error: Aiyagari1994/Primitives/IncomeExample.lean:12:78: unsolved goals
⊢ 2⁻¹ + 2⁻¹ = 1
error: Lean exited with code 1
✔ [2645/2645] Built Aiyagari1994.Budget.EffectiveLimit (2.6s)
Some required targets logged failures:
- Aiyagari1994.Primitives.UtilityExample
- Aiyagari1994.Primitives.IncomeExample
error: build failed
