Command: lake env lean Audit.lean
Exit: 0
assert_no_sorry is silent on success. All 291 assertions passed:
PASS Aiyagari1994.Probes.State
PASS Aiyagari1994.Probes.ValueSpace
PASS Aiyagari1994.Probes.CompactInterval
PASS Aiyagari1994.Probes.value_complete
PASS Aiyagari1994.Probes.sup_distance
PASS Aiyagari1994.Probes.state_complete
PASS Aiyagari1994.Probes.state_separable
PASS Aiyagari1994.Probes.state_borel
PASS Aiyagari1994.Probes.state_measurable_id
PASS Aiyagari1994.Probes.banach_on_values
PASS Aiyagari1994.Probes.zero_contraction
PASS Aiyagari1994.Probes.zero_fixed_point
PASS Aiyagari1994.Probes.bounded_test_integrable
PASS Aiyagari1994.Probes.pushforward_test
PASS Aiyagari1994.Probes.kernel_composition
PASS Aiyagari1994.Probes.kernel_identity
PASS Aiyagari1994.Probes.kernel_transport
PASS Aiyagari1994.Probes.deterministic_markov
PASS Aiyagari1994.Probes.transport_mass
PASS Aiyagari1994.Probes.weak_test_convergence
PASS Aiyagari1994.Probes.compact_interval_laws
PASS Aiyagari1994.Probes.individual_law_tight
PASS Aiyagari1994.Probes.tight_family_compact
PASS Aiyagari1994.Probes.extended_zero_value
PASS Aiyagari1994.effectiveLimit
PASS Aiyagari1994.naturalLimit
PASS Aiyagari1994.effectiveLimit_nonneg
PASS Aiyagari1994.effectiveLimit_income_nonneg
PASS Aiyagari1994.effectiveLimit_eq_max
PASS Aiyagari1994.effectiveLimit_continuous
PASS Aiyagari1994.effectiveLimit_zero_neighborhood
PASS Aiyagari1994.naturalLimit_nonneg
PASS Aiyagari1994.naturalLimit_intercept
PASS Aiyagari1994.naturalLimit_income
PASS Aiyagari1994.naturalLimit_income_nonneg
PASS Aiyagari1994.naturalLimit_continuous
PASS Aiyagari1994.finiteCapPrices
PASS Aiyagari1994.naturalCapPrices
PASS Aiyagari1994.generated_resources_admissible
PASS Aiyagari1994.effectiveLimit_admissible_continuous
PASS Aiyagari1994.shifted_budget_equality_iff
PASS Aiyagari1994.shifted_borrowing_iff
PASS Aiyagari1994.shifted_budget_iff
PASS Aiyagari1994.next_resource_identity
PASS Aiyagari1994.original_normalized_coordinates
PASS Aiyagari1994.Resources
PASS Aiyagari1994.UtilityData
PASS Aiyagari1994.UtilityBase
PASS Aiyagari1994.UtilitySmooth
PASS Aiyagari1994.UtilityCurvature
PASS Aiyagari1994.Labor
PASS Aiyagari1994.IncomeData
PASS Aiyagari1994.IncomeData.Labor
PASS Aiyagari1994.IncomeSupport
PASS Aiyagari1994.IncomeNondegenerate
PASS Aiyagari1994.labor_integrable
PASS Aiyagari1994.LaborMeanOne
PASS Aiyagari1994.historyLaw
PASS Aiyagari1994.history_probability
PASS Aiyagari1994.history_marginal
PASS Aiyagari1994.history_independent
PASS Aiyagari1994.history_step
PASS Aiyagari1994.NormalizedPrices
PASS Aiyagari1994.OriginalPrices
PASS Aiyagari1994.OriginalPrices.normalized
PASS Aiyagari1994.NormalizedPrices.effectiveIncome
PASS Aiyagari1994.NormalizedPrices.nextResources
PASS Aiyagari1994.HouseholdPrimitives
PASS Aiyagari1994.CoreRegularity
PASS Aiyagari1994.witnessOriginalPrices
PASS Aiyagari1994.witnessModel
PASS Aiyagari1994.witness_core_regular
PASS Aiyagari1994.corePrimitives_nonempty
PASS Aiyagari1994.WitnessLabor
PASS Aiyagari1994.witnessLow
PASS Aiyagari1994.witnessHigh
PASS Aiyagari1994.witnessMeasure
PASS Aiyagari1994.witness_measure_probability
PASS Aiyagari1994.witnessIncome
PASS Aiyagari1994.witness_low_mass
PASS Aiyagari1994.witness_high_mass
PASS Aiyagari1994.witness_only_endpoints
PASS Aiyagari1994.witness_support_exact
PASS Aiyagari1994.witness_income_support
PASS Aiyagari1994.witness_income_nondegenerate
PASS Aiyagari1994.witness_labor_mean
PASS Aiyagari1994.witness_mean_one
PASS Aiyagari1994.witnessUtility
PASS Aiyagari1994.witness_utility_continuous
PASS Aiyagari1994.witness_utility_bounds
PASS Aiyagari1994.witness_utility_hasDerivAt
PASS Aiyagari1994.witness_utility_deriv
PASS Aiyagari1994.witness_utility_second_hasDerivAt
PASS Aiyagari1994.witness_utility_second
PASS Aiyagari1994.witness_utility_contDiff
PASS Aiyagari1994.witness_utility_strictMono
PASS Aiyagari1994.witness_utility_strictConcave
PASS Aiyagari1994.witness_relative_risk_aversion
PASS Aiyagari1994.witness_utility_base
PASS Aiyagari1994.witness_utility_smooth
PASS Aiyagari1994.witness_utility_curvature
PASS Aiyagari1994.compactMax
PASS Aiyagari1994.compactMax_continuous
PASS Aiyagari1994.compactMax_attained
PASS Aiyagari1994.le_compactMax
PASS Aiyagari1994.compactMax_le
PASS Aiyagari1994.compact_unique_argmax_continuous
PASS Aiyagari1994.ValueSpace
PASS Aiyagari1994.UnitShare
PASS Aiyagari1994.unitShare_nonempty
PASS Aiyagari1994.continuation
PASS Aiyagari1994.nextResources_continuous
PASS Aiyagari1994.continuation_integrand_continuous
PASS Aiyagari1994.continuation_integrand_bound
PASS Aiyagari1994.continuation_integrable
PASS Aiyagari1994.continuation_continuous
PASS Aiyagari1994.continuation_bound
PASS Aiyagari1994.bellmanObjective
PASS Aiyagari1994.bellmanObjective_feasible
PASS Aiyagari1994.bellmanObjective_continuous
PASS Aiyagari1994.shareObjective
PASS Aiyagari1994.shareObjective_continuous
PASS Aiyagari1994.share_feasible
PASS Aiyagari1994.feasible_share
PASS Aiyagari1994.bellmanValue
PASS Aiyagari1994.bellmanValue_attained
PASS Aiyagari1994.objective_le_bellmanValue
PASS Aiyagari1994.bellmanValue_bound
PASS Aiyagari1994.bellmanOperator
PASS Aiyagari1994.bellmanOperator_apply
PASS Aiyagari1994.continuation_sub_bound
PASS Aiyagari1994.objective_sub_bound
PASS Aiyagari1994.bellmanValue_sub_le
PASS Aiyagari1994.bellman_pointwise_contraction
PASS Aiyagari1994.bellman_norm_contraction
PASS Aiyagari1994.bellman_selfmap_contracting
PASS Aiyagari1994.valueFunction
PASS Aiyagari1994.valueFunction_fixedPoint
PASS Aiyagari1994.valueFunction_unique
PASS Aiyagari1994.valueIteration_tendsto
PASS Aiyagari1994.valueIteration_uniform
PASS Aiyagari1994.utilityRange
PASS Aiyagari1994.utilityInf
PASS Aiyagari1994.utilitySup
PASS Aiyagari1994.utilityRange_nonempty
PASS Aiyagari1994.utilityRange_bounded
PASS Aiyagari1994.utility_bounds
PASS Aiyagari1994.valueRange_bounded
PASS Aiyagari1994.continuation_range_bounds
PASS Aiyagari1994.valueFunction_bounds
PASS Aiyagari1994.valueFunction_unique_fixedPoint
PASS Aiyagari1994.NNRealConcave
PASS Aiyagari1994.NNRealConcave.real_combination
PASS Aiyagari1994.nnrealConcave_zero
PASS Aiyagari1994.transition_convex_combination
PASS Aiyagari1994.continuation_concave
PASS Aiyagari1994.objective_convex_combination
PASS Aiyagari1994.bellman_preserves_concavity
PASS Aiyagari1994.bellman_strictMono
PASS Aiyagari1994.bellman_preserves_monotonicity
PASS Aiyagari1994.valueIteration_concave
PASS Aiyagari1994.valueIteration_monotone
PASS Aiyagari1994.valueFunction_concave
PASS Aiyagari1994.valueFunction_monotone
PASS Aiyagari1994.valueFunction_strictMono
PASS Aiyagari1994.valueFunction_concave_strictMono
PASS Aiyagari1994.AssetOptimal
PASS Aiyagari1994.assetOptimal_exists
PASS Aiyagari1994.objective_strictConcave_assets
PASS Aiyagari1994.assetOptimal_unique
PASS Aiyagari1994.assetOptimal_existsUnique
PASS Aiyagari1994.assetPolicy
PASS Aiyagari1994.assetPolicy_optimal
PASS Aiyagari1994.assetPolicy_le_state
PASS Aiyagari1994.assetPolicy_maximizes
PASS Aiyagari1994.assetOptimal_iff_maximizes
PASS Aiyagari1994.assetPolicy_existsUnique_maximizer
PASS Aiyagari1994.assetPolicy_zero
PASS Aiyagari1994.PositiveResources
PASS Aiyagari1994.positiveAssetShare
PASS Aiyagari1994.positiveAssetShare_mul
PASS Aiyagari1994.positiveAssetShare_continuous
PASS Aiyagari1994.assetPolicy_continuous_positive
PASS Aiyagari1994.assetPolicy_continuous
PASS Aiyagari1994.consumptionPolicy
PASS Aiyagari1994.consumptionPolicy_coe
PASS Aiyagari1994.consumptionPolicy_budget
PASS Aiyagari1994.consumptionPolicy_continuous
PASS Aiyagari1994.assetPolicy_unique_continuous
PASS Aiyagari1994.History
PASS Aiyagari1994.historySplit
PASS Aiyagari1994.newestShock
PASS Aiyagari1994.previousHistory
PASS Aiyagari1994.extendHistory
PASS Aiyagari1994.newestShock_measurable
PASS Aiyagari1994.previousHistory_measurable
PASS Aiyagari1994.extendHistory_measurable
PASS Aiyagari1994.newestShock_extend
PASS Aiyagari1994.previousHistory_extend
PASS Aiyagari1994.history_integral_step
PASS Aiyagari1994.actionResources
PASS Aiyagari1994.FeasiblePlan
PASS Aiyagari1994.planResources
PASS Aiyagari1994.planConsumption
PASS Aiyagari1994.planResources_measurable
PASS Aiyagari1994.planConsumption_measurable
PASS Aiyagari1994.planConsumption_coe
PASS Aiyagari1994.planConsumption_budget
PASS Aiyagari1994.flowUtility
PASS Aiyagari1994.utilityBound
PASS Aiyagari1994.utilityBound_spec
PASS Aiyagari1994.utilityBound_nonneg
PASS Aiyagari1994.flowUtility_measurable
PASS Aiyagari1994.flowUtility_bound
PASS Aiyagari1994.flowUtility_integrable
PASS Aiyagari1994.expectedFlow
PASS Aiyagari1994.expectedFlow_bound
PASS Aiyagari1994.finiteUtility
PASS Aiyagari1994.expectedTerminalValue
PASS Aiyagari1994.terminalValue_integrable
PASS Aiyagari1994.expectedTerminalValue_bound
PASS Aiyagari1994.lifetimeUtility
PASS Aiyagari1994.discountedFlow_abs_summable
PASS Aiyagari1994.discountedFlow_summable
PASS Aiyagari1994.finiteUtility_tendsto
PASS Aiyagari1994.planContinuation
PASS Aiyagari1994.planContinuation_integrable
PASS Aiyagari1994.expectedTerminalValue_step
PASS Aiyagari1994.plan_bellman_inequality
PASS Aiyagari1994.expected_bellman_inequality
PASS Aiyagari1994.expectedTerminalValue_zero
PASS Aiyagari1994.finiteUtility_zero
PASS Aiyagari1994.finiteUtility_succ
PASS Aiyagari1994.finiteHorizon_verification
PASS Aiyagari1994.canonicalResources
PASS Aiyagari1994.canonicalResources_measurable
PASS Aiyagari1994.canonicalAction
PASS Aiyagari1994.canonicalAction_resources
PASS Aiyagari1994.canonicalPlan
PASS Aiyagari1994.canonicalPlan_action
PASS Aiyagari1994.canonical_bellman_equality
PASS Aiyagari1994.canonical_expected_bellman_equality
PASS Aiyagari1994.canonical_finiteHorizon_verification
PASS Aiyagari1994.discountedTerminalValue_bound
PASS Aiyagari1994.discountedTerminalValue_tendsto
PASS Aiyagari1994.lifetimeUtility_le_value
PASS Aiyagari1994.canonical_lifetimeUtility_eq_value
PASS Aiyagari1994.canonicalPolicy_lifetime_optimal
PASS Aiyagari1994.original_shifted_trajectory_budget_iff
PASS Aiyagari1994.plan_original_budget_step
PASS Aiyagari1994.plan_original_budget_initial
PASS Aiyagari1994.FeasiblePlan.action
PASS Aiyagari1994.FeasiblePlan.measurable_action
PASS Aiyagari1994.FeasiblePlan.feasible
PASS Aiyagari1994.nonnegativeExtension
PASS Aiyagari1994.NNRealConcave.extension
PASS Aiyagari1994.concave_four_point
PASS Aiyagari1994.assetPolicy_monotone
PASS Aiyagari1994.consumptionPolicy_monotone
PASS Aiyagari1994.policies_order_lipschitz
PASS Aiyagari1994.valueExtension
PASS Aiyagari1994.valueExtension_concave
PASS Aiyagari1994.valueExtension_continuous
PASS Aiyagari1994.valueExtension_strictMono
PASS Aiyagari1994.rightMarginalValue
PASS Aiyagari1994.rightMarginalValue_hasDerivWithinAt
PASS Aiyagari1994.rightMarginalValue_secant_limit
PASS Aiyagari1994.rightSecant_antitone
PASS Aiyagari1994.secant_le_rightMarginalValue
PASS Aiyagari1994.rightMarginalValue_pos
PASS Aiyagari1994.rightMarginalValue_le_leftSecant
PASS Aiyagari1994.rightMarginalValue_antitone
PASS Aiyagari1994.utilityOscillation
PASS Aiyagari1994.valueExtension_oscillation_bound
PASS Aiyagari1994.rightMarginalValue_bounds
PASS Aiyagari1994.valueSlope_tendsto_left
PASS Aiyagari1994.rightMarginalValue_rightContinuous
PASS Aiyagari1994.zeroRightMarginal
PASS Aiyagari1994.zeroSecant_antitone
PASS Aiyagari1994.zeroRightMarginal_secant_limit
PASS Aiyagari1994.rightMarginalValue_le_zeroRightMarginal
PASS Aiyagari1994.zeroRightMarginal_eq_sup_positive
PASS Aiyagari1994.positiveMarginal_antitone
PASS Aiyagari1994.positiveMarginal_tendsto_zero
PASS Aiyagari1994.zeroRightMarginal_eq_top_iff
PASS Aiyagari1994.rightSecant_increment
PASS Aiyagari1994.rightSecant_pos
PASS Aiyagari1994.rightMarginalValue_eq_sSup_secants
PASS Aiyagari1994.rightMarginalValue_finite
PASS Aiyagari1994.zeroRightMarginal_pos
PASS Aiyagari1994.rightMarginalValue_properties
