Aiyagari1994.Probes.State : Type
'Aiyagari1994.Probes.State' depends on axioms: [propext, Classical.choice, Quot.sound]
Aiyagari1994.Probes.ValueSpace : Type
'Aiyagari1994.Probes.ValueSpace' depends on axioms: [propext, Classical.choice, Quot.sound]
Aiyagari1994.Probes.CompactInterval : Set ℝ
'Aiyagari1994.Probes.CompactInterval' depends on axioms: [propext, Classical.choice, Quot.sound]
Aiyagari1994.Probes.value_complete : CompleteSpace Aiyagari1994.Probes.ValueSpace
'Aiyagari1994.Probes.value_complete' depends on axioms: [propext, Classical.choice, Quot.sound]
Aiyagari1994.Probes.sup_distance (f g : Aiyagari1994.Probes.ValueSpace) (z : Aiyagari1994.Probes.State) :
  dist (f z) (g z) ≤ dist f g
'Aiyagari1994.Probes.sup_distance' depends on axioms: [propext, Classical.choice, Quot.sound]
Aiyagari1994.Probes.state_complete : CompleteSpace Aiyagari1994.Probes.State
'Aiyagari1994.Probes.state_complete' depends on axioms: [propext, Classical.choice, Quot.sound]
Aiyagari1994.Probes.state_separable : TopologicalSpace.SeparableSpace Aiyagari1994.Probes.State
'Aiyagari1994.Probes.state_separable' depends on axioms: [propext, Classical.choice, Quot.sound]
Aiyagari1994.Probes.state_borel : BorelSpace Aiyagari1994.Probes.State
'Aiyagari1994.Probes.state_borel' depends on axioms: [propext, Classical.choice, Quot.sound]
Aiyagari1994.Probes.state_measurable_id : Measurable id
'Aiyagari1994.Probes.state_measurable_id' depends on axioms: [propext, Classical.choice, Quot.sound]
Aiyagari1994.Probes.banach_on_values (T : Aiyagari1994.Probes.ValueSpace → Aiyagari1994.Probes.ValueSpace) (K : NNReal)
  (hT : ContractingWith K T) : ∃! v : Aiyagari1994.Probes.ValueSpace, T v = v
'Aiyagari1994.Probes.banach_on_values' depends on axioms: [propext, Classical.choice, Quot.sound]
Aiyagari1994.Probes.zero_contraction : ContractingWith 0 fun (x : Aiyagari1994.Probes.ValueSpace) => 0
'Aiyagari1994.Probes.zero_contraction' depends on axioms: [propext, Classical.choice, Quot.sound]
Aiyagari1994.Probes.zero_fixed_point :
  ContractingWith.fixedPoint (fun (x : Aiyagari1994.Probes.ValueSpace) => 0) Aiyagari1994.Probes.zero_contraction = 0
'Aiyagari1994.Probes.zero_fixed_point' depends on axioms: [propext, Classical.choice, Quot.sound]
Aiyagari1994.Probes.bounded_test_integrable (μ : MeasureTheory.ProbabilityMeasure Aiyagari1994.Probes.State)
  (f : Aiyagari1994.Probes.ValueSpace) : MeasureTheory.Integrable ⇑f ↑μ
'Aiyagari1994.Probes.bounded_test_integrable' depends on axioms: [propext, Classical.choice, Quot.sound]
Aiyagari1994.Probes.pushforward_test (μ : MeasureTheory.ProbabilityMeasure Aiyagari1994.Probes.State)
  (g : Aiyagari1994.Probes.State → Aiyagari1994.Probes.State) (hg : Measurable g) (f : Aiyagari1994.Probes.ValueSpace) :
  MeasureTheory.Integrable ⇑f ↑(μ.map ⋯) ∧
    MeasureTheory.Integrable (fun (x : Aiyagari1994.Probes.State) => f (g x)) ↑μ ∧
      ∫ (y : Aiyagari1994.Probes.State), f y ∂↑(μ.map ⋯) = ∫ (x : Aiyagari1994.Probes.State), f (g x) ∂↑μ
'Aiyagari1994.Probes.pushforward_test' depends on axioms: [propext, Classical.choice, Quot.sound]
Aiyagari1994.Probes.kernel_composition
  (κ η : ProbabilityTheory.Kernel Aiyagari1994.Probes.State Aiyagari1994.Probes.State)
  [ProbabilityTheory.IsMarkovKernel κ] [ProbabilityTheory.IsMarkovKernel η] :
  ProbabilityTheory.IsMarkovKernel (η.comp κ)
'Aiyagari1994.Probes.kernel_composition' depends on axioms: [propext, Classical.choice, Quot.sound]
Aiyagari1994.Probes.kernel_identity (κ : ProbabilityTheory.Kernel Aiyagari1994.Probes.State Aiyagari1994.Probes.State) :
  κ.comp ProbabilityTheory.Kernel.id = κ
'Aiyagari1994.Probes.kernel_identity' depends on axioms: [propext, Classical.choice, Quot.sound]
Aiyagari1994.Probes.kernel_transport (μ : MeasureTheory.ProbabilityMeasure Aiyagari1994.Probes.State)
  (g : Aiyagari1994.Probes.State → Aiyagari1994.Probes.State) (hg : Measurable g) :
  (↑μ).bind ⇑(ProbabilityTheory.Kernel.deterministic g hg) = ↑(μ.map ⋯)
'Aiyagari1994.Probes.kernel_transport' depends on axioms: [propext, Classical.choice, Quot.sound]
Aiyagari1994.Probes.deterministic_markov (g : Aiyagari1994.Probes.State → Aiyagari1994.Probes.State)
  (hg : Measurable g) : ProbabilityTheory.IsMarkovKernel (ProbabilityTheory.Kernel.deterministic g hg)
'Aiyagari1994.Probes.deterministic_markov' depends on axioms: [propext, Classical.choice, Quot.sound]
Aiyagari1994.Probes.transport_mass (κ : ProbabilityTheory.Kernel Aiyagari1994.Probes.State Aiyagari1994.Probes.State)
  [ProbabilityTheory.IsMarkovKernel κ] (μ : MeasureTheory.ProbabilityMeasure Aiyagari1994.Probes.State) :
  ((↑μ).bind ⇑κ) Set.univ = 1
'Aiyagari1994.Probes.transport_mass' depends on axioms: [propext, Classical.choice, Quot.sound]
Aiyagari1994.Probes.weak_test_convergence (μs : ℕ → MeasureTheory.ProbabilityMeasure Aiyagari1994.Probes.State)
  (μ : MeasureTheory.ProbabilityMeasure Aiyagari1994.Probes.State) (h : Filter.Tendsto μs Filter.atTop (nhds μ))
  (f : Aiyagari1994.Probes.ValueSpace) :
  Filter.Tendsto (fun (n : ℕ) => ∫ (x : Aiyagari1994.Probes.State), f x ∂↑(μs n)) Filter.atTop
    (nhds (∫ (x : Aiyagari1994.Probes.State), f x ∂↑μ))
'Aiyagari1994.Probes.weak_test_convergence' depends on axioms: [propext, Classical.choice, Quot.sound]
Aiyagari1994.Probes.compact_interval_laws :
  CompactSpace (MeasureTheory.ProbabilityMeasure ↑Aiyagari1994.Probes.CompactInterval)
'Aiyagari1994.Probes.compact_interval_laws' depends on axioms: [propext, Classical.choice, Quot.sound]
Aiyagari1994.Probes.individual_law_tight (μ : MeasureTheory.ProbabilityMeasure Aiyagari1994.Probes.State) :
  MeasureTheory.IsTightMeasureSet {↑μ}
'Aiyagari1994.Probes.individual_law_tight' depends on axioms: [propext, Classical.choice, Quot.sound]
Aiyagari1994.Probes.tight_family_compact (S : Set (MeasureTheory.ProbabilityMeasure Aiyagari1994.Probes.State))
  (hS : MeasureTheory.IsTightMeasureSet {x : MeasureTheory.Measure Aiyagari1994.Probes.State | ∃ μ ∈ S, ↑μ = x}) :
  IsCompact (closure S)
'Aiyagari1994.Probes.tight_family_compact' depends on axioms: [propext, Classical.choice, Quot.sound]
Aiyagari1994.Probes.extended_zero_value : ∃ (q : Aiyagari1994.Probes.State → ENNReal), q 0 = ⊤
'Aiyagari1994.Probes.extended_zero_value' depends on axioms: [propext, Classical.choice, Quot.sound]
EXIT_STATUS=0
