'Aiyagari1994.Probes.State' depends on axioms: [propext, Classical.choice, Quot.sound]
'Aiyagari1994.Probes.ValueSpace' depends on axioms: [propext, Classical.choice, Quot.sound]
'Aiyagari1994.Probes.CompactInterval' depends on axioms: [propext, Classical.choice, Quot.sound]
'Aiyagari1994.Probes.value_complete' depends on axioms: [propext, Classical.choice, Quot.sound]
'Aiyagari1994.Probes.sup_distance' depends on axioms: [propext, Classical.choice, Quot.sound]
'Aiyagari1994.Probes.state_complete' depends on axioms: [propext, Classical.choice, Quot.sound]
'Aiyagari1994.Probes.state_separable' depends on axioms: [propext, Classical.choice, Quot.sound]
'Aiyagari1994.Probes.state_borel' depends on axioms: [propext, Classical.choice, Quot.sound]
'Aiyagari1994.Probes.state_measurable_id' depends on axioms: [propext, Classical.choice, Quot.sound]
'Aiyagari1994.Probes.banach_on_values' depends on axioms: [propext, Classical.choice, Quot.sound]
'Aiyagari1994.Probes.zero_contraction' depends on axioms: [propext, Classical.choice, Quot.sound]
'Aiyagari1994.Probes.zero_fixed_point' depends on axioms: [propext, Classical.choice, Quot.sound]
'Aiyagari1994.Probes.bounded_test_integrable' depends on axioms: [propext, Classical.choice, Quot.sound]
'Aiyagari1994.Probes.pushforward_test' depends on axioms: [propext, Classical.choice, Quot.sound]
'Aiyagari1994.Probes.kernel_composition' depends on axioms: [propext, Classical.choice, Quot.sound]
'Aiyagari1994.Probes.kernel_identity' depends on axioms: [propext, Classical.choice, Quot.sound]
'Aiyagari1994.Probes.kernel_transport' depends on axioms: [propext, Classical.choice, Quot.sound]
'Aiyagari1994.Probes.deterministic_markov' depends on axioms: [propext, Classical.choice, Quot.sound]
'Aiyagari1994.Probes.transport_mass' depends on axioms: [propext, Classical.choice, Quot.sound]
'Aiyagari1994.Probes.weak_test_convergence' depends on axioms: [propext, Classical.choice, Quot.sound]
'Aiyagari1994.Probes.compact_interval_laws' depends on axioms: [propext, Classical.choice, Quot.sound]
'Aiyagari1994.Probes.individual_law_tight' depends on axioms: [propext, Classical.choice, Quot.sound]
'Aiyagari1994.Probes.tight_family_compact' depends on axioms: [propext, Classical.choice, Quot.sound]
'Aiyagari1994.Probes.extended_zero_value' depends on axioms: [propext, Classical.choice, Quot.sound]
'Aiyagari1994.effectiveLimit' depends on axioms: [propext, Classical.choice, Quot.sound]
'Aiyagari1994.naturalLimit' depends on axioms: [propext, Classical.choice, Quot.sound]
'Aiyagari1994.effectiveLimit_nonneg' depends on axioms: [propext, Classical.choice, Quot.sound]
'Aiyagari1994.effectiveLimit_income_nonneg' depends on axioms: [propext, Classical.choice, Quot.sound]
'Aiyagari1994.effectiveLimit_eq_max' depends on axioms: [propext, Classical.choice, Quot.sound]
'Aiyagari1994.effectiveLimit_continuous' depends on axioms: [propext, Classical.choice, Quot.sound]
'Aiyagari1994.effectiveLimit_zero_neighborhood' depends on axioms: [propext, Classical.choice, Quot.sound]
'Aiyagari1994.naturalLimit_nonneg' depends on axioms: [propext, Classical.choice, Quot.sound]
'Aiyagari1994.naturalLimit_intercept' depends on axioms: [propext, Classical.choice, Quot.sound]
'Aiyagari1994.naturalLimit_income' depends on axioms: [propext, Classical.choice, Quot.sound]
'Aiyagari1994.naturalLimit_income_nonneg' depends on axioms: [propext, Classical.choice, Quot.sound]
'Aiyagari1994.naturalLimit_continuous' depends on axioms: [propext, Classical.choice, Quot.sound]
'Aiyagari1994.finiteCapPrices' depends on axioms: [propext, Classical.choice, Quot.sound]
'Aiyagari1994.naturalCapPrices' depends on axioms: [propext, Classical.choice, Quot.sound]
'Aiyagari1994.generated_resources_admissible' depends on axioms: [propext, Classical.choice, Quot.sound]
'Aiyagari1994.effectiveLimit_admissible_continuous' depends on axioms: [propext, Classical.choice, Quot.sound]
'Aiyagari1994.shifted_budget_equality_iff' depends on axioms: [propext, Classical.choice, Quot.sound]
'Aiyagari1994.shifted_borrowing_iff' depends on axioms: [propext, Classical.choice, Quot.sound]
'Aiyagari1994.shifted_budget_iff' depends on axioms: [propext, Classical.choice, Quot.sound]
'Aiyagari1994.next_resource_identity' depends on axioms: [propext, Classical.choice, Quot.sound]
'Aiyagari1994.original_normalized_coordinates' depends on axioms: [propext, Classical.choice, Quot.sound]
'Aiyagari1994.Resources' depends on axioms: [propext, Classical.choice, Quot.sound]
'Aiyagari1994.UtilityData' depends on axioms: [propext, Classical.choice, Quot.sound]
'Aiyagari1994.UtilityBase' depends on axioms: [propext, Classical.choice, Quot.sound]
'Aiyagari1994.UtilitySmooth' depends on axioms: [propext, Classical.choice, Quot.sound]
'Aiyagari1994.UtilityCurvature' depends on axioms: [propext, Classical.choice, Quot.sound]
'Aiyagari1994.Labor' depends on axioms: [propext, Classical.choice, Quot.sound]
'Aiyagari1994.IncomeData' depends on axioms: [propext, Classical.choice, Quot.sound]
'Aiyagari1994.IncomeData.Labor' depends on axioms: [propext, Classical.choice, Quot.sound]
'Aiyagari1994.IncomeSupport' depends on axioms: [propext, Classical.choice, Quot.sound]
'Aiyagari1994.IncomeNondegenerate' depends on axioms: [propext, Classical.choice, Quot.sound]
'Aiyagari1994.labor_integrable' depends on axioms: [propext, Classical.choice, Quot.sound]
'Aiyagari1994.LaborMeanOne' depends on axioms: [propext, Classical.choice, Quot.sound]
'Aiyagari1994.historyLaw' depends on axioms: [propext, Classical.choice, Quot.sound]
'Aiyagari1994.history_probability' depends on axioms: [propext, Classical.choice, Quot.sound]
'Aiyagari1994.history_marginal' depends on axioms: [propext, Classical.choice, Quot.sound]
'Aiyagari1994.history_independent' depends on axioms: [propext, Classical.choice, Quot.sound]
'Aiyagari1994.history_step' depends on axioms: [propext, Classical.choice, Quot.sound]
'Aiyagari1994.NormalizedPrices' depends on axioms: [propext, Classical.choice, Quot.sound]
'Aiyagari1994.OriginalPrices' depends on axioms: [propext, Classical.choice, Quot.sound]
'Aiyagari1994.OriginalPrices.normalized' depends on axioms: [propext, Classical.choice, Quot.sound]
'Aiyagari1994.NormalizedPrices.effectiveIncome' depends on axioms: [propext, Classical.choice, Quot.sound]
'Aiyagari1994.NormalizedPrices.nextResources' depends on axioms: [propext, Classical.choice, Quot.sound]
'Aiyagari1994.HouseholdPrimitives' depends on axioms: [propext, Classical.choice, Quot.sound]
'Aiyagari1994.CoreRegularity' depends on axioms: [propext, Classical.choice, Quot.sound]
'Aiyagari1994.witnessOriginalPrices' depends on axioms: [propext, Classical.choice, Quot.sound]
'Aiyagari1994.witnessModel' depends on axioms: [propext, Classical.choice, Quot.sound]
'Aiyagari1994.witness_core_regular' depends on axioms: [propext, Classical.choice, Quot.sound]
'Aiyagari1994.corePrimitives_nonempty' depends on axioms: [propext, Classical.choice, Quot.sound]
'Aiyagari1994.WitnessLabor' depends on axioms: [propext, Classical.choice, Quot.sound]
'Aiyagari1994.witnessLow' depends on axioms: [propext, Classical.choice, Quot.sound]
'Aiyagari1994.witnessHigh' depends on axioms: [propext, Classical.choice, Quot.sound]
'Aiyagari1994.witnessMeasure' depends on axioms: [propext, Classical.choice, Quot.sound]
'Aiyagari1994.witness_measure_probability' depends on axioms: [propext, Classical.choice, Quot.sound]
'Aiyagari1994.witnessIncome' depends on axioms: [propext, Classical.choice, Quot.sound]
'Aiyagari1994.witness_low_mass' depends on axioms: [propext, Classical.choice, Quot.sound]
'Aiyagari1994.witness_high_mass' depends on axioms: [propext, Classical.choice, Quot.sound]
'Aiyagari1994.witness_only_endpoints' depends on axioms: [propext, Classical.choice, Quot.sound]
'Aiyagari1994.witness_support_exact' depends on axioms: [propext, Classical.choice, Quot.sound]
'Aiyagari1994.witness_income_support' depends on axioms: [propext, Classical.choice, Quot.sound]
'Aiyagari1994.witness_income_nondegenerate' depends on axioms: [propext, Classical.choice, Quot.sound]
'Aiyagari1994.witness_labor_mean' depends on axioms: [propext, Classical.choice, Quot.sound]
'Aiyagari1994.witness_mean_one' depends on axioms: [propext, Classical.choice, Quot.sound]
'Aiyagari1994.witnessUtility' depends on axioms: [propext, Classical.choice, Quot.sound]
'Aiyagari1994.witness_utility_continuous' depends on axioms: [propext, Classical.choice, Quot.sound]
'Aiyagari1994.witness_utility_bounds' depends on axioms: [propext, Classical.choice, Quot.sound]
'Aiyagari1994.witness_utility_hasDerivAt' depends on axioms: [propext, Classical.choice, Quot.sound]
'Aiyagari1994.witness_utility_deriv' depends on axioms: [propext, Classical.choice, Quot.sound]
'Aiyagari1994.witness_utility_second_hasDerivAt' depends on axioms: [propext, Classical.choice, Quot.sound]
'Aiyagari1994.witness_utility_second' depends on axioms: [propext, Classical.choice, Quot.sound]
'Aiyagari1994.witness_utility_contDiff' depends on axioms: [propext, Classical.choice, Quot.sound]
'Aiyagari1994.witness_utility_strictMono' depends on axioms: [propext, Classical.choice, Quot.sound]
'Aiyagari1994.witness_utility_strictConcave' depends on axioms: [propext, Classical.choice, Quot.sound]
'Aiyagari1994.witness_relative_risk_aversion' depends on axioms: [propext, Classical.choice, Quot.sound]
'Aiyagari1994.witness_utility_base' depends on axioms: [propext, Classical.choice, Quot.sound]
'Aiyagari1994.witness_utility_smooth' depends on axioms: [propext, Classical.choice, Quot.sound]
'Aiyagari1994.witness_utility_curvature' depends on axioms: [propext, Classical.choice, Quot.sound]
'Aiyagari1994.compactMax' depends on axioms: [propext, Classical.choice, Quot.sound]
'Aiyagari1994.compactMax_continuous' depends on axioms: [propext, Classical.choice, Quot.sound]
'Aiyagari1994.compactMax_attained' depends on axioms: [propext, Classical.choice, Quot.sound]
'Aiyagari1994.le_compactMax' depends on axioms: [propext, Classical.choice, Quot.sound]
'Aiyagari1994.compactMax_le' depends on axioms: [propext, Classical.choice, Quot.sound]
'Aiyagari1994.compact_unique_argmax_continuous' depends on axioms: [propext, Classical.choice, Quot.sound]
'Aiyagari1994.ValueSpace' depends on axioms: [propext, Classical.choice, Quot.sound]
'Aiyagari1994.UnitShare' depends on axioms: [propext, Classical.choice, Quot.sound]
'Aiyagari1994.unitShare_nonempty' depends on axioms: [propext, Classical.choice, Quot.sound]
'Aiyagari1994.continuation' depends on axioms: [propext, Classical.choice, Quot.sound]
'Aiyagari1994.nextResources_continuous' depends on axioms: [propext, Classical.choice, Quot.sound]
'Aiyagari1994.continuation_integrand_continuous' depends on axioms: [propext, Classical.choice, Quot.sound]
'Aiyagari1994.continuation_integrand_bound' depends on axioms: [propext, Classical.choice, Quot.sound]
'Aiyagari1994.continuation_integrable' depends on axioms: [propext, Classical.choice, Quot.sound]
'Aiyagari1994.continuation_continuous' depends on axioms: [propext, Classical.choice, Quot.sound]
'Aiyagari1994.continuation_bound' depends on axioms: [propext, Classical.choice, Quot.sound]
'Aiyagari1994.bellmanObjective' depends on axioms: [propext, Classical.choice, Quot.sound]
'Aiyagari1994.bellmanObjective_feasible' depends on axioms: [propext, Classical.choice, Quot.sound]
'Aiyagari1994.bellmanObjective_continuous' depends on axioms: [propext, Classical.choice, Quot.sound]
'Aiyagari1994.shareObjective' depends on axioms: [propext, Classical.choice, Quot.sound]
'Aiyagari1994.shareObjective_continuous' depends on axioms: [propext, Classical.choice, Quot.sound]
'Aiyagari1994.share_feasible' depends on axioms: [propext, Classical.choice, Quot.sound]
'Aiyagari1994.feasible_share' depends on axioms: [propext, Classical.choice, Quot.sound]
'Aiyagari1994.bellmanValue' depends on axioms: [propext, Classical.choice, Quot.sound]
'Aiyagari1994.bellmanValue_attained' depends on axioms: [propext, Classical.choice, Quot.sound]
'Aiyagari1994.objective_le_bellmanValue' depends on axioms: [propext, Classical.choice, Quot.sound]
'Aiyagari1994.bellmanValue_bound' depends on axioms: [propext, Classical.choice, Quot.sound]
'Aiyagari1994.bellmanOperator' depends on axioms: [propext, Classical.choice, Quot.sound]
'Aiyagari1994.bellmanOperator_apply' depends on axioms: [propext, Classical.choice, Quot.sound]
'Aiyagari1994.continuation_sub_bound' depends on axioms: [propext, Classical.choice, Quot.sound]
'Aiyagari1994.objective_sub_bound' depends on axioms: [propext, Classical.choice, Quot.sound]
'Aiyagari1994.bellmanValue_sub_le' depends on axioms: [propext, Classical.choice, Quot.sound]
'Aiyagari1994.bellman_pointwise_contraction' depends on axioms: [propext, Classical.choice, Quot.sound]
'Aiyagari1994.bellman_norm_contraction' depends on axioms: [propext, Classical.choice, Quot.sound]
'Aiyagari1994.bellman_selfmap_contracting' depends on axioms: [propext, Classical.choice, Quot.sound]
'Aiyagari1994.valueFunction' depends on axioms: [propext, Classical.choice, Quot.sound]
'Aiyagari1994.valueFunction_fixedPoint' depends on axioms: [propext, Classical.choice, Quot.sound]
'Aiyagari1994.valueFunction_unique' depends on axioms: [propext, Classical.choice, Quot.sound]
'Aiyagari1994.valueIteration_tendsto' depends on axioms: [propext, Classical.choice, Quot.sound]
'Aiyagari1994.valueIteration_uniform' depends on axioms: [propext, Classical.choice, Quot.sound]
'Aiyagari1994.utilityRange' depends on axioms: [propext, Classical.choice, Quot.sound]
'Aiyagari1994.utilityInf' depends on axioms: [propext, Classical.choice, Quot.sound]
'Aiyagari1994.utilitySup' depends on axioms: [propext, Classical.choice, Quot.sound]
'Aiyagari1994.utilityRange_nonempty' depends on axioms: [propext, Classical.choice, Quot.sound]
'Aiyagari1994.utilityRange_bounded' depends on axioms: [propext, Classical.choice, Quot.sound]
'Aiyagari1994.utility_bounds' depends on axioms: [propext, Classical.choice, Quot.sound]
'Aiyagari1994.valueRange_bounded' depends on axioms: [propext, Classical.choice, Quot.sound]
'Aiyagari1994.continuation_range_bounds' depends on axioms: [propext, Classical.choice, Quot.sound]
'Aiyagari1994.valueFunction_bounds' depends on axioms: [propext, Classical.choice, Quot.sound]
'Aiyagari1994.valueFunction_unique_fixedPoint' depends on axioms: [propext, Classical.choice, Quot.sound]
'Aiyagari1994.NNRealConcave' depends on axioms: [propext, Classical.choice, Quot.sound]
'Aiyagari1994.NNRealConcave.real_combination' depends on axioms: [propext, Classical.choice, Quot.sound]
'Aiyagari1994.nnrealConcave_zero' depends on axioms: [propext, Classical.choice, Quot.sound]
'Aiyagari1994.transition_convex_combination' depends on axioms: [propext, Classical.choice, Quot.sound]
'Aiyagari1994.continuation_concave' depends on axioms: [propext, Classical.choice, Quot.sound]
'Aiyagari1994.objective_convex_combination' depends on axioms: [propext, Classical.choice, Quot.sound]
'Aiyagari1994.bellman_preserves_concavity' depends on axioms: [propext, Classical.choice, Quot.sound]
'Aiyagari1994.bellman_strictMono' depends on axioms: [propext, Classical.choice, Quot.sound]
'Aiyagari1994.bellman_preserves_monotonicity' depends on axioms: [propext, Classical.choice, Quot.sound]
'Aiyagari1994.valueIteration_concave' depends on axioms: [propext, Classical.choice, Quot.sound]
'Aiyagari1994.valueIteration_monotone' depends on axioms: [propext, Classical.choice, Quot.sound]
'Aiyagari1994.valueFunction_concave' depends on axioms: [propext, Classical.choice, Quot.sound]
'Aiyagari1994.valueFunction_monotone' depends on axioms: [propext, Classical.choice, Quot.sound]
'Aiyagari1994.valueFunction_strictMono' depends on axioms: [propext, Classical.choice, Quot.sound]
'Aiyagari1994.valueFunction_concave_strictMono' depends on axioms: [propext, Classical.choice, Quot.sound]
'Aiyagari1994.AssetOptimal' depends on axioms: [propext, Classical.choice, Quot.sound]
'Aiyagari1994.assetOptimal_exists' depends on axioms: [propext, Classical.choice, Quot.sound]
'Aiyagari1994.objective_strictConcave_assets' depends on axioms: [propext, Classical.choice, Quot.sound]
'Aiyagari1994.assetOptimal_unique' depends on axioms: [propext, Classical.choice, Quot.sound]
'Aiyagari1994.assetOptimal_existsUnique' depends on axioms: [propext, Classical.choice, Quot.sound]
'Aiyagari1994.assetPolicy' depends on axioms: [propext, Classical.choice, Quot.sound]
'Aiyagari1994.assetPolicy_optimal' depends on axioms: [propext, Classical.choice, Quot.sound]
'Aiyagari1994.assetPolicy_le_state' depends on axioms: [propext, Classical.choice, Quot.sound]
'Aiyagari1994.assetPolicy_maximizes' depends on axioms: [propext, Classical.choice, Quot.sound]
'Aiyagari1994.assetOptimal_iff_maximizes' depends on axioms: [propext, Classical.choice, Quot.sound]
'Aiyagari1994.assetPolicy_existsUnique_maximizer' depends on axioms: [propext, Classical.choice, Quot.sound]
'Aiyagari1994.assetPolicy_zero' depends on axioms: [propext, Classical.choice, Quot.sound]
'Aiyagari1994.PositiveResources' depends on axioms: [propext, Classical.choice, Quot.sound]
'Aiyagari1994.positiveAssetShare' depends on axioms: [propext, Classical.choice, Quot.sound]
'Aiyagari1994.positiveAssetShare_mul' depends on axioms: [propext, Classical.choice, Quot.sound]
'Aiyagari1994.positiveAssetShare_continuous' depends on axioms: [propext, Classical.choice, Quot.sound]
'Aiyagari1994.assetPolicy_continuous_positive' depends on axioms: [propext, Classical.choice, Quot.sound]
'Aiyagari1994.assetPolicy_continuous' depends on axioms: [propext, Classical.choice, Quot.sound]
'Aiyagari1994.consumptionPolicy' depends on axioms: [propext, Classical.choice, Quot.sound]
'Aiyagari1994.consumptionPolicy_coe' depends on axioms: [propext, Classical.choice, Quot.sound]
'Aiyagari1994.consumptionPolicy_budget' depends on axioms: [propext, Classical.choice, Quot.sound]
'Aiyagari1994.consumptionPolicy_continuous' depends on axioms: [propext, Classical.choice, Quot.sound]
'Aiyagari1994.assetPolicy_unique_continuous' depends on axioms: [propext, Classical.choice, Quot.sound]
EXIT_STATUS=0
