⚠ [2644/2645] Built Aiyagari1994.Analysis.ParametricMax (7.1s)
warning: Aiyagari1994/Analysis/ParametricMax.lean:16:0: automatically included section variable(s) unused in theorem `Aiyagari1994.compactMax_continuous`:
  [Nonempty K]
consider restructuring your `variable` declarations so that the variables are not in scope or explicitly omit them:
  omit [Nonempty K] in theorem ...

Note: This linter can be disabled with `set_option linter.unusedSectionVars false`
✖ [2645/2645] Building Aiyagari1994.Household.Bellman (2.6s)
trace: .> LEAN_PATH=/Users/davidxu/Documents/lean4tutorial/Lean4Tutorial/i003_replicate_aiyagari_v2/.lake/packages/Cli/.lake/build/lib/lean:/Users/davidxu/Documents/lean4tutorial/Lean4Tutorial/i003_replicate_aiyagari_v2/.lake/packages/batteries/.lake/build/lib/lean:/Users/davidxu/Documents/lean4tutorial/Lean4Tutorial/i003_replicate_aiyagari_v2/.lake/packages/Qq/.lake/build/lib/lean:/Users/davidxu/Documents/lean4tutorial/Lean4Tutorial/i003_replicate_aiyagari_v2/.lake/packages/aesop/.lake/build/lib/lean:/Users/davidxu/Documents/lean4tutorial/Lean4Tutorial/i003_replicate_aiyagari_v2/.lake/packages/proofwidgets/.lake/build/lib/lean:/Users/davidxu/Documents/lean4tutorial/Lean4Tutorial/i003_replicate_aiyagari_v2/.lake/packages/importGraph/.lake/build/lib/lean:/Users/davidxu/Documents/lean4tutorial/Lean4Tutorial/i003_replicate_aiyagari_v2/.lake/packages/LeanSearchClient/.lake/build/lib/lean:/Users/davidxu/Documents/lean4tutorial/Lean4Tutorial/i003_replicate_aiyagari_v2/.lake/packages/plausible/.lake/build/lib/lean:/Users/davidxu/Documents/lean4tutorial/Lean4Tutorial/i003_replicate_aiyagari_v2/.lake/packages/mathlib/.lake/build/lib/lean:/Users/davidxu/Documents/lean4tutorial/Lean4Tutorial/i003_replicate_aiyagari_v2/.lake/build/lib/lean /Users/davidxu/.elan/toolchains/leanprover--lean4---v4.32.0/bin/lean /Users/davidxu/Documents/lean4tutorial/Lean4Tutorial/i003_replicate_aiyagari_v2/Aiyagari1994/Household/Bellman.lean -o /Users/davidxu/Documents/lean4tutorial/Lean4Tutorial/i003_replicate_aiyagari_v2/.lake/build/lib/lean/Aiyagari1994/Household/Bellman.olean -i /Users/davidxu/Documents/lean4tutorial/Lean4Tutorial/i003_replicate_aiyagari_v2/.lake/build/lib/lean/Aiyagari1994/Household/Bellman.ilean -c /Users/davidxu/Documents/lean4tutorial/Lean4Tutorial/i003_replicate_aiyagari_v2/.lake/build/ir/Aiyagari1994/Household/Bellman.c --setup /Users/davidxu/Documents/lean4tutorial/Lean4Tutorial/i003_replicate_aiyagari_v2/.lake/build/ir/Aiyagari1994/Household/Bellman.setup.json --json
error: Aiyagari1994/Household/Bellman.lean:37:4: Application type mismatch: The argument
  Continuous.comp (BoundedContinuousFunction.continuous v) (nextResources_continuous m)
has type
  Continuous (⇑v ∘ fun p => m.prices.nextResources p.1 p.2)
but is expected to have type
  Continuous[instTopologicalSpaceProd, PseudoMetricSpace.toUniformSpace.toTopologicalSpace] (Function.uncurry ?m.21)
in the application
  @continuous_parametric_integral_of_continuous ↑(Labor m.income.lower m.income.upper) ?m.8 ?m.9 ?m.10 ?m.11
    Subtype.instMeasurableSpace ?m.13 ↑m.income.law ?m.15 ?m.16 ?m.17 ?m.18 ?m.19 ?m.20 ?m.21
    (Continuous.comp (BoundedContinuousFunction.continuous v) (nextResources_continuous m))
error: Aiyagari1994/Household/Bellman.lean:34:37: unsolved goals
m : HouseholdPrimitives
v : ValueSpace
⊢ Continuous (continuation m v)
error: Aiyagari1994/Household/Bellman.lean:78:45: Function expected at
  zero_le
but this term has type
  0 ≤ ?m.44

Note: Expected a function because this term is being applied to the argument
  a
error: Aiyagari1994/Household/Bellman.lean:80:20: Function expected at
  zero_le
but this term has type
  0 ≤ ?m.78

Note: Expected a function because this term is being applied to the argument
  _
warning: Aiyagari1994/Household/Bellman.lean:151:18: 'change _ ≤ _' tactic does nothing

Note: This linter can be disabled with `set_option linter.unusedTactic false`
error: Aiyagari1994/Household/Bellman.lean:163:2: Type mismatch: After simplification, term
  bellman_norm_contraction m v w
 has type
  @LE.le ℝ Real.instLE ‖bellmanOperator m v - bellmanOperator m w‖ (m.beta * ‖v - w‖)
but is expected to have type
  @LE.le ℝ Real.instLE ‖bellmanOperator m v - bellmanOperator m w‖ (↑⟨m.beta, ⋯⟩ * ‖v - w‖)
error: Lean exited with code 1
Some required targets logged failures:
- Aiyagari1994.Household.Bellman
error: build failed
