⚠ [2644/2646] Built Aiyagari1994.Analysis.ParametricMax (9.7s)
warning: Aiyagari1994/Analysis/ParametricMax.lean:42:0: automatically included section variable(s) unused in theorem `Aiyagari1994.compact_unique_argmax_continuous`:
  [Nonempty K]
consider restructuring your `variable` declarations so that the variables are not in scope or explicitly omit them:
  omit [Nonempty K] in theorem ...

Note: This linter can be disabled with `set_option linter.unusedSectionVars false`
✔ [2645/2646] Built Aiyagari1994.Household.Bellman (2.8s)
✖ [2646/2646] Building Aiyagari1994.Household.Value (2.4s)
trace: .> LEAN_PATH=/Users/davidxu/Documents/lean4tutorial/Lean4Tutorial/i003_replicate_aiyagari_v2/.lake/packages/Cli/.lake/build/lib/lean:/Users/davidxu/Documents/lean4tutorial/Lean4Tutorial/i003_replicate_aiyagari_v2/.lake/packages/batteries/.lake/build/lib/lean:/Users/davidxu/Documents/lean4tutorial/Lean4Tutorial/i003_replicate_aiyagari_v2/.lake/packages/Qq/.lake/build/lib/lean:/Users/davidxu/Documents/lean4tutorial/Lean4Tutorial/i003_replicate_aiyagari_v2/.lake/packages/aesop/.lake/build/lib/lean:/Users/davidxu/Documents/lean4tutorial/Lean4Tutorial/i003_replicate_aiyagari_v2/.lake/packages/proofwidgets/.lake/build/lib/lean:/Users/davidxu/Documents/lean4tutorial/Lean4Tutorial/i003_replicate_aiyagari_v2/.lake/packages/importGraph/.lake/build/lib/lean:/Users/davidxu/Documents/lean4tutorial/Lean4Tutorial/i003_replicate_aiyagari_v2/.lake/packages/LeanSearchClient/.lake/build/lib/lean:/Users/davidxu/Documents/lean4tutorial/Lean4Tutorial/i003_replicate_aiyagari_v2/.lake/packages/plausible/.lake/build/lib/lean:/Users/davidxu/Documents/lean4tutorial/Lean4Tutorial/i003_replicate_aiyagari_v2/.lake/packages/mathlib/.lake/build/lib/lean:/Users/davidxu/Documents/lean4tutorial/Lean4Tutorial/i003_replicate_aiyagari_v2/.lake/build/lib/lean /Users/davidxu/.elan/toolchains/leanprover--lean4---v4.32.0/bin/lean /Users/davidxu/Documents/lean4tutorial/Lean4Tutorial/i003_replicate_aiyagari_v2/Aiyagari1994/Household/Value.lean -o /Users/davidxu/Documents/lean4tutorial/Lean4Tutorial/i003_replicate_aiyagari_v2/.lake/build/lib/lean/Aiyagari1994/Household/Value.olean -i /Users/davidxu/Documents/lean4tutorial/Lean4Tutorial/i003_replicate_aiyagari_v2/.lake/build/lib/lean/Aiyagari1994/Household/Value.ilean -c /Users/davidxu/Documents/lean4tutorial/Lean4Tutorial/i003_replicate_aiyagari_v2/.lake/build/ir/Aiyagari1994/Household/Value.c --setup /Users/davidxu/Documents/lean4tutorial/Lean4Tutorial/i003_replicate_aiyagari_v2/.lake/build/ir/Aiyagari1994/Household/Value.setup.json --json
warning: Aiyagari1994/Household/Value.lean:156:16: `mul_le_mul_left'` has been deprecated: Use `mul_le_mul_right` instead
warning: Aiyagari1994/Household/Value.lean:156:40: `mul_le_mul_left'` has been deprecated: Use `mul_le_mul_right` instead
error: Aiyagari1994/Household/Value.lean:167:6: Tactic `rewrite` failed: Did not find an occurrence of the pattern
  ↑a * (↑x - ↑s) + ↑b * (↑y - ↑t)
in the target expression
  ↑a * m.utility.utility (↑x - ↑s) + ↑b * m.utility.utility (↑y - ↑t) ≤
    m.utility.utility (↑a * (↑x - ↑s) + ↑b * (↑y - ↑t))

m : HouseholdPrimitives
v : ValueSpace
hv : NNRealConcave ⇑v
x y s t a b : Resources
hs : s ≤ x
ht : t ≤ y
hab : a + b = 1
hf : a * s + b * t ≤ a * x + b * y
hr : ↑a + ↑b = 1
hu :
  ↑a * m.utility.utility (↑x - ↑s) + ↑b * m.utility.utility (↑y - ↑t) ≤
    m.utility.utility (↑a * (↑x - ↑s) + ↑b * (↑y - ↑t))
he : ↑a * (↑x - ↑s) + ↑b * (↑y - ↑t) = ↑(a * x + b * y) - ↑(a * s + b * t)
⊢ ↑a * (m.utility.utility (↑x - ↑s) + m.beta * continuation m v s) +
      ↑b * (m.utility.utility (↑y - ↑t) + m.beta * continuation m v t) ≤
    m.utility.utility (↑(a * x + b * y) - ↑(a * s + b * t)) + m.beta * continuation m v (a * s + b * t)

Note: The target expression is not type-correct under the `instances` transparency level, which may have triggered the failure. This is usually caused by unfolding of semireducible definitions in prior tactic steps. Use `set_option linter.tacticCheckInstances true` to investigate the source of the issue.
Full error:
  Application type mismatch: The argument
    a
  has type
    Resources
  but is expected to have type
    { r // 0 ≤ r }
  in the application
    ↑a
warning: Aiyagari1994/Household/Value.lean:177:16: `mul_le_mul_left'` has been deprecated: Use `mul_le_mul_right` instead
warning: Aiyagari1994/Household/Value.lean:177:40: `mul_le_mul_left'` has been deprecated: Use `mul_le_mul_right` instead
error: Lean exited with code 1
Some required targets logged failures:
- Aiyagari1994.Household.Value
error: build failed
