Direct Audit.lean exit 0; assert_no_sorry is silent on success.
PASS Aiyagari1994.Probes.State
PASS Aiyagari1994.Probes.ValueSpace
PASS Aiyagari1994.Probes.CompactInterval
PASS Aiyagari1994.Probes.value_complete
PASS Aiyagari1994.Probes.sup_distance
PASS Aiyagari1994.Probes.state_complete
PASS Aiyagari1994.Probes.state_separable
PASS Aiyagari1994.Probes.state_borel
PASS Aiyagari1994.Probes.state_measurable_id
PASS Aiyagari1994.Probes.banach_on_values
PASS Aiyagari1994.Probes.zero_contraction
PASS Aiyagari1994.Probes.zero_fixed_point
PASS Aiyagari1994.Probes.bounded_test_integrable
PASS Aiyagari1994.Probes.pushforward_test
PASS Aiyagari1994.Probes.kernel_composition
PASS Aiyagari1994.Probes.kernel_identity
PASS Aiyagari1994.Probes.kernel_transport
PASS Aiyagari1994.Probes.deterministic_markov
PASS Aiyagari1994.Probes.transport_mass
PASS Aiyagari1994.Probes.weak_test_convergence
PASS Aiyagari1994.Probes.compact_interval_laws
PASS Aiyagari1994.Probes.individual_law_tight
PASS Aiyagari1994.Probes.tight_family_compact
PASS Aiyagari1994.Probes.extended_zero_value
PASS Aiyagari1994.effectiveLimit
PASS Aiyagari1994.naturalLimit
PASS Aiyagari1994.effectiveLimit_nonneg
PASS Aiyagari1994.effectiveLimit_income_nonneg
PASS Aiyagari1994.effectiveLimit_eq_max
PASS Aiyagari1994.effectiveLimit_continuous
PASS Aiyagari1994.effectiveLimit_zero_neighborhood
PASS Aiyagari1994.naturalLimit_nonneg
PASS Aiyagari1994.naturalLimit_intercept
PASS Aiyagari1994.naturalLimit_income
PASS Aiyagari1994.naturalLimit_income_nonneg
PASS Aiyagari1994.naturalLimit_continuous
PASS Aiyagari1994.finiteCapPrices
PASS Aiyagari1994.naturalCapPrices
PASS Aiyagari1994.generated_resources_admissible
PASS Aiyagari1994.effectiveLimit_admissible_continuous
PASS Aiyagari1994.shifted_budget_equality_iff
PASS Aiyagari1994.shifted_borrowing_iff
PASS Aiyagari1994.shifted_budget_iff
PASS Aiyagari1994.next_resource_identity
PASS Aiyagari1994.original_normalized_coordinates
PASS Aiyagari1994.Resources
PASS Aiyagari1994.UtilityData
PASS Aiyagari1994.UtilityBase
PASS Aiyagari1994.UtilitySmooth
PASS Aiyagari1994.UtilityCurvature
PASS Aiyagari1994.Labor
PASS Aiyagari1994.IncomeData
PASS Aiyagari1994.IncomeData.Labor
PASS Aiyagari1994.IncomeSupport
PASS Aiyagari1994.IncomeNondegenerate
PASS Aiyagari1994.labor_integrable
PASS Aiyagari1994.LaborMeanOne
PASS Aiyagari1994.historyLaw
PASS Aiyagari1994.history_probability
PASS Aiyagari1994.history_marginal
PASS Aiyagari1994.history_independent
PASS Aiyagari1994.history_step
PASS Aiyagari1994.NormalizedPrices
PASS Aiyagari1994.OriginalPrices
PASS Aiyagari1994.OriginalPrices.normalized
PASS Aiyagari1994.NormalizedPrices.effectiveIncome
PASS Aiyagari1994.NormalizedPrices.nextResources
PASS Aiyagari1994.HouseholdPrimitives
PASS Aiyagari1994.CoreRegularity
PASS Aiyagari1994.witnessOriginalPrices
PASS Aiyagari1994.witnessModel
PASS Aiyagari1994.witness_core_regular
PASS Aiyagari1994.corePrimitives_nonempty
PASS Aiyagari1994.WitnessLabor
PASS Aiyagari1994.witnessLow
PASS Aiyagari1994.witnessHigh
PASS Aiyagari1994.witnessMeasure
PASS Aiyagari1994.witness_measure_probability
PASS Aiyagari1994.witnessIncome
PASS Aiyagari1994.witness_low_mass
PASS Aiyagari1994.witness_high_mass
PASS Aiyagari1994.witness_only_endpoints
PASS Aiyagari1994.witness_support_exact
PASS Aiyagari1994.witness_income_support
PASS Aiyagari1994.witness_income_nondegenerate
PASS Aiyagari1994.witness_labor_mean
PASS Aiyagari1994.witness_mean_one
PASS Aiyagari1994.witnessUtility
PASS Aiyagari1994.witness_utility_continuous
PASS Aiyagari1994.witness_utility_bounds
PASS Aiyagari1994.witness_utility_hasDerivAt
PASS Aiyagari1994.witness_utility_deriv
PASS Aiyagari1994.witness_utility_second_hasDerivAt
PASS Aiyagari1994.witness_utility_second
PASS Aiyagari1994.witness_utility_contDiff
PASS Aiyagari1994.witness_utility_strictMono
PASS Aiyagari1994.witness_utility_strictConcave
PASS Aiyagari1994.witness_relative_risk_aversion
PASS Aiyagari1994.witness_utility_base
PASS Aiyagari1994.witness_utility_smooth
PASS Aiyagari1994.witness_utility_curvature
EXIT_STATUS=0
